Archive member included to satisfy reference by file (symbol)

d:/bigprogram/stm32 ide/stm32cubeide_1.10.1/stm32cubeide/plugins/com.st.stm32cube.ide.mcu.externaltools.gnu-tools-for-stm32.10.3-2021.10.win32_1.0.100.202210260954/tools/bin/../lib/gcc/arm-none-eabi/10.3.1/../../../../arm-none-eabi/lib/thumb/v7-m/nofp\libc.a(lib_a-errno.o)
                              ./Core/Src/syscalls.o (__errno)
d:/bigprogram/stm32 ide/stm32cubeide_1.10.1/stm32cubeide/plugins/com.st.stm32cube.ide.mcu.externaltools.gnu-tools-for-stm32.10.3-2021.10.win32_1.0.100.202210260954/tools/bin/../lib/gcc/arm-none-eabi/10.3.1/../../../../arm-none-eabi/lib/thumb/v7-m/nofp\libc.a(lib_a-exit.o)
                              d:/bigprogram/stm32 ide/stm32cubeide_1.10.1/stm32cubeide/plugins/com.st.stm32cube.ide.mcu.externaltools.gnu-tools-for-stm32.10.3-2021.10.win32_1.0.100.202210260954/tools/bin/../lib/gcc/arm-none-eabi/10.3.1/../../../../arm-none-eabi/lib/thumb/v7-m/nofp/crt0.o (exit)
d:/bigprogram/stm32 ide/stm32cubeide_1.10.1/stm32cubeide/plugins/com.st.stm32cube.ide.mcu.externaltools.gnu-tools-for-stm32.10.3-2021.10.win32_1.0.100.202210260954/tools/bin/../lib/gcc/arm-none-eabi/10.3.1/../../../../arm-none-eabi/lib/thumb/v7-m/nofp\libc.a(lib_a-impure.o)
                              d:/bigprogram/stm32 ide/stm32cubeide_1.10.1/stm32cubeide/plugins/com.st.stm32cube.ide.mcu.externaltools.gnu-tools-for-stm32.10.3-2021.10.win32_1.0.100.202210260954/tools/bin/../lib/gcc/arm-none-eabi/10.3.1/../../../../arm-none-eabi/lib/thumb/v7-m/nofp\libc.a(lib_a-exit.o) (_global_impure_ptr)
d:/bigprogram/stm32 ide/stm32cubeide_1.10.1/stm32cubeide/plugins/com.st.stm32cube.ide.mcu.externaltools.gnu-tools-for-stm32.10.3-2021.10.win32_1.0.100.202210260954/tools/bin/../lib/gcc/arm-none-eabi/10.3.1/../../../../arm-none-eabi/lib/thumb/v7-m/nofp\libc.a(lib_a-init.o)
                              d:/bigprogram/stm32 ide/stm32cubeide_1.10.1/stm32cubeide/plugins/com.st.stm32cube.ide.mcu.externaltools.gnu-tools-for-stm32.10.3-2021.10.win32_1.0.100.202210260954/tools/bin/../lib/gcc/arm-none-eabi/10.3.1/../../../../arm-none-eabi/lib/thumb/v7-m/nofp/crt0.o (__libc_init_array)
d:/bigprogram/stm32 ide/stm32cubeide_1.10.1/stm32cubeide/plugins/com.st.stm32cube.ide.mcu.externaltools.gnu-tools-for-stm32.10.3-2021.10.win32_1.0.100.202210260954/tools/bin/../lib/gcc/arm-none-eabi/10.3.1/../../../../arm-none-eabi/lib/thumb/v7-m/nofp\libc.a(lib_a-memset.o)
                              d:/bigprogram/stm32 ide/stm32cubeide_1.10.1/stm32cubeide/plugins/com.st.stm32cube.ide.mcu.externaltools.gnu-tools-for-stm32.10.3-2021.10.win32_1.0.100.202210260954/tools/bin/../lib/gcc/arm-none-eabi/10.3.1/../../../../arm-none-eabi/lib/thumb/v7-m/nofp/crt0.o (memset)
d:/bigprogram/stm32 ide/stm32cubeide_1.10.1/stm32cubeide/plugins/com.st.stm32cube.ide.mcu.externaltools.gnu-tools-for-stm32.10.3-2021.10.win32_1.0.100.202210260954/tools/bin/../lib/gcc/arm-none-eabi/10.3.1/../../../../arm-none-eabi/lib/thumb/v7-m/nofp\libc.a(lib_a-printf.o)
                              ./Core/Src/algorithm.o (printf)
d:/bigprogram/stm32 ide/stm32cubeide_1.10.1/stm32cubeide/plugins/com.st.stm32cube.ide.mcu.externaltools.gnu-tools-for-stm32.10.3-2021.10.win32_1.0.100.202210260954/tools/bin/../lib/gcc/arm-none-eabi/10.3.1/../../../../arm-none-eabi/lib/thumb/v7-m/nofp\libc.a(lib_a-strlen.o)
                              ./Core/Src/usart.o (strlen)
d:/bigprogram/stm32 ide/stm32cubeide_1.10.1/stm32cubeide/plugins/com.st.stm32cube.ide.mcu.externaltools.gnu-tools-for-stm32.10.3-2021.10.win32_1.0.100.202210260954/tools/bin/../lib/gcc/arm-none-eabi/10.3.1/../../../../arm-none-eabi/lib/thumb/v7-m/nofp\libc.a(lib_a-vfprintf.o)
                              d:/bigprogram/stm32 ide/stm32cubeide_1.10.1/stm32cubeide/plugins/com.st.stm32cube.ide.mcu.externaltools.gnu-tools-for-stm32.10.3-2021.10.win32_1.0.100.202210260954/tools/bin/../lib/gcc/arm-none-eabi/10.3.1/../../../../arm-none-eabi/lib/thumb/v7-m/nofp\libc.a(lib_a-printf.o) (_vfprintf_r)
d:/bigprogram/stm32 ide/stm32cubeide_1.10.1/stm32cubeide/plugins/com.st.stm32cube.ide.mcu.externaltools.gnu-tools-for-stm32.10.3-2021.10.win32_1.0.100.202210260954/tools/bin/../lib/gcc/arm-none-eabi/10.3.1/../../../../arm-none-eabi/lib/thumb/v7-m/nofp\libc.a(lib_a-vsprintf.o)
                              ./Core/Src/usart.o (vsprintf)
d:/bigprogram/stm32 ide/stm32cubeide_1.10.1/stm32cubeide/plugins/com.st.stm32cube.ide.mcu.externaltools.gnu-tools-for-stm32.10.3-2021.10.win32_1.0.100.202210260954/tools/bin/../lib/gcc/arm-none-eabi/10.3.1/../../../../arm-none-eabi/lib/thumb/v7-m/nofp\libc.a(lib_a-wsetup.o)
                              d:/bigprogram/stm32 ide/stm32cubeide_1.10.1/stm32cubeide/plugins/com.st.stm32cube.ide.mcu.externaltools.gnu-tools-for-stm32.10.3-2021.10.win32_1.0.100.202210260954/tools/bin/../lib/gcc/arm-none-eabi/10.3.1/../../../../arm-none-eabi/lib/thumb/v7-m/nofp\libc.a(lib_a-vfprintf.o) (__swsetup_r)
[...]
Memory Configuration

Name             Origin             Length             Attributes
RAM              0x0000000020000000 0x000000000000c000 xrw
FLASH            0x0000000008000000 0x0000000000040000 xr
*default*        0x0000000000000000 0xffffffffffffffff

Linker script and memory map

LOAD d:/bigprogram/stm32 ide/stm32cubeide_1.10.1/stm32cubeide/plugins/com.st.stm32cube.ide.mcu.externaltools.gnu-tools-for-stm32.10.3-2021.10.win32_1.0.100.202210260954/tools/bin/../lib/gcc/arm-none-eabi/10.3.1/thumb/v7-m/nofp/crti.o
LOAD d:/bigprogram/stm32 ide/stm32cubeide_1.10.1/stm32cubeide/plugins/com.st.stm32cube.ide.mcu.externaltools.gnu-tools-for-stm32.10.3-2021.10.win32_1.0.100.202210260954/tools/bin/../lib/gcc/arm-none-eabi/10.3.1/thumb/v7-m/nofp/crtbegin.o
LOAD d:/bigprogram/stm32 ide/stm32cubeide_1.10.1/stm32cubeide/plugins/com.st.stm32cube.ide.mcu.externaltools.gnu-tools-for-stm32.10.3-2021.10.win32_1.0.100.202210260954/tools/bin/../lib/gcc/arm-none-eabi/10.3.1/../../../../arm-none-eabi/lib/thumb/v7-m/nofp/crt0.o
LOAD ./Core/Src/algorithm.o
LOAD ./Core/Src/dma.o
LOAD ./Core/Src/gpio.o
LOAD ./Core/Src/main.o
LOAD ./Core/Src/motor.o
LOAD ./Core/Src/stm32f1xx_hal_msp.o
LOAD ./Core/Src/stm32f1xx_it.o
LOAD ./Core/Src/syscalls.o
LOAD ./Core/Src/sysmem.o
LOAD ./Core/Src/system_stm32f1xx.o
LOAD ./Core/Src/tim.o
LOAD ./Core/Src/usart.o
LOAD ./Core/Src/zigbee_edc24.o
LOAD ./Core/Startup/startup_stm32f103rctx.o
LOAD ./Drivers/STM32F1xx_HAL_Driver/Src/stm32f1xx_hal.o
LOAD ./Drivers/STM32F1xx_HAL_Driver/Src/stm32f1xx_hal_cortex.o
LOAD ./Drivers/STM32F1xx_HAL_Driver/Src/stm32f1xx_hal_dma.o
LOAD ./Drivers/STM32F1xx_HAL_Driver/Src/stm32f1xx_hal_exti.o
LOAD ./Drivers/STM32F1xx_HAL_Driver/Src/stm32f1xx_hal_flash.o
LOAD ./Drivers/STM32F1xx_HAL_Driver/Src/stm32f1xx_hal_flash_ex.o
LOAD ./Drivers/STM32F1xx_HAL_Driver/Src/stm32f1xx_hal_gpio.o
LOAD ./Drivers/STM32F1xx_HAL_Driver/Src/stm32f1xx_hal_gpio_ex.o
LOAD ./Drivers/STM32F1xx_HAL_Driver/Src/stm32f1xx_hal_pwr.o
LOAD ./Drivers/STM32F1xx_HAL_Driver/Src/stm32f1xx_hal_rcc.o
LOAD ./Drivers/STM32F1xx_HAL_Driver/Src/stm32f1xx_hal_rcc_ex.o
LOAD ./Drivers/STM32F1xx_HAL_Driver/Src/stm32f1xx_hal_tim.o
LOAD ./Drivers/STM32F1xx_HAL_Driver/Src/stm32f1xx_hal_tim_ex.o
LOAD ./Drivers/STM32F1xx_HAL_Driver/Src/stm32f1xx_hal_uart.o
START GROUP
LOAD d:/bigprogram/stm32 ide/stm32cubeide_1.10.1/stm32cubeide/plugins/com.st.stm32cube.ide.mcu.externaltools.gnu-tools-for-stm32.10.3-2021.10.win32_1.0.100.202210260954/tools/bin/../lib/gcc/arm-none-eabi/10.3.1/../../../../arm-none-eabi/lib/thumb/v7-m/nofp\libc.a
LOAD d:/bigprogram/stm32 ide/stm32cubeide_1.10.1/stm32cubeide/plugins/com.st.stm32cube.ide.mcu.externaltools.gnu-tools-for-stm32.10.3-2021.10.win32_1.0.100.202210260954/tools/bin/../lib/gcc/arm-none-eabi/10.3.1/../../../../arm-none-eabi/lib/thumb/v7-m/nofp\libm.a
END GROUP
START GROUP
LOAD d:/bigprogram/stm32 ide/stm32cubeide_1.10.1/stm32cubeide/plugins/com.st.stm32cube.ide.mcu.externaltools.gnu-tools-for-stm32.10.3-2021.10.win32_1.0.100.202210260954/tools/bin/../lib/gcc/arm-none-eabi/10.3.1/thumb/v7-m/nofp\libgcc.a
LOAD d:/bigprogram/stm32 ide/stm32cubeide_1.10.1/stm32cubeide/plugins/com.st.stm32cube.ide.mcu.externaltools.gnu-tools-for-stm32.10.3-2021.10.win32_1.0.100.202210260954/tools/bin/../lib/gcc/arm-none-eabi/10.3.1/../../../../arm-none-eabi/lib/thumb/v7-m/nofp\libc.a
END GROUP
START GROUP
LOAD d:/bigprogram/stm32 ide/stm32cubeide_1.10.1/stm32cubeide/plugins/com.st.stm32cube.ide.mcu.externaltools.gnu-tools-for-stm32.10.3-2021.10.win32_1.0.100.202210260954/tools/bin/../lib/gcc/arm-none-eabi/10.3.1/thumb/v7-m/nofp\libgcc.a
LOAD d:/bigprogram/stm32 ide/stm32cubeide_1.10.1/stm32cubeide/plugins/com.st.stm32cube.ide.mcu.externaltools.gnu-tools-for-stm32.10.3-2021.10.win32_1.0.100.202210260954/tools/bin/../lib/gcc/arm-none-eabi/10.3.1/../../../../arm-none-eabi/lib/thumb/v7-m/nofp\libc.a
LOAD d:/bigprogram/stm32 ide/stm32cubeide_1.10.1/stm32cubeide/plugins/com.st.stm32cube.ide.mcu.externaltools.gnu-tools-for-stm32.10.3-2021.10.win32_1.0.100.202210260954/tools/bin/../lib/gcc/arm-none-eabi/10.3.1/../../../../arm-none-eabi/lib/thumb/v7-m/nofp\libnosys.a
END GROUP
LOAD d:/bigprogram/stm32 ide/stm32cubeide_1.10.1/stm32cubeide/plugins/com.st.stm32cube.ide.mcu.externaltools.gnu-tools-for-stm32.10.3-2021.10.win32_1.0.100.202210260954/tools/bin/../lib/gcc/arm-none-eabi/10.3.1/thumb/v7-m/nofp/crtend.o
LOAD d:/bigprogram/stm32 ide/stm32cubeide_1.10.1/stm32cubeide/plugins/com.st.stm32cube.ide.mcu.externaltools.gnu-tools-for-stm32.10.3-2021.10.win32_1.0.100.202210260954/tools/bin/../lib/gcc/arm-none-eabi/10.3.1/thumb/v7-m/nofp/crtn.o
                0x000000002000c000                _estack = (ORIGIN (RAM) + LENGTH (RAM))
                0x0000000000000200                _Min_Heap_Size = 0x200
                0x0000000000000400                _Min_Stack_Size = 0x400

.isr_vector     0x0000000008000000      0x1e4
                0x0000000008000000                . = ALIGN (0x4)
 *(.isr_vector)
 .isr_vector    0x0000000008000000      0x1e4 ./Core/Startup/startup_stm32f103rctx.o
                0x0000000008000000                g_pfnVectors
                0x00000000080001e4                . = ALIGN (0x4)

.text           0x00000000080001e8     0xb3f4
                0x00000000080001e8                . = ALIGN (0x4)
 *(.text)
 .text          0x00000000080001e8       0x40 d:/bigprogram/stm32 ide/stm32cubeide_1.10.1/stm32cubeide/plugins/com.st.stm32cube.ide.mcu.externaltools.gnu-tools-for-stm32.10.3-2021.10.win32_1.0.100.202210260954/tools/bin/../lib/gcc/arm-none-eabi/10.3.1/thumb/v7-m/nofp/crtbegin.o
 .text          0x0000000008000228       0x10 d:/bigprogram/stm32 ide/stm32cubeide_1.10.1/stm32cubeide/plugins/com.st.stm32cube.ide.mcu.externaltools.gnu-tools-for-stm32.10.3-2021.10.win32_1.0.100.202210260954/tools/bin/../lib/gcc/arm-none-eabi/10.3.1/../../../../arm-none-eabi/lib/thumb/v7-m/nofp\libc.a(lib_a-strlen.o)
                0x0000000008000228                strlen
 .text          0x0000000008000238      0x378 d:/bigprogram/stm32 ide/stm32cubeide_1.10.1/stm32cubeide/plugins/com.st.stm32cube.ide.mcu.externaltools.gnu-tools-for-stm32.10.3-2021.10.win32_1.0.100.202210260954/tools/bin/../lib/gcc/arm-none-eabi/10.3.1/thumb/v7-m/nofp\libgcc.a(_arm_addsubdf3.o)
                0x0000000008000238                __aeabi_drsub
                0x0000000008000240                __aeabi_dsub
                0x0000000008000240                __subdf3
                0x0000000008000244                __aeabi_dadd
                0x0000000008000244                __adddf3
                0x00000000080004bc                __floatunsidf
                0x00000000080004bc                __aeabi_ui2d
                0x00000000080004dc                __floatsidf
                0x00000000080004dc                __aeabi_i2d
                0x0000000008000500                __aeabi_f2d
                0x0000000008000500                __extendsfdf2
                0x0000000008000544                __floatundidf
                0x0000000008000544                __aeabi_ul2d
                0x0000000008000554                __floatdidf
                0x0000000008000554                __aeabi_l2d
 .text          0x00000000080005b0      0x424 d:/bigprogram/stm32 ide/stm32cubeide_1.10.1/stm32cubeide/plugins/com.st.stm32cube.ide.mcu.externaltools.gnu-tools-for-stm32.10.3-2021.10.win32_1.0.100.202210260954/tools/bin/../lib/gcc/arm-none-eabi/10.3.1/thumb/v7-m/nofp\libgcc.a(_arm_muldivdf3.o)
                0x00000000080005b0                __aeabi_dmul
                0x00000000080005b0                __muldf3
                0x0000000008000804                __divdf3
                0x0000000008000804                __aeabi_ddiv
 .text          0x00000000080009d4      0x110 d:/bigprogram/stm32 ide/stm32cubeide_1.10.1/stm32cubeide/plugins/com.st.stm32cube.ide.mcu.externaltools.gnu-tools-for-stm32.10.3-2021.10.win32_1.0.100.202210260954/tools/bin/../lib/gcc/arm-none-eabi/10.3.1/thumb/v7-m/nofp\libgcc.a(_arm_cmpdf2.o)
                0x00000000080009d4                __gtdf2
                0x00000000080009d4                __gedf2
                0x00000000080009dc                __ltdf2
                0x00000000080009dc                __ledf2
                0x00000000080009e4                __nedf2
                0x00000000080009e4                __eqdf2
                0x00000000080009e4                __cmpdf2
                0x0000000008000a60                __aeabi_cdrcmple
                0x0000000008000a70                __aeabi_cdcmpeq
                0x0000000008000a70                __aeabi_cdcmple
                0x0000000008000a80                __aeabi_dcmpeq
                0x0000000008000a94                __aeabi_dcmplt
                0x0000000008000aa8                __aeabi_dcmple
                0x0000000008000abc                __aeabi_dcmpge
                0x0000000008000ad0                __aeabi_dcmpgt
 .text          0x0000000008000ae4       0x2c d:/bigprogram/stm32 ide/stm32cubeide_1.10.1/stm32cubeide/plugins/com.st.stm32cube.ide.mcu.externaltools.gnu-tools-for-stm32.10.3-2021.10.win32_1.0.100.202210260954/tools/bin/../lib/gcc/arm-none-eabi/10.3.1/thumb/v7-m/nofp\libgcc.a(_arm_unorddf2.o)
                0x0000000008000ae4                __unorddf2
                0x0000000008000ae4                __aeabi_dcmpun
 .text          0x0000000008000b10       0x50 d:/bigprogram/stm32 ide/stm32cubeide_1.10.1/stm32cubeide/plugins/com.st.stm32cube.ide.mcu.externaltools.gnu-tools-for-stm32.10.3-2021.10.win32_1.0.100.202210260954/tools/bin/../lib/gcc/arm-none-eabi/10.3.1/thumb/v7-m/nofp\libgcc.a(_arm_fixdfsi.o)
                0x0000000008000b10                __aeabi_d2iz
                0x0000000008000b10                __fixdfsi
 .text          0x0000000008000b60      0x21c d:/bigprogram/stm32 ide/stm32cubeide_1.10.1/stm32cubeide/plugins/com.st.stm32cube.ide.mcu.externaltools.gnu-tools-for-stm32.10.3-2021.10.win32_1.0.100.202210260954/tools/bin/../lib/gcc/arm-none-eabi/10.3.1/thumb/v7-m/nofp\libgcc.a(_arm_addsubsf3.o)
                0x0000000008000b60                __aeabi_frsub
                0x0000000008000b68                __subsf3
                0x0000000008000b68                __aeabi_fsub
                0x0000000008000b6c                __aeabi_fadd
                0x0000000008000b6c                __addsf3
                0x0000000008000ccc                __aeabi_ui2f
                0x0000000008000ccc                __floatunsisf
                0x0000000008000cd4                __aeabi_i2f
                0x0000000008000cd4                __floatsisf
                0x0000000008000cf0                __aeabi_ul2f
                0x0000000008000cf0                __floatundisf
                0x0000000008000d00                __aeabi_l2f
                0x0000000008000d00                __floatdisf
 .text          0x0000000008000d7c      0x2a0 d:/bigprogram/stm32 ide/stm32cubeide_1.10.1/stm32cubeide/plugins/com.st.stm32cube.ide.mcu.externaltools.gnu-tools-for-stm32.10.3-2021.10.win32_1.0.100.202210260954/tools/bin/../lib/gcc/arm-none-eabi/10.3.1/thumb/v7-m/nofp\libgcc.a(_arm_muldivsf3.o)
                0x0000000008000d7c                __mulsf3
                0x0000000008000d7c                __aeabi_fmul
                0x0000000008000ee4                __aeabi_fdiv
                0x0000000008000ee4                __divsf3
 .text          0x000000000800101c       0xec d:/bigprogram/stm32 ide/stm32cubeide_1.10.1/stm32cubeide/plugins/com.st.stm32cube.ide.mcu.externaltools.gnu-tools-for-stm32.10.3-2021.10.win32_1.0.100.202210260954/tools/bin/../lib/gcc/arm-none-eabi/10.3.1/thumb/v7-m/nofp\libgcc.a(_arm_cmpsf2.o)
                0x000000000800101c                __gesf2
                0x000000000800101c                __gtsf2
                0x0000000008001024                __lesf2
                0x0000000008001024                __ltsf2
                0x000000000800102c                __nesf2
                0x000000000800102c                __eqsf2
                0x000000000800102c                __cmpsf2
                0x000000000800108c                __aeabi_cfrcmple
                0x0000000008001094                __aeabi_cfcmpeq
                0x0000000008001094                __aeabi_cfcmple
                0x00000000080010a4                __aeabi_fcmpeq
                0x00000000080010b8                __aeabi_fcmplt
                0x00000000080010cc                __aeabi_fcmple
                0x00000000080010e0                __aeabi_fcmpge
                0x00000000080010f4                __aeabi_fcmpgt
 .text          0x0000000008001108       0x4c d:/bigprogram/stm32 ide/stm32cubeide_1.10.1/stm32cubeide/plugins/com.st.stm32cube.ide.mcu.externaltools.gnu-tools-for-stm32.10.3-2021.10.win32_1.0.100.202210260954/tools/bin/../lib/gcc/arm-none-eabi/10.3.1/thumb/v7-m/nofp\libgcc.a(_arm_fixsfsi.o)
                0x0000000008001108                __aeabi_f2iz
                0x0000000008001108                __fixsfsi
 .text          0x0000000008001154       0x30 d:/bigprogram/stm32 ide/stm32cubeide_1.10.1/stm32cubeide/plugins/com.st.stm32cube.ide.mcu.externaltools.gnu-tools-for-stm32.10.3-2021.10.win32_1.0.100.202210260954/tools/bin/../lib/gcc/arm-none-eabi/10.3.1/thumb/v7-m/nofp\libgcc.a(_aeabi_uldivmod.o)
                0x0000000008001154                __aeabi_uldivmod
 .text          0x0000000008001184      0x2d4 d:/bigprogram/stm32 ide/stm32cubeide_1.10.1/stm32cubeide/plugins/com.st.stm32cube.ide.mcu.externaltools.gnu-tools-for-stm32.10.3-2021.10.win32_1.0.100.202210260954/tools/bin/../lib/gcc/arm-none-eabi/10.3.1/thumb/v7-m/nofp\libgcc.a(_udivmoddi4.o)
                0x0000000008001184                __udivmoddi4
 .text          0x0000000008001458        0x4 d:/bigprogram/stm32 ide/stm32cubeide_1.10.1/stm32cubeide/plugins/com.st.stm32cube.ide.mcu.externaltools.gnu-tools-for-stm32.10.3-2021.10.win32_1.0.100.202210260954/tools/bin/../lib/gcc/arm-none-eabi/10.3.1/thumb/v7-m/nofp\libgcc.a(_dvmd_tls.o)
                0x0000000008001458                __aeabi_idiv0
                0x0000000008001458                __aeabi_ldiv0
 *(.text*)
 .text.pos_pair
                0x000000000800145c       0x32 ./Core/Src/algorithm.o
                0x000000000800145c                pos_pair
 .text.dis      0x000000000800148e       0x40 ./Core/Src/algorithm.o
                0x000000000800148e                dis
 .text.check_cross_wall
                0x00000000080014ce      0x596 ./Core/Src/algorithm.o
                0x00000000080014ce                check_cross_wall
 .text.get_nearest_transpoint
                0x0000000008001a64       0x9c ./Core/Src/algorithm.o
                0x0000000008001a64                get_nearest_transpoint
 .text.get_extension_transpoint
                0x0000000008001b00       0xa2 ./Core/Src/algorithm.o
                0x0000000008001b00                get_extension_transpoint
 *fill*         0x0000000008001ba2        0x2 
 .text.extend_path
                0x0000000008001ba4       0x80 ./Core/Src/algorithm.o
                0x0000000008001ba4                extend_path
 .text.get_path
                0x0000000008001c24       0xcc ./Core/Src/algorithm.o
                0x0000000008001c24                get_path
 .text.MX_DMA_Init
                0x0000000008001cf0       0x4c ./Core/Src/dma.o
                0x0000000008001cf0                MX_DMA_Init
 .text.MX_GPIO_Init
                0x0000000008001d3c       0xd8 ./Core/Src/gpio.o
                0x0000000008001d3c                MX_GPIO_Init
 .text.HAL_TIM_PeriodElapsedCallback
                0x0000000008001e14       0x12 ./Core/Src/main.o
                0x0000000008001e14                HAL_TIM_PeriodElapsedCallback
 .text.HAL_UART_RxCpltCallback
                0x0000000008001e26       0x12 ./Core/Src/main.o
                0x0000000008001e26                HAL_UART_RxCpltCallback
 .text.main     0x0000000008001e38      0x140 ./Core/Src/main.o
                0x0000000008001e38                main
 .text.SystemClock_Config
                0x0000000008001f78       0x8a ./Core/Src/main.o
                0x0000000008001f78                SystemClock_Config
 .text.Error_Handler
                0x0000000008002002        0xa ./Core/Src/main.o
                0x0000000008002002                Error_Handler
 .text.MOTOR_Direction
                0x000000000800200c      0x17c ./Core/Src/motor.o
                0x000000000800200c                MOTOR_Direction
 .text.MOTOR_Straight
                0x0000000008002188       0xa6 ./Core/Src/motor.o
                0x0000000008002188                MOTOR_Straight
 .text.MOTOR_Standby
                0x000000000800222e       0x30 ./Core/Src/motor.o
                0x000000000800222e                MOTOR_Standby
 .text.PID_Init
                0x000000000800225e       0x4a ./Core/Src/motor.o
                0x000000000800225e                PID_Init
 .text.PID_Calculate
                0x00000000080022a8       0xca ./Core/Src/motor.o
                0x00000000080022a8                PID_Calculate
 *fill*         0x0000000008002372        0x2 
 .text.MOTOR_Move
                0x0000000008002374       0xd4 ./Core/Src/motor.o
                0x0000000008002374                MOTOR_Move
 .text.HAL_MspInit
                0x0000000008002448       0x64 ./Core/Src/stm32f1xx_hal_msp.o
                0x0000000008002448                HAL_MspInit
 .text.NMI_Handler
                0x00000000080024ac        0x6 ./Core/Src/stm32f1xx_it.o
                0x00000000080024ac                NMI_Handler
 .text.HardFault_Handler
                0x00000000080024b2        0x6 ./Core/Src/stm32f1xx_it.o
                0x00000000080024b2                HardFault_Handler
 .text.MemManage_Handler
                0x00000000080024b8        0x6 ./Core/Src/stm32f1xx_it.o
                0x00000000080024b8                MemManage_Handler
 .text.BusFault_Handler
                0x00000000080024be        0x6 ./Core/Src/stm32f1xx_it.o
                0x00000000080024be                BusFault_Handler
 .text.UsageFault_Handler
                0x00000000080024c4        0x6 ./Core/Src/stm32f1xx_it.o
                0x00000000080024c4                UsageFault_Handler
 .text.SVC_Handler
                0x00000000080024ca        0xc ./Core/Src/stm32f1xx_it.o
                0x00000000080024ca                SVC_Handler
 .text.DebugMon_Handler
                0x00000000080024d6        0xc ./Core/Src/stm32f1xx_it.o
                0x00000000080024d6                DebugMon_Handler
 .text.PendSV_Handler
                0x00000000080024e2        0xc ./Core/Src/stm32f1xx_it.o
                0x00000000080024e2                PendSV_Handler
 .text.SysTick_Handler
                0x00000000080024ee        0xc ./Core/Src/stm32f1xx_it.o
                0x00000000080024ee                SysTick_Handler
 *fill*         0x00000000080024fa        0x2 
 .text.DMA1_Channel5_IRQHandler
                0x00000000080024fc       0x14 ./Core/Src/stm32f1xx_it.o
                0x00000000080024fc                DMA1_Channel5_IRQHandler
 .text.DMA1_Channel6_IRQHandler
                0x0000000008002510       0x14 ./Core/Src/stm32f1xx_it.o
                0x0000000008002510                DMA1_Channel6_IRQHandler
 .text.TIM1_BRK_IRQHandler
                0x0000000008002524       0x14 ./Core/Src/stm32f1xx_it.o
                0x0000000008002524                TIM1_BRK_IRQHandler
 .text.TIM1_UP_IRQHandler
                0x0000000008002538       0x14 ./Core/Src/stm32f1xx_it.o
                0x0000000008002538                TIM1_UP_IRQHandler
 .text.TIM1_TRG_COM_IRQHandler
                0x000000000800254c       0x14 ./Core/Src/stm32f1xx_it.o
                0x000000000800254c                TIM1_TRG_COM_IRQHandler
 .text.TIM1_CC_IRQHandler
                0x0000000008002560       0x14 ./Core/Src/stm32f1xx_it.o
                0x0000000008002560                TIM1_CC_IRQHandler
 .text.USART1_IRQHandler
                0x0000000008002574       0x14 ./Core/Src/stm32f1xx_it.o
                0x0000000008002574                USART1_IRQHandler
 .text.USART2_IRQHandler
                0x0000000008002588       0x14 ./Core/Src/stm32f1xx_it.o
                0x0000000008002588                USART2_IRQHandler
 .text._getpid  0x000000000800259c        0xe ./Core/Src/syscalls.o
                0x000000000800259c                _getpid
 .text._kill    0x00000000080025aa       0x20 ./Core/Src/syscalls.o
                0x00000000080025aa                _kill
 .text._exit    0x00000000080025ca       0x14 ./Core/Src/syscalls.o
                0x00000000080025ca                _exit
 .text._read    0x00000000080025de       0x3a ./Core/Src/syscalls.o
                0x00000000080025de                _read
 .text._write   0x0000000008002618       0x38 ./Core/Src/syscalls.o
                0x0000000008002618                _write
 .text._close   0x0000000008002650       0x16 ./Core/Src/syscalls.o
                0x0000000008002650                _close
 .text._fstat   0x0000000008002666       0x1e ./Core/Src/syscalls.o
                0x0000000008002666                _fstat
 .text._isatty  0x0000000008002684       0x14 ./Core/Src/syscalls.o
                0x0000000008002684                _isatty
 .text._lseek   0x0000000008002698       0x18 ./Core/Src/syscalls.o
                0x0000000008002698                _lseek
 .text._sbrk    0x00000000080026b0       0x6c ./Core/Src/sysmem.o
                0x00000000080026b0                _sbrk
 .text.SystemInit
                0x000000000800271c        0xc ./Core/Src/system_stm32f1xx.o
                0x000000000800271c                SystemInit
 .text.MX_TIM1_Init
                0x0000000008002728      0x188 ./Core/Src/tim.o
                0x0000000008002728                MX_TIM1_Init
 .text.MX_TIM2_Init
                0x00000000080028b0       0xa8 ./Core/Src/tim.o
                0x00000000080028b0                MX_TIM2_Init
 .text.MX_TIM3_Init
                0x0000000008002958       0xa8 ./Core/Src/tim.o
                0x0000000008002958                MX_TIM3_Init
 .text.MX_TIM5_Init
                0x0000000008002a00       0xa8 ./Core/Src/tim.o
                0x0000000008002a00                MX_TIM5_Init
 .text.MX_TIM8_Init
                0x0000000008002aa8       0xb0 ./Core/Src/tim.o
                0x0000000008002aa8                MX_TIM8_Init
 .text.HAL_TIM_Base_MspInit
                0x0000000008002b58       0x7c ./Core/Src/tim.o
                0x0000000008002b58                HAL_TIM_Base_MspInit
 .text.HAL_TIM_Encoder_MspInit
                0x0000000008002bd4      0x1e4 ./Core/Src/tim.o
                0x0000000008002bd4                HAL_TIM_Encoder_MspInit
 .text.HAL_TIM_MspPostInit
                0x0000000008002db8       0x68 ./Core/Src/tim.o
                0x0000000008002db8                HAL_TIM_MspPostInit
 .text.MX_USART1_UART_Init
                0x0000000008002e20       0x54 ./Core/Src/usart.o
                0x0000000008002e20                MX_USART1_UART_Init
 .text.MX_USART2_UART_Init
                0x0000000008002e74       0x54 ./Core/Src/usart.o
                0x0000000008002e74                MX_USART2_UART_Init
 .text.HAL_UART_MspInit
                0x0000000008002ec8      0x1f0 ./Core/Src/usart.o
                0x0000000008002ec8                HAL_UART_MspInit
 .text.u1_printf
                0x00000000080030b8       0x50 ./Core/Src/usart.o
                0x00000000080030b8                u1_printf
 .text.HAL_UART_ErrorCallback
                0x0000000008003108       0x44 ./Core/Src/zigbee_edc24.o
                0x0000000008003108                HAL_UART_ErrorCallback
 .text.HAL_UARTEx_RxEventCallback
                0x000000000800314c       0x30 ./Core/Src/zigbee_edc24.o
                0x000000000800314c                HAL_UARTEx_RxEventCallback
 .text.CalculateChecksum
                0x000000000800317c       0x3c ./Core/Src/zigbee_edc24.o
 .text.change_float_data
                0x00000000080031b8       0x1a ./Core/Src/zigbee_edc24.o
 *fill*         0x00000000080031d2        0x2 
 .text.zigbee_Init
                0x00000000080031d4       0x5c ./Core/Src/zigbee_edc24.o
                0x00000000080031d4                zigbee_Init
 .text.zigbeeMessageRecord
                0x0000000008003230      0x154 ./Core/Src/zigbee_edc24.o
                0x0000000008003230                zigbeeMessageRecord
 .text.getGameStatus
                0x0000000008003384       0x28 ./Core/Src/zigbee_edc24.o
                0x0000000008003384                getGameStatus
 .text.getVehiclePos
                0x00000000080033ac       0x3c ./Core/Src/zigbee_edc24.o
                0x00000000080033ac                getVehiclePos
 .text.getLatestPendingOrder
                0x00000000080033e8       0xc8 ./Core/Src/zigbee_edc24.o
                0x00000000080033e8                getLatestPendingOrder
 .text.reqGameInfo
                0x00000000080034b0       0x20 ./Core/Src/zigbee_edc24.o
                0x00000000080034b0                reqGameInfo
 .text.Reset_Handler
                0x00000000080034d0       0x48 ./Core/Startup/startup_stm32f103rctx.o
                0x00000000080034d0                Reset_Handler
 .text.Default_Handler
                0x0000000008003518        0x2 ./Core/Startup/startup_stm32f103rctx.o
                0x0000000008003518                RTC_Alarm_IRQHandler
                0x0000000008003518                EXTI2_IRQHandler
                0x0000000008003518                TIM8_TRG_COM_IRQHandler
                0x0000000008003518                TIM8_CC_IRQHandler
                0x0000000008003518                TIM6_IRQHandler
                0x0000000008003518                PVD_IRQHandler
                0x0000000008003518                SDIO_IRQHandler
                0x0000000008003518                EXTI3_IRQHandler
                0x0000000008003518                EXTI0_IRQHandler
                0x0000000008003518                I2C2_EV_IRQHandler
                0x0000000008003518                ADC1_2_IRQHandler
                0x0000000008003518                SPI1_IRQHandler
                0x0000000008003518                TAMPER_IRQHandler
                0x0000000008003518                TIM8_UP_IRQHandler
                0x0000000008003518                DMA2_Channel2_IRQHandler
                0x0000000008003518                DMA1_Channel4_IRQHandler
                0x0000000008003518                USART3_IRQHandler
                0x0000000008003518                RTC_IRQHandler
                0x0000000008003518                DMA1_Channel7_IRQHandler
                0x0000000008003518                CAN1_RX1_IRQHandler
                0x0000000008003518                UART5_IRQHandler
                0x0000000008003518                ADC3_IRQHandler
                0x0000000008003518                TIM4_IRQHandler
                0x0000000008003518                DMA2_Channel1_IRQHandler
                0x0000000008003518                I2C1_EV_IRQHandler
                0x0000000008003518                UART4_IRQHandler
                0x0000000008003518                TIM3_IRQHandler
                0x0000000008003518                RCC_IRQHandler
                0x0000000008003518                DMA1_Channel1_IRQHandler
                0x0000000008003518                Default_Handler
                0x0000000008003518                EXTI15_10_IRQHandler
                0x0000000008003518                TIM7_IRQHandler
                0x0000000008003518                TIM5_IRQHandler
                0x0000000008003518                EXTI9_5_IRQHandler
                0x0000000008003518                SPI2_IRQHandler
                0x0000000008003518                EXTI4_IRQHandler
                0x0000000008003518                USB_LP_CAN1_RX0_IRQHandler
                0x0000000008003518                USB_HP_CAN1_TX_IRQHandler
                0x0000000008003518                DMA1_Channel3_IRQHandler
                0x0000000008003518                FSMC_IRQHandler
                0x0000000008003518                WWDG_IRQHandler
                0x0000000008003518                TIM2_IRQHandler
                0x0000000008003518                EXTI1_IRQHandler
                0x0000000008003518                DMA2_Channel4_5_IRQHandler
                0x0000000008003518                I2C2_ER_IRQHandler
                0x0000000008003518                DMA1_Channel2_IRQHandler
                0x0000000008003518                TIM8_BRK_IRQHandler
                0x0000000008003518                CAN1_SCE_IRQHandler
                0x0000000008003518                FLASH_IRQHandler
                0x0000000008003518                SPI3_IRQHandler
                0x0000000008003518                I2C1_ER_IRQHandler
                0x0000000008003518                USBWakeUp_IRQHandler
                0x0000000008003518                DMA2_Channel3_IRQHandler
 *fill*         0x000000000800351a        0x2 
 .text.HAL_Init
                0x000000000800351c       0x2c ./Drivers/STM32F1xx_HAL_Driver/Src/stm32f1xx_hal.o
                0x000000000800351c                HAL_Init
 .text.HAL_InitTick
                0x0000000008003548       0x60 ./Drivers/STM32F1xx_HAL_Driver/Src/stm32f1xx_hal.o
                0x0000000008003548                HAL_InitTick
 .text.HAL_IncTick
                0x00000000080035a8       0x24 ./Drivers/STM32F1xx_HAL_Driver/Src/stm32f1xx_hal.o
                0x00000000080035a8                HAL_IncTick
 .text.HAL_GetTick
                0x00000000080035cc       0x14 ./Drivers/STM32F1xx_HAL_Driver/Src/stm32f1xx_hal.o
                0x00000000080035cc                HAL_GetTick
 .text.__NVIC_SetPriorityGrouping
                0x00000000080035e0       0x48 ./Drivers/STM32F1xx_HAL_Driver/Src/stm32f1xx_hal_cortex.o
 .text.__NVIC_GetPriorityGrouping
                0x0000000008003628       0x1c ./Drivers/STM32F1xx_HAL_Driver/Src/stm32f1xx_hal_cortex.o
 .text.__NVIC_EnableIRQ
                0x0000000008003644       0x38 ./Drivers/STM32F1xx_HAL_Driver/Src/stm32f1xx_hal_cortex.o
 .text.__NVIC_SetPriority
                0x000000000800367c       0x54 ./Drivers/STM32F1xx_HAL_Driver/Src/stm32f1xx_hal_cortex.o
 .text.NVIC_EncodePriority
                0x00000000080036d0       0x64 ./Drivers/STM32F1xx_HAL_Driver/Src/stm32f1xx_hal_cortex.o
 .text.SysTick_Config
                0x0000000008003734       0x44 ./Drivers/STM32F1xx_HAL_Driver/Src/stm32f1xx_hal_cortex.o
 .text.HAL_NVIC_SetPriorityGrouping
                0x0000000008003778       0x16 ./Drivers/STM32F1xx_HAL_Driver/Src/stm32f1xx_hal_cortex.o
                0x0000000008003778                HAL_NVIC_SetPriorityGrouping
 .text.HAL_NVIC_SetPriority
                0x000000000800378e       0x38 ./Drivers/STM32F1xx_HAL_Driver/Src/stm32f1xx_hal_cortex.o
                0x000000000800378e                HAL_NVIC_SetPriority
 .text.HAL_NVIC_EnableIRQ
                0x00000000080037c6       0x1c ./Drivers/STM32F1xx_HAL_Driver/Src/stm32f1xx_hal_cortex.o
                0x00000000080037c6                HAL_NVIC_EnableIRQ
 .text.HAL_SYSTICK_Config
                0x00000000080037e2       0x18 ./Drivers/STM32F1xx_HAL_Driver/Src/stm32f1xx_hal_cortex.o
                0x00000000080037e2                HAL_SYSTICK_Config
 *fill*         0x00000000080037fa        0x2 
 .text.HAL_DMA_Init
                0x00000000080037fc       0xec ./Drivers/STM32F1xx_HAL_Driver/Src/stm32f1xx_hal_dma.o
                0x00000000080037fc                HAL_DMA_Init
 .text.HAL_DMA_Start_IT
                0x00000000080038e8       0xbe ./Drivers/STM32F1xx_HAL_Driver/Src/stm32f1xx_hal_dma.o
                0x00000000080038e8                HAL_DMA_Start_IT
 .text.HAL_DMA_Abort
                0x00000000080039a6       0x74 ./Drivers/STM32F1xx_HAL_Driver/Src/stm32f1xx_hal_dma.o
                0x00000000080039a6                HAL_DMA_Abort
 *fill*         0x0000000008003a1a        0x2 
 .text.HAL_DMA_Abort_IT
                0x0000000008003a1c      0x210 ./Drivers/STM32F1xx_HAL_Driver/Src/stm32f1xx_hal_dma.o
                0x0000000008003a1c                HAL_DMA_Abort_IT
 .text.HAL_DMA_IRQHandler
                0x0000000008003c2c      0x478 ./Drivers/STM32F1xx_HAL_Driver/Src/stm32f1xx_hal_dma.o
                0x0000000008003c2c                HAL_DMA_IRQHandler
 .text.DMA_SetConfig
                0x00000000080040a4       0x5a ./Drivers/STM32F1xx_HAL_Driver/Src/stm32f1xx_hal_dma.o
 *fill*         0x00000000080040fe        0x2 
 .text.HAL_GPIO_Init
                0x0000000008004100      0x328 ./Drivers/STM32F1xx_HAL_Driver/Src/stm32f1xx_hal_gpio.o
                0x0000000008004100                HAL_GPIO_Init
 .text.HAL_GPIO_WritePin
                0x0000000008004428       0x30 ./Drivers/STM32F1xx_HAL_Driver/Src/stm32f1xx_hal_gpio.o
                0x0000000008004428                HAL_GPIO_WritePin
 .text.HAL_RCC_OscConfig
                0x0000000008004458      0x504 ./Drivers/STM32F1xx_HAL_Driver/Src/stm32f1xx_hal_rcc.o
                0x0000000008004458                HAL_RCC_OscConfig
 .text.HAL_RCC_ClockConfig
                0x000000000800495c      0x1d4 ./Drivers/STM32F1xx_HAL_Driver/Src/stm32f1xx_hal_rcc.o
                0x000000000800495c                HAL_RCC_ClockConfig
 .text.HAL_RCC_GetSysClockFreq
                0x0000000008004b30       0xbc ./Drivers/STM32F1xx_HAL_Driver/Src/stm32f1xx_hal_rcc.o
                0x0000000008004b30                HAL_RCC_GetSysClockFreq
 .text.HAL_RCC_GetHCLKFreq
                0x0000000008004bec       0x14 ./Drivers/STM32F1xx_HAL_Driver/Src/stm32f1xx_hal_rcc.o
                0x0000000008004bec                HAL_RCC_GetHCLKFreq
 .text.HAL_RCC_GetPCLK1Freq
                0x0000000008004c00       0x28 ./Drivers/STM32F1xx_HAL_Driver/Src/stm32f1xx_hal_rcc.o
                0x0000000008004c00                HAL_RCC_GetPCLK1Freq
 .text.HAL_RCC_GetPCLK2Freq
                0x0000000008004c28       0x28 ./Drivers/STM32F1xx_HAL_Driver/Src/stm32f1xx_hal_rcc.o
                0x0000000008004c28                HAL_RCC_GetPCLK2Freq
 .text.RCC_Delay
                0x0000000008004c50       0x3c ./Drivers/STM32F1xx_HAL_Driver/Src/stm32f1xx_hal_rcc.o
 .text.HAL_TIM_Base_Init
                0x0000000008004c8c       0x9e ./Drivers/STM32F1xx_HAL_Driver/Src/stm32f1xx_hal_tim.o
                0x0000000008004c8c                HAL_TIM_Base_Init
 *fill*         0x0000000008004d2a        0x2 
 .text.HAL_TIM_Base_Start_IT
                0x0000000008004d2c       0xc0 ./Drivers/STM32F1xx_HAL_Driver/Src/stm32f1xx_hal_tim.o
                0x0000000008004d2c                HAL_TIM_Base_Start_IT
 .text.HAL_TIM_PWM_Init
                0x0000000008004dec       0x9e ./Drivers/STM32F1xx_HAL_Driver/Src/stm32f1xx_hal_tim.o
                0x0000000008004dec                HAL_TIM_PWM_Init
 .text.HAL_TIM_PWM_MspInit
                0x0000000008004e8a       0x12 ./Drivers/STM32F1xx_HAL_Driver/Src/stm32f1xx_hal_tim.o
                0x0000000008004e8a                HAL_TIM_PWM_MspInit
 .text.HAL_TIM_PWM_Start
                0x0000000008004e9c      0x174 ./Drivers/STM32F1xx_HAL_Driver/Src/stm32f1xx_hal_tim.o
                0x0000000008004e9c                HAL_TIM_PWM_Start
 .text.HAL_TIM_Encoder_Init
                0x0000000008005010      0x144 ./Drivers/STM32F1xx_HAL_Driver/Src/stm32f1xx_hal_tim.o
                0x0000000008005010                HAL_TIM_Encoder_Init
 .text.HAL_TIM_Encoder_Start
                0x0000000008005154      0x11c ./Drivers/STM32F1xx_HAL_Driver/Src/stm32f1xx_hal_tim.o
                0x0000000008005154                HAL_TIM_Encoder_Start
 .text.HAL_TIM_IRQHandler
                0x0000000008005270      0x210 ./Drivers/STM32F1xx_HAL_Driver/Src/stm32f1xx_hal_tim.o
                0x0000000008005270                HAL_TIM_IRQHandler
 .text.HAL_TIM_PWM_ConfigChannel
                0x0000000008005480      0x17c ./Drivers/STM32F1xx_HAL_Driver/Src/stm32f1xx_hal_tim.o
                0x0000000008005480                HAL_TIM_PWM_ConfigChannel
 .text.HAL_TIM_ConfigClockSource
                0x00000000080055fc      0x188 ./Drivers/STM32F1xx_HAL_Driver/Src/stm32f1xx_hal_tim.o
                0x00000000080055fc                HAL_TIM_ConfigClockSource
 .text.HAL_TIM_OC_DelayElapsedCallback
                0x0000000008005784       0x12 ./Drivers/STM32F1xx_HAL_Driver/Src/stm32f1xx_hal_tim.o
                0x0000000008005784                HAL_TIM_OC_DelayElapsedCallback
 .text.HAL_TIM_IC_CaptureCallback
                0x0000000008005796       0x12 ./Drivers/STM32F1xx_HAL_Driver/Src/stm32f1xx_hal_tim.o
                0x0000000008005796                HAL_TIM_IC_CaptureCallback
 .text.HAL_TIM_PWM_PulseFinishedCallback
                0x00000000080057a8       0x12 ./Drivers/STM32F1xx_HAL_Driver/Src/stm32f1xx_hal_tim.o
                0x00000000080057a8                HAL_TIM_PWM_PulseFinishedCallback
 .text.HAL_TIM_TriggerCallback
                0x00000000080057ba       0x12 ./Drivers/STM32F1xx_HAL_Driver/Src/stm32f1xx_hal_tim.o
                0x00000000080057ba                HAL_TIM_TriggerCallback
 .text.TIM_Base_SetConfig
                0x00000000080057cc       0xf4 ./Drivers/STM32F1xx_HAL_Driver/Src/stm32f1xx_hal_tim.o
                0x00000000080057cc                TIM_Base_SetConfig
 .text.TIM_OC1_SetConfig
                0x00000000080058c0       0xe0 ./Drivers/STM32F1xx_HAL_Driver/Src/stm32f1xx_hal_tim.o
 .text.TIM_OC2_SetConfig
                0x00000000080059a0       0xe8 ./Drivers/STM32F1xx_HAL_Driver/Src/stm32f1xx_hal_tim.o
                0x00000000080059a0                TIM_OC2_SetConfig
 .text.TIM_OC3_SetConfig
                0x0000000008005a88       0xe8 ./Drivers/STM32F1xx_HAL_Driver/Src/stm32f1xx_hal_tim.o
 .text.TIM_OC4_SetConfig
                0x0000000008005b70       0xa8 ./Drivers/STM32F1xx_HAL_Driver/Src/stm32f1xx_hal_tim.o
 .text.TIM_TI1_ConfigInputStage
                0x0000000008005c18       0x5c ./Drivers/STM32F1xx_HAL_Driver/Src/stm32f1xx_hal_tim.o
 .text.TIM_TI2_ConfigInputStage
                0x0000000008005c74       0x5e ./Drivers/STM32F1xx_HAL_Driver/Src/stm32f1xx_hal_tim.o
 .text.TIM_ITRx_SetConfig
                0x0000000008005cd2       0x34 ./Drivers/STM32F1xx_HAL_Driver/Src/stm32f1xx_hal_tim.o
 .text.TIM_ETR_SetConfig
                0x0000000008005d06       0x3e ./Drivers/STM32F1xx_HAL_Driver/Src/stm32f1xx_hal_tim.o
                0x0000000008005d06                TIM_ETR_SetConfig
 .text.TIM_CCxChannelCmd
                0x0000000008005d44       0x48 ./Drivers/STM32F1xx_HAL_Driver/Src/stm32f1xx_hal_tim.o
                0x0000000008005d44                TIM_CCxChannelCmd
 .text.HAL_TIMEx_MasterConfigSynchronization
                0x0000000008005d8c       0xd8 ./Drivers/STM32F1xx_HAL_Driver/Src/stm32f1xx_hal_tim_ex.o
                0x0000000008005d8c                HAL_TIMEx_MasterConfigSynchronization
 .text.HAL_TIMEx_ConfigBreakDeadTime
                0x0000000008005e64       0xa2 ./Drivers/STM32F1xx_HAL_Driver/Src/stm32f1xx_hal_tim_ex.o
                0x0000000008005e64                HAL_TIMEx_ConfigBreakDeadTime
 .text.HAL_TIMEx_CommutCallback
                0x0000000008005f06       0x12 ./Drivers/STM32F1xx_HAL_Driver/Src/stm32f1xx_hal_tim_ex.o
                0x0000000008005f06                HAL_TIMEx_CommutCallback
 .text.HAL_TIMEx_BreakCallback
                0x0000000008005f18       0x12 ./Drivers/STM32F1xx_HAL_Driver/Src/stm32f1xx_hal_tim_ex.o
                0x0000000008005f18                HAL_TIMEx_BreakCallback
 .text.HAL_UART_Init
                0x0000000008005f2a       0x9a ./Drivers/STM32F1xx_HAL_Driver/Src/stm32f1xx_hal_uart.o
                0x0000000008005f2a                HAL_UART_Init
 .text.HAL_UART_Transmit
                0x0000000008005fc4      0x124 ./Drivers/STM32F1xx_HAL_Driver/Src/stm32f1xx_hal_uart.o
                0x0000000008005fc4                HAL_UART_Transmit
 .text.HAL_UARTEx_ReceiveToIdle_DMA
                0x00000000080060e8       0x9e ./Drivers/STM32F1xx_HAL_Driver/Src/stm32f1xx_hal_uart.o
                0x00000000080060e8                HAL_UARTEx_ReceiveToIdle_DMA
 *fill*         0x0000000008006186        0x2 
 .text.HAL_UART_IRQHandler
                0x0000000008006188      0x354 ./Drivers/STM32F1xx_HAL_Driver/Src/stm32f1xx_hal_uart.o
                0x0000000008006188                HAL_UART_IRQHandler
 .text.HAL_UART_TxCpltCallback
                0x00000000080064dc       0x12 ./Drivers/STM32F1xx_HAL_Driver/Src/stm32f1xx_hal_uart.o
                0x00000000080064dc                HAL_UART_TxCpltCallback
 .text.HAL_UART_RxHalfCpltCallback
                0x00000000080064ee       0x12 ./Drivers/STM32F1xx_HAL_Driver/Src/stm32f1xx_hal_uart.o
                0x00000000080064ee                HAL_UART_RxHalfCpltCallback
 .text.UART_DMAReceiveCplt
                0x0000000008006500       0x96 ./Drivers/STM32F1xx_HAL_Driver/Src/stm32f1xx_hal_uart.o
 .text.UART_DMARxHalfCplt
                0x0000000008006596       0x36 ./Drivers/STM32F1xx_HAL_Driver/Src/stm32f1xx_hal_uart.o
 .text.UART_DMAError
                0x00000000080065cc       0x94 ./Drivers/STM32F1xx_HAL_Driver/Src/stm32f1xx_hal_uart.o
 .text.UART_WaitOnFlagUntilTimeout
                0x0000000008006660       0x94 ./Drivers/STM32F1xx_HAL_Driver/Src/stm32f1xx_hal_uart.o
 .text.UART_Start_Receive_DMA
                0x00000000080066f4       0xc8 ./Drivers/STM32F1xx_HAL_Driver/Src/stm32f1xx_hal_uart.o
                0x00000000080066f4                UART_Start_Receive_DMA
 .text.UART_EndTxTransfer
                0x00000000080067bc       0x2a ./Drivers/STM32F1xx_HAL_Driver/Src/stm32f1xx_hal_uart.o
 .text.UART_EndRxTransfer
                0x00000000080067e6       0x58 ./Drivers/STM32F1xx_HAL_Driver/Src/stm32f1xx_hal_uart.o
 .text.UART_DMAAbortOnError
                0x000000000800683e       0x28 ./Drivers/STM32F1xx_HAL_Driver/Src/stm32f1xx_hal_uart.o
 .text.UART_Transmit_IT
                0x0000000008006866       0x9e ./Drivers/STM32F1xx_HAL_Driver/Src/stm32f1xx_hal_uart.o
 .text.UART_EndTransmit_IT
                0x0000000008006904       0x30 ./Drivers/STM32F1xx_HAL_Driver/Src/stm32f1xx_hal_uart.o
 .text.UART_Receive_IT
                0x0000000008006934      0x152 ./Drivers/STM32F1xx_HAL_Driver/Src/stm32f1xx_hal_uart.o
 *fill*         0x0000000008006a86        0x2 
 .text.UART_SetConfig
                0x0000000008006a88      0x11c ./Drivers/STM32F1xx_HAL_Driver/Src/stm32f1xx_hal_uart.o
 .text.__errno  0x0000000008006ba4        0xc d:/bigprogram/stm32 ide/stm32cubeide_1.10.1/stm32cubeide/plugins/com.st.stm32cube.ide.mcu.externaltools.gnu-tools-for-stm32.10.3-2021.10.win32_1.0.100.202210260954/tools/bin/../lib/gcc/arm-none-eabi/10.3.1/../../../../arm-none-eabi/lib/thumb/v7-m/nofp\libc.a(lib_a-errno.o)
                0x0000000008006ba4                __errno
 .text.__libc_init_array
                0x0000000008006bb0       0x48 d:/bigprogram/stm32 ide/stm32cubeide_1.10.1/stm32cubeide/plugins/com.st.stm32cube.ide.mcu.externaltools.gnu-tools-for-stm32.10.3-2021.10.win32_1.0.100.202210260954/tools/bin/../lib/gcc/arm-none-eabi/10.3.1/../../../../arm-none-eabi/lib/thumb/v7-m/nofp\libc.a(lib_a-init.o)
                0x0000000008006bb0                __libc_init_array
 .text.memset   0x0000000008006bf8       0x10 d:/bigprogram/stm32 ide/stm32cubeide_1.10.1/stm32cubeide/plugins/com.st.stm32cube.ide.mcu.externaltools.gnu-tools-for-stm32.10.3-2021.10.win32_1.0.100.202210260954/tools/bin/../lib/gcc/arm-none-eabi/10.3.1/../../../../arm-none-eabi/lib/thumb/v7-m/nofp\libc.a(lib_a-memset.o)
                0x0000000008006bf8                memset
 .text._vsprintf_r
                0x0000000008006c08       0x2c d:/bigprogram/stm32 ide/stm32cubeide_1.10.1/stm32cubeide/plugins/com.st.stm32cube.ide.mcu.externaltools.gnu-tools-for-stm32.10.3-2021.10.win32_1.0.100.202210260954/tools/bin/../lib/gcc/arm-none-eabi/10.3.1/../../../../arm-none-eabi/lib/thumb/v7-m/nofp\libc.a(lib_a-vsprintf.o)
                0x0000000008006c08                _vsprintf_r
 .text.vsprintf
                0x0000000008006c34       0x14 d:/bigprogram/stm32 ide/stm32cubeide_1.10.1/stm32cubeide/plugins/com.st.stm32cube.ide.mcu.externaltools.gnu-tools-for-stm32.10.3-2021.10.win32_1.0.100.202210260954/tools/bin/../lib/gcc/arm-none-eabi/10.3.1/../../../../arm-none-eabi/lib/thumb/v7-m/nofp\libc.a(lib_a-vsprintf.o)
                0x0000000008006c34                vsprintf
 .text.__swsetup_r
                0x0000000008006c48       0xb0 d:/bigprogram/stm32 ide/stm32cubeide_1.10.1/stm32cubeide/plugins/com.st.stm32cube.ide.mcu.externaltools.gnu-tools-for-stm32.10.3-2021.10.win32_1.0.100.202210260954/tools/bin/../lib/gcc/arm-none-eabi/10.3.1/../../../../arm-none-eabi/lib/thumb/v7-m/nofp\libc.a(lib_a-wsetup.o)
                0x0000000008006c48                __swsetup_r
 .text.startup.register_fini
                0x0000000008006cf8       0x14 d:/bigprogram/stm32 ide/stm32cubeide_1.10.1/stm32cubeide/plugins/com.st.stm32cube.ide.mcu.externaltools.gnu-tools-for-stm32.10.3-2021.10.win32_1.0.100.202210260954/tools/bin/../lib/gcc/arm-none-eabi/10.3.1/../../../../arm-none-eabi/lib/thumb/v7-m/nofp\libc.a(lib_a-__call_atexit.o)
 .text.atexit   0x0000000008006d0c        0xc d:/bigprogram/stm32 ide/stm32cubeide_1.10.1/stm32cubeide/plugins/com.st.stm32cube.ide.mcu.externaltools.gnu-tools-for-stm32.10.3-2021.10.win32_1.0.100.202210260954/tools/bin/../lib/gcc/arm-none-eabi/10.3.1/../../../../arm-none-eabi/lib/thumb/v7-m/nofp\libc.a(lib_a-atexit.o)
                0x0000000008006d0c                atexit
 .text.quorem   0x0000000008006d18      0x118 d:/bigprogram/stm32 ide/stm32cubeide_1.10.1/stm32cubeide/plugins/com.st.stm32cube.ide.mcu.externaltools.gnu-tools-for-stm32.10.3-2021.10.win32_1.0.100.202210260954/tools/bin/../lib/gcc/arm-none-eabi/10.3.1/../../../../arm-none-eabi/lib/thumb/v7-m/nofp\libc.a(lib_a-dtoa.o)
 .text._dtoa_r  0x0000000008006e30      0xb68 d:/bigprogram/stm32 ide/stm32cubeide_1.10.1/stm32cubeide/plugins/com.st.stm32cube.ide.mcu.externaltools.gnu-tools-for-stm32.10.3-2021.10.win32_1.0.100.202210260954/tools/bin/../lib/gcc/arm-none-eabi/10.3.1/../../../../arm-none-eabi/lib/thumb/v7-m/nofp\libc.a(lib_a-dtoa.o)
                0x0000000008006e30                _dtoa_r
 .text.__sflush_r
                0x0000000008007998      0x114 d:/bigprogram/stm32 ide/stm32cubeide_1.10.1/stm32cubeide/plugins/com.st.stm32cube.ide.mcu.externaltools.gnu-tools-for-stm32.10.3-2021.10.win32_1.0.100.202210260954/tools/bin/../lib/gcc/arm-none-eabi/10.3.1/../../../../arm-none-eabi/lib/thumb/v7-m/nofp\libc.a(lib_a-fflush.o)
                0x0000000008007998                __sflush_r
 .text._fflush_r
                0x0000000008007aac       0x4a d:/bigprogram/stm32 ide/stm32cubeide_1.10.1/stm32cubeide/plugins/com.st.stm32cube.ide.mcu.externaltools.gnu-tools-for-stm32.10.3-2021.10.win32_1.0.100.202210260954/tools/bin/../lib/gcc/arm-none-eabi/10.3.1/../../../../arm-none-eabi/lib/thumb/v7-m/nofp\libc.a(lib_a-fflush.o)
                0x0000000008007aac                _fflush_r
 *fill*         0x0000000008007af6        0x2 
 .text.std      0x0000000008007af8       0x50 d:/bigprogram/stm32 ide/stm32cubeide_1.10.1/stm32cubeide/plugins/com.st.stm32cube.ide.mcu.externaltools.gnu-tools-for-stm32.10.3-2021.10.win32_1.0.100.202210260954/tools/bin/../lib/gcc/arm-none-eabi/10.3.1/../../../../arm-none-eabi/lib/thumb/v7-m/nofp\libc.a(lib_a-findfp.o)
 .text._cleanup_r
                0x0000000008007b48        0xc d:/bigprogram/stm32 ide/stm32cubeide_1.10.1/stm32cubeide/plugins/com.st.stm32cube.ide.mcu.externaltools.gnu-tools-for-stm32.10.3-2021.10.win32_1.0.100.202210260954/tools/bin/../lib/gcc/arm-none-eabi/10.3.1/../../../../arm-none-eabi/lib/thumb/v7-m/nofp\libc.a(lib_a-findfp.o)
                0x0000000008007b48                _cleanup_r
 .text.__sfp_lock_acquire
                0x0000000008007b54        0xc d:/bigprogram/stm32 ide/stm32cubeide_1.10.1/stm32cubeide/plugins/com.st.stm32cube.ide.mcu.externaltools.gnu-tools-for-stm32.10.3-2021.10.win32_1.0.100.202210260954/tools/bin/../lib/gcc/arm-none-eabi/10.3.1/../../../../arm-none-eabi/lib/thumb/v7-m/nofp\libc.a(lib_a-findfp.o)
                0x0000000008007b54                __sfp_lock_acquire
 .text.__sfp_lock_release
                0x0000000008007b60        0xc d:/bigprogram/stm32 ide/stm32cubeide_1.10.1/stm32cubeide/plugins/com.st.stm32cube.ide.mcu.externaltools.gnu-tools-for-stm32.10.3-2021.10.win32_1.0.100.202210260954/tools/bin/../lib/gcc/arm-none-eabi/10.3.1/../../../../arm-none-eabi/lib/thumb/v7-m/nofp\libc.a(lib_a-findfp.o)
                0x0000000008007b60                __sfp_lock_release
 .text.__sinit_lock_acquire
                0x0000000008007b6c        0xc d:/bigprogram/stm32 ide/stm32cubeide_1.10.1/stm32cubeide/plugins/com.st.stm32cube.ide.mcu.externaltools.gnu-tools-for-stm32.10.3-2021.10.win32_1.0.100.202210260954/tools/bin/../lib/gcc/arm-none-eabi/10.3.1/../../../../arm-none-eabi/lib/thumb/v7-m/nofp\libc.a(lib_a-findfp.o)
                0x0000000008007b6c                __sinit_lock_acquire
 .text.__sinit_lock_release
                0x0000000008007b78        0xc d:/bigprogram/stm32 ide/stm32cubeide_1.10.1/stm32cubeide/plugins/com.st.stm32cube.ide.mcu.externaltools.gnu-tools-for-stm32.10.3-2021.10.win32_1.0.100.202210260954/tools/bin/../lib/gcc/arm-none-eabi/10.3.1/../../../../arm-none-eabi/lib/thumb/v7-m/nofp\libc.a(lib_a-findfp.o)
                0x0000000008007b78                __sinit_lock_release
 .text.__sinit  0x0000000008007b84       0x50 d:/bigprogram/stm32 ide/stm32cubeide_1.10.1/stm32cubeide/plugins/com.st.stm32cube.ide.mcu.externaltools.gnu-tools-for-stm32.10.3-2021.10.win32_1.0.100.202210260954/tools/bin/../lib/gcc/arm-none-eabi/10.3.1/../../../../arm-none-eabi/lib/thumb/v7-m/nofp\libc.a(lib_a-findfp.o)
                0x0000000008007b84                __sinit
 .text.__libc_fini_array
                0x0000000008007bd4       0x28 d:/bigprogram/stm32 ide/stm32cubeide_1.10.1/stm32cubeide/plugins/com.st.stm32cube.ide.mcu.externaltools.gnu-tools-for-stm32.10.3-2021.10.win32_1.0.100.202210260954/tools/bin/../lib/gcc/arm-none-eabi/10.3.1/../../../../arm-none-eabi/lib/thumb/v7-m/nofp\libc.a(lib_a-fini.o)
                0x0000000008007bd4                __libc_fini_array
 .text._malloc_trim_r
                0x0000000008007bfc       0xa8 d:/bigprogram/stm32 ide/stm32cubeide_1.10.1/stm32cubeide/plugins/com.st.stm32cube.ide.mcu.externaltools.gnu-tools-for-stm32.10.3-2021.10.win32_1.0.100.202210260954/tools/bin/../lib/gcc/arm-none-eabi/10.3.1/../../../../arm-none-eabi/lib/thumb/v7-m/nofp\libc.a(lib_a-freer.o)
                0x0000000008007bfc                _malloc_trim_r
 .text._free_r  0x0000000008007ca4      0x180 d:/bigprogram/stm32 ide/stm32cubeide_1.10.1/stm32cubeide/plugins/com.st.stm32cube.ide.mcu.externaltools.gnu-tools-for-stm32.10.3-2021.10.win32_1.0.100.202210260954/tools/bin/../lib/gcc/arm-none-eabi/10.3.1/../../../../arm-none-eabi/lib/thumb/v7-m/nofp\libc.a(lib_a-freer.o)
                0x0000000008007ca4                _free_r
 .text._fwalk_reent
                0x0000000008007e24       0x3e d:/bigprogram/stm32 ide/stm32cubeide_1.10.1/stm32cubeide/plugins/com.st.stm32cube.ide.mcu.externaltools.gnu-tools-for-stm32.10.3-2021.10.win32_1.0.100.202210260954/tools/bin/../lib/gcc/arm-none-eabi/10.3.1/../../../../arm-none-eabi/lib/thumb/v7-m/nofp\libc.a(lib_a-fwalk.o)
                0x0000000008007e24                _fwalk_reent
 *fill*         0x0000000008007e62        0x2 
 .text._localeconv_r
                0x0000000008007e64        0x8 d:/bigprogram/stm32 ide/stm32cubeide_1.10.1/stm32cubeide/plugins/com.st.stm32cube.ide.mcu.externaltools.gnu-tools-for-stm32.10.3-2021.10.win32_1.0.100.202210260954/tools/bin/../lib/gcc/arm-none-eabi/10.3.1/../../../../arm-none-eabi/lib/thumb/v7-m/nofp\libc.a(lib_a-localeconv.o)
                0x0000000008007e64                _localeconv_r
 .text.__retarget_lock_init_recursive
                0x0000000008007e6c        0x2 d:/bigprogram/stm32 ide/stm32cubeide_1.10.1/stm32cubeide/plugins/com.st.stm32cube.ide.mcu.externaltools.gnu-tools-for-stm32.10.3-2021.10.win32_1.0.100.202210260954/tools/bin/../lib/gcc/arm-none-eabi/10.3.1/../../../../arm-none-eabi/lib/thumb/v7-m/nofp\libc.a(lib_a-lock.o)
                0x0000000008007e6c                __retarget_lock_init_recursive
 .text.__retarget_lock_close_recursive
                0x0000000008007e6e        0x2 d:/bigprogram/stm32 ide/stm32cubeide_1.10.1/stm32cubeide/plugins/com.st.stm32cube.ide.mcu.externaltools.gnu-tools-for-stm32.10.3-2021.10.win32_1.0.100.202210260954/tools/bin/../lib/gcc/arm-none-eabi/10.3.1/../../../../arm-none-eabi/lib/thumb/v7-m/nofp\libc.a(lib_a-lock.o)
                0x0000000008007e6e                __retarget_lock_close_recursive
 .text.__retarget_lock_acquire_recursive
                0x0000000008007e70        0x2 d:/bigprogram/stm32 ide/stm32cubeide_1.10.1/stm32cubeide/plugins/com.st.stm32cube.ide.mcu.externaltools.gnu-tools-for-stm32.10.3-2021.10.win32_1.0.100.202210260954/tools/bin/../lib/gcc/arm-none-eabi/10.3.1/../../../../arm-none-eabi/lib/thumb/v7-m/nofp\libc.a(lib_a-lock.o)
                0x0000000008007e70                __retarget_lock_acquire_recursive
 .text.__retarget_lock_release_recursive
                0x0000000008007e72        0x2 d:/bigprogram/stm32 ide/stm32cubeide_1.10.1/stm32cubeide/plugins/com.st.stm32cube.ide.mcu.externaltools.gnu-tools-for-stm32.10.3-2021.10.win32_1.0.100.202210260954/tools/bin/../lib/gcc/arm-none-eabi/10.3.1/../../../../arm-none-eabi/lib/thumb/v7-m/nofp\libc.a(lib_a-lock.o)
                0x0000000008007e72                __retarget_lock_release_recursive
 .text.__swhatbuf_r
                0x0000000008007e74       0x58 d:/bigprogram/stm32 ide/stm32cubeide_1.10.1/stm32cubeide/plugins/com.st.stm32cube.ide.mcu.externaltools.gnu-tools-for-stm32.10.3-2021.10.win32_1.0.100.202210260954/tools/bin/../lib/gcc/arm-none-eabi/10.3.1/../../../../arm-none-eabi/lib/thumb/v7-m/nofp\libc.a(lib_a-makebuf.o)
                0x0000000008007e74                __swhatbuf_r
 .text.__smakebuf_r
                0x0000000008007ecc       0x80 d:/bigprogram/stm32 ide/stm32cubeide_1.10.1/stm32cubeide/plugins/com.st.stm32cube.ide.mcu.externaltools.gnu-tools-for-stm32.10.3-2021.10.win32_1.0.100.202210260954/tools/bin/../lib/gcc/arm-none-eabi/10.3.1/../../../../arm-none-eabi/lib/thumb/v7-m/nofp\libc.a(lib_a-makebuf.o)
                0x0000000008007ecc                __smakebuf_r
 .text._malloc_r
                0x0000000008007f4c      0x478 d:/bigprogram/stm32 ide/stm32cubeide_1.10.1/stm32cubeide/plugins/com.st.stm32cube.ide.mcu.externaltools.gnu-tools-for-stm32.10.3-2021.10.win32_1.0.100.202210260954/tools/bin/../lib/gcc/arm-none-eabi/10.3.1/../../../../arm-none-eabi/lib/thumb/v7-m/nofp\libc.a(lib_a-mallocr.o)
                0x0000000008007f4c                _malloc_r
 .text.memchr   0x00000000080083c4       0x1c d:/bigprogram/stm32 ide/stm32cubeide_1.10.1/stm32cubeide/plugins/com.st.stm32cube.ide.mcu.externaltools.gnu-tools-for-stm32.10.3-2021.10.win32_1.0.100.202210260954/tools/bin/../lib/gcc/arm-none-eabi/10.3.1/../../../../arm-none-eabi/lib/thumb/v7-m/nofp\libc.a(lib_a-memchr-stub.o)
                0x00000000080083c4                memchr
 .text.memcpy   0x00000000080083e0       0x1c d:/bigprogram/stm32 ide/stm32cubeide_1.10.1/stm32cubeide/plugins/com.st.stm32cube.ide.mcu.externaltools.gnu-tools-for-stm32.10.3-2021.10.win32_1.0.100.202210260954/tools/bin/../lib/gcc/arm-none-eabi/10.3.1/../../../../arm-none-eabi/lib/thumb/v7-m/nofp\libc.a(lib_a-memcpy-stub.o)
                0x00000000080083e0                memcpy
 .text.__malloc_lock
                0x00000000080083fc        0xc d:/bigprogram/stm32 ide/stm32cubeide_1.10.1/stm32cubeide/plugins/com.st.stm32cube.ide.mcu.externaltools.gnu-tools-for-stm32.10.3-2021.10.win32_1.0.100.202210260954/tools/bin/../lib/gcc/arm-none-eabi/10.3.1/../../../../arm-none-eabi/lib/thumb/v7-m/nofp\libc.a(lib_a-mlock.o)
                0x00000000080083fc                __malloc_lock
 .text.__malloc_unlock
                0x0000000008008408        0xc d:/bigprogram/stm32 ide/stm32cubeide_1.10.1/stm32cubeide/plugins/com.st.stm32cube.ide.mcu.externaltools.gnu-tools-for-stm32.10.3-2021.10.win32_1.0.100.202210260954/tools/bin/../lib/gcc/arm-none-eabi/10.3.1/../../../../arm-none-eabi/lib/thumb/v7-m/nofp\libc.a(lib_a-mlock.o)
                0x0000000008008408                __malloc_unlock
 .text._Balloc  0x0000000008008414       0x4a d:/bigprogram/stm32 ide/stm32cubeide_1.10.1/stm32cubeide/plugins/com.st.stm32cube.ide.mcu.externaltools.gnu-tools-for-stm32.10.3-2021.10.win32_1.0.100.202210260954/tools/bin/../lib/gcc/arm-none-eabi/10.3.1/../../../../arm-none-eabi/lib/thumb/v7-m/nofp\libc.a(lib_a-mprec.o)
                0x0000000008008414                _Balloc
 .text._Bfree   0x000000000800845e       0x12 d:/bigprogram/stm32 ide/stm32cubeide_1.10.1/stm32cubeide/plugins/com.st.stm32cube.ide.mcu.externaltools.gnu-tools-for-stm32.10.3-2021.10.win32_1.0.100.202210260954/tools/bin/../lib/gcc/arm-none-eabi/10.3.1/../../../../arm-none-eabi/lib/thumb/v7-m/nofp\libc.a(lib_a-mprec.o)
                0x000000000800845e                _Bfree
 .text.__multadd
                0x0000000008008470       0x8c d:/bigprogram/stm32 ide/stm32cubeide_1.10.1/stm32cubeide/plugins/com.st.stm32cube.ide.mcu.externaltools.gnu-tools-for-stm32.10.3-2021.10.win32_1.0.100.202210260954/tools/bin/../lib/gcc/arm-none-eabi/10.3.1/../../../../arm-none-eabi/lib/thumb/v7-m/nofp\libc.a(lib_a-mprec.o)
                0x0000000008008470                __multadd
 .text.__hi0bits
                0x00000000080084fc       0x40 d:/bigprogram/stm32 ide/stm32cubeide_1.10.1/stm32cubeide/plugins/com.st.stm32cube.ide.mcu.externaltools.gnu-tools-for-stm32.10.3-2021.10.win32_1.0.100.202210260954/tools/bin/../lib/gcc/arm-none-eabi/10.3.1/../../../../arm-none-eabi/lib/thumb/v7-m/nofp\libc.a(lib_a-mprec.o)
                0x00000000080084fc                __hi0bits
 .text.__lo0bits
                0x000000000800853c       0x5a d:/bigprogram/stm32 ide/stm32cubeide_1.10.1/stm32cubeide/plugins/com.st.stm32cube.ide.mcu.externaltools.gnu-tools-for-stm32.10.3-2021.10.win32_1.0.100.202210260954/tools/bin/../lib/gcc/arm-none-eabi/10.3.1/../../../../arm-none-eabi/lib/thumb/v7-m/nofp\libc.a(lib_a-mprec.o)
                0x000000000800853c                __lo0bits
 *fill*         0x0000000008008596        0x2 
 .text.__i2b    0x0000000008008598       0x2c d:/bigprogram/stm32 ide/stm32cubeide_1.10.1/stm32cubeide/plugins/com.st.stm32cube.ide.mcu.externaltools.gnu-tools-for-stm32.10.3-2021.10.win32_1.0.100.202210260954/tools/bin/../lib/gcc/arm-none-eabi/10.3.1/../../../../arm-none-eabi/lib/thumb/v7-m/nofp\libc.a(lib_a-mprec.o)
                0x0000000008008598                __i2b
 .text.__multiply
                0x00000000080085c4      0x150 d:/bigprogram/stm32 ide/stm32cubeide_1.10.1/stm32cubeide/plugins/com.st.stm32cube.ide.mcu.externaltools.gnu-tools-for-stm32.10.3-2021.10.win32_1.0.100.202210260954/tools/bin/../lib/gcc/arm-none-eabi/10.3.1/../../../../arm-none-eabi/lib/thumb/v7-m/nofp\libc.a(lib_a-mprec.o)
                0x00000000080085c4                __multiply
 .text.__pow5mult
                0x0000000008008714       0x80 d:/bigprogram/stm32 ide/stm32cubeide_1.10.1/stm32cubeide/plugins/com.st.stm32cube.ide.mcu.externaltools.gnu-tools-for-stm32.10.3-2021.10.win32_1.0.100.202210260954/tools/bin/../lib/gcc/arm-none-eabi/10.3.1/../../../../arm-none-eabi/lib/thumb/v7-m/nofp\libc.a(lib_a-mprec.o)
                0x0000000008008714                __pow5mult
 .text.__lshift
                0x0000000008008794       0xe0 d:/bigprogram/stm32 ide/stm32cubeide_1.10.1/stm32cubeide/plugins/com.st.stm32cube.ide.mcu.externaltools.gnu-tools-for-stm32.10.3-2021.10.win32_1.0.100.202210260954/tools/bin/../lib/gcc/arm-none-eabi/10.3.1/../../../../arm-none-eabi/lib/thumb/v7-m/nofp\libc.a(lib_a-mprec.o)
                0x0000000008008794                __lshift
 .text.__mcmp   0x0000000008008874       0x36 d:/bigprogram/stm32 ide/stm32cubeide_1.10.1/stm32cubeide/plugins/com.st.stm32cube.ide.mcu.externaltools.gnu-tools-for-stm32.10.3-2021.10.win32_1.0.100.202210260954/tools/bin/../lib/gcc/arm-none-eabi/10.3.1/../../../../arm-none-eabi/lib/thumb/v7-m/nofp\libc.a(lib_a-mprec.o)
                0x0000000008008874                __mcmp
 *fill*         0x00000000080088aa        0x2 
 .text.__mdiff  0x00000000080088ac      0x118 d:/bigprogram/stm32 ide/stm32cubeide_1.10.1/stm32cubeide/plugins/com.st.stm32cube.ide.mcu.externaltools.gnu-tools-for-stm32.10.3-2021.10.win32_1.0.100.202210260954/tools/bin/../lib/gcc/arm-none-eabi/10.3.1/../../../../arm-none-eabi/lib/thumb/v7-m/nofp\libc.a(lib_a-mprec.o)
                0x00000000080088ac                __mdiff
 .text.__d2b    0x00000000080089c4       0xb8 d:/bigprogram/stm32 ide/stm32cubeide_1.10.1/stm32cubeide/plugins/com.st.stm32cube.ide.mcu.externaltools.gnu-tools-for-stm32.10.3-2021.10.win32_1.0.100.202210260954/tools/bin/../lib/gcc/arm-none-eabi/10.3.1/../../../../arm-none-eabi/lib/thumb/v7-m/nofp\libc.a(lib_a-mprec.o)
                0x00000000080089c4                __d2b
 .text.frexp    0x0000000008008a7c       0x68 d:/bigprogram/stm32 ide/stm32cubeide_1.10.1/stm32cubeide/plugins/com.st.stm32cube.ide.mcu.externaltools.gnu-tools-for-stm32.10.3-2021.10.win32_1.0.100.202210260954/tools/bin/../lib/gcc/arm-none-eabi/10.3.1/../../../../arm-none-eabi/lib/thumb/v7-m/nofp\libc.a(lib_a-s_frexp.o)
                0x0000000008008a7c                frexp
 .text._sbrk_r  0x0000000008008ae4       0x20 d:/bigprogram/stm32 ide/stm32cubeide_1.10.1/stm32cubeide/plugins/com.st.stm32cube.ide.mcu.externaltools.gnu-tools-for-stm32.10.3-2021.10.win32_1.0.100.202210260954/tools/bin/../lib/gcc/arm-none-eabi/10.3.1/../../../../arm-none-eabi/lib/thumb/v7-m/nofp\libc.a(lib_a-sbrkr.o)
                0x0000000008008ae4                _sbrk_r
 .text.__sread  0x0000000008008b04       0x22 d:/bigprogram/stm32 ide/stm32cubeide_1.10.1/stm32cubeide/plugins/com.st.stm32cube.ide.mcu.externaltools.gnu-tools-for-stm32.10.3-2021.10.win32_1.0.100.202210260954/tools/bin/../lib/gcc/arm-none-eabi/10.3.1/../../../../arm-none-eabi/lib/thumb/v7-m/nofp\libc.a(lib_a-stdio.o)
                0x0000000008008b04                __sread
 .text.__swrite
                0x0000000008008b26       0x38 d:/bigprogram/stm32 ide/stm32cubeide_1.10.1/stm32cubeide/plugins/com.st.stm32cube.ide.mcu.externaltools.gnu-tools-for-stm32.10.3-2021.10.win32_1.0.100.202210260954/tools/bin/../lib/gcc/arm-none-eabi/10.3.1/../../../../arm-none-eabi/lib/thumb/v7-m/nofp\libc.a(lib_a-stdio.o)
                0x0000000008008b26                __swrite
 .text.__sseek  0x0000000008008b5e       0x24 d:/bigprogram/stm32 ide/stm32cubeide_1.10.1/stm32cubeide/plugins/com.st.stm32cube.ide.mcu.externaltools.gnu-tools-for-stm32.10.3-2021.10.win32_1.0.100.202210260954/tools/bin/../lib/gcc/arm-none-eabi/10.3.1/../../../../arm-none-eabi/lib/thumb/v7-m/nofp\libc.a(lib_a-stdio.o)
                0x0000000008008b5e                __sseek
 .text.__sclose
                0x0000000008008b82        0x8 d:/bigprogram/stm32 ide/stm32cubeide_1.10.1/stm32cubeide/plugins/com.st.stm32cube.ide.mcu.externaltools.gnu-tools-for-stm32.10.3-2021.10.win32_1.0.100.202210260954/tools/bin/../lib/gcc/arm-none-eabi/10.3.1/../../../../arm-none-eabi/lib/thumb/v7-m/nofp\libc.a(lib_a-stdio.o)
                0x0000000008008b82                __sclose
 .text.strncpy  0x0000000008008b8a       0x26 d:/bigprogram/stm32 ide/stm32cubeide_1.10.1/stm32cubeide/plugins/com.st.stm32cube.ide.mcu.externaltools.gnu-tools-for-stm32.10.3-2021.10.win32_1.0.100.202210260954/tools/bin/../lib/gcc/arm-none-eabi/10.3.1/../../../../arm-none-eabi/lib/thumb/v7-m/nofp\libc.a(lib_a-strncpy.o)
                0x0000000008008b8a                strncpy
 .text._svfprintf_r
                0x0000000008008bb0     0x13a8 d:/bigprogram/stm32 ide/stm32cubeide_1.10.1/stm32cubeide/plugins/com.st.stm32cube.ide.mcu.externaltools.gnu-tools-for-stm32.10.3-2021.10.win32_1.0.100.202210260954/tools/bin/../lib/gcc/arm-none-eabi/10.3.1/../../../../arm-none-eabi/lib/thumb/v7-m/nofp\libc.a(lib_a-svfprintf.o)
                0x0000000008008bb0                _svfprintf_r
 .text.sysconf  0x0000000008009f58       0x1a d:/bigprogram/stm32 ide/stm32cubeide_1.10.1/stm32cubeide/plugins/com.st.stm32cube.ide.mcu.externaltools.gnu-tools-for-stm32.10.3-2021.10.win32_1.0.100.202210260954/tools/bin/../lib/gcc/arm-none-eabi/10.3.1/../../../../arm-none-eabi/lib/thumb/v7-m/nofp\libc.a(lib_a-sysconf.o)
                0x0000000008009f58                sysconf
 .text.__sprint_r
                0x0000000008009f72       0x64 d:/bigprogram/stm32 ide/stm32cubeide_1.10.1/stm32cubeide/plugins/com.st.stm32cube.ide.mcu.externaltools.gnu-tools-for-stm32.10.3-2021.10.win32_1.0.100.202210260954/tools/bin/../lib/gcc/arm-none-eabi/10.3.1/../../../../arm-none-eabi/lib/thumb/v7-m/nofp\libc.a(lib_a-vfiprintf.o)
                0x0000000008009f72                __sprint_r
 *fill*         0x0000000008009fd6        0x2 
 .text._vfiprintf_r
                0x0000000008009fd8      0x91c d:/bigprogram/stm32 ide/stm32cubeide_1.10.1/stm32cubeide/plugins/com.st.stm32cube.ide.mcu.externaltools.gnu-tools-for-stm32.10.3-2021.10.win32_1.0.100.202210260954/tools/bin/../lib/gcc/arm-none-eabi/10.3.1/../../../../arm-none-eabi/lib/thumb/v7-m/nofp\libc.a(lib_a-vfiprintf.o)
                0x0000000008009fd8                _vfiprintf_r
 .text.__sbprintf
                0x000000000800a8f4       0x80 d:/bigprogram/stm32 ide/stm32cubeide_1.10.1/stm32cubeide/plugins/com.st.stm32cube.ide.mcu.externaltools.gnu-tools-for-stm32.10.3-2021.10.win32_1.0.100.202210260954/tools/bin/../lib/gcc/arm-none-eabi/10.3.1/../../../../arm-none-eabi/lib/thumb/v7-m/nofp\libc.a(lib_a-vfiprintf.o)
 .text._write_r
                0x000000000800a974       0x24 d:/bigprogram/stm32 ide/stm32cubeide_1.10.1/stm32cubeide/plugins/com.st.stm32cube.ide.mcu.externaltools.gnu-tools-for-stm32.10.3-2021.10.win32_1.0.100.202210260954/tools/bin/../lib/gcc/arm-none-eabi/10.3.1/../../../../arm-none-eabi/lib/thumb/v7-m/nofp\libc.a(lib_a-writer.o)
                0x000000000800a974                _write_r
 .text.__register_exitproc
                0x000000000800a998       0x84 d:/bigprogram/stm32 ide/stm32cubeide_1.10.1/stm32cubeide/plugins/com.st.stm32cube.ide.mcu.externaltools.gnu-tools-for-stm32.10.3-2021.10.win32_1.0.100.202210260954/tools/bin/../lib/gcc/arm-none-eabi/10.3.1/../../../../arm-none-eabi/lib/thumb/v7-m/nofp\libc.a(lib_a-__atexit.o)
                0x000000000800a998                __register_exitproc
 .text.__assert_func
                0x000000000800aa1c       0x3c d:/bigprogram/stm32 ide/stm32cubeide_1.10.1/stm32cubeide/plugins/com.st.stm32cube.ide.mcu.externaltools.gnu-tools-for-stm32.10.3-2021.10.win32_1.0.100.202210260954/tools/bin/../lib/gcc/arm-none-eabi/10.3.1/../../../../arm-none-eabi/lib/thumb/v7-m/nofp\libc.a(lib_a-assert.o)
                0x000000000800aa1c                __assert_func
 .text._calloc_r
                0x000000000800aa58       0x6a d:/bigprogram/stm32 ide/stm32cubeide_1.10.1/stm32cubeide/plugins/com.st.stm32cube.ide.mcu.externaltools.gnu-tools-for-stm32.10.3-2021.10.win32_1.0.100.202210260954/tools/bin/../lib/gcc/arm-none-eabi/10.3.1/../../../../arm-none-eabi/lib/thumb/v7-m/nofp\libc.a(lib_a-callocr.o)
                0x000000000800aa58                _calloc_r
 *fill*         0x000000000800aac2        0x2 
 .text._close_r
                0x000000000800aac4       0x20 d:/bigprogram/stm32 ide/stm32cubeide_1.10.1/stm32cubeide/plugins/com.st.stm32cube.ide.mcu.externaltools.gnu-tools-for-stm32.10.3-2021.10.win32_1.0.100.202210260954/tools/bin/../lib/gcc/arm-none-eabi/10.3.1/../../../../arm-none-eabi/lib/thumb/v7-m/nofp\libc.a(lib_a-closer.o)
                0x000000000800aac4                _close_r
 .text._fclose_r
                0x000000000800aae4       0xae d:/bigprogram/stm32 ide/stm32cubeide_1.10.1/stm32cubeide/plugins/com.st.stm32cube.ide.mcu.externaltools.gnu-tools-for-stm32.10.3-2021.10.win32_1.0.100.202210260954/tools/bin/../lib/gcc/arm-none-eabi/10.3.1/../../../../arm-none-eabi/lib/thumb/v7-m/nofp\libc.a(lib_a-fclose.o)
                0x000000000800aae4                _fclose_r
 *fill*         0x000000000800ab92        0x2 
 .text.fiprintf
                0x000000000800ab94       0x24 d:/bigprogram/stm32 ide/stm32cubeide_1.10.1/stm32cubeide/plugins/com.st.stm32cube.ide.mcu.externaltools.gnu-tools-for-stm32.10.3-2021.10.win32_1.0.100.202210260954/tools/bin/../lib/gcc/arm-none-eabi/10.3.1/../../../../arm-none-eabi/lib/thumb/v7-m/nofp\libc.a(lib_a-fiprintf.o)
                0x000000000800ab94                fiprintf
 .text.__fputwc
                0x000000000800abb8       0x82 d:/bigprogram/stm32 ide/stm32cubeide_1.10.1/stm32cubeide/plugins/com.st.stm32cube.ide.mcu.externaltools.gnu-tools-for-stm32.10.3-2021.10.win32_1.0.100.202210260954/tools/bin/../lib/gcc/arm-none-eabi/10.3.1/../../../../arm-none-eabi/lib/thumb/v7-m/nofp\libc.a(lib_a-fputwc.o)
                0x000000000800abb8                __fputwc
 .text._fputwc_r
                0x000000000800ac3a       0x52 d:/bigprogram/stm32 ide/stm32cubeide_1.10.1/stm32cubeide/plugins/com.st.stm32cube.ide.mcu.externaltools.gnu-tools-for-stm32.10.3-2021.10.win32_1.0.100.202210260954/tools/bin/../lib/gcc/arm-none-eabi/10.3.1/../../../../arm-none-eabi/lib/thumb/v7-m/nofp\libc.a(lib_a-fputwc.o)
                0x000000000800ac3a                _fputwc_r
 .text._fstat_r
                0x000000000800ac8c       0x24 d:/bigprogram/stm32 ide/stm32cubeide_1.10.1/stm32cubeide/plugins/com.st.stm32cube.ide.mcu.externaltools.gnu-tools-for-stm32.10.3-2021.10.win32_1.0.100.202210260954/tools/bin/../lib/gcc/arm-none-eabi/10.3.1/../../../../arm-none-eabi/lib/thumb/v7-m/nofp\libc.a(lib_a-fstatr.o)
                0x000000000800ac8c                _fstat_r
 .text.__sfvwrite_r
                0x000000000800acb0      0x290 d:/bigprogram/stm32 ide/stm32cubeide_1.10.1/stm32cubeide/plugins/com.st.stm32cube.ide.mcu.externaltools.gnu-tools-for-stm32.10.3-2021.10.win32_1.0.100.202210260954/tools/bin/../lib/gcc/arm-none-eabi/10.3.1/../../../../arm-none-eabi/lib/thumb/v7-m/nofp\libc.a(lib_a-fvwrite.o)
                0x000000000800acb0                __sfvwrite_r
 .text._isatty_r
                0x000000000800af40       0x20 d:/bigprogram/stm32 ide/stm32cubeide_1.10.1/stm32cubeide/plugins/com.st.stm32cube.ide.mcu.externaltools.gnu-tools-for-stm32.10.3-2021.10.win32_1.0.100.202210260954/tools/bin/../lib/gcc/arm-none-eabi/10.3.1/../../../../arm-none-eabi/lib/thumb/v7-m/nofp\libc.a(lib_a-isattyr.o)
                0x000000000800af40                _isatty_r
 .text.__locale_mb_cur_max
                0x000000000800af60        0xc d:/bigprogram/stm32 ide/stm32cubeide_1.10.1/stm32cubeide/plugins/com.st.stm32cube.ide.mcu.externaltools.gnu-tools-for-stm32.10.3-2021.10.win32_1.0.100.202210260954/tools/bin/../lib/gcc/arm-none-eabi/10.3.1/../../../../arm-none-eabi/lib/thumb/v7-m/nofp\libc.a(lib_a-locale.o)
                0x000000000800af60                __locale_mb_cur_max
 .text._lseek_r
                0x000000000800af6c       0x24 d:/bigprogram/stm32 ide/stm32cubeide_1.10.1/stm32cubeide/plugins/com.st.stm32cube.ide.mcu.externaltools.gnu-tools-for-stm32.10.3-2021.10.win32_1.0.100.202210260954/tools/bin/../lib/gcc/arm-none-eabi/10.3.1/../../../../arm-none-eabi/lib/thumb/v7-m/nofp\libc.a(lib_a-lseekr.o)
                0x000000000800af6c                _lseek_r
 .text.__ascii_mbtowc
                0x000000000800af90       0x24 d:/bigprogram/stm32 ide/stm32cubeide_1.10.1/stm32cubeide/plugins/com.st.stm32cube.ide.mcu.externaltools.gnu-tools-for-stm32.10.3-2021.10.win32_1.0.100.202210260954/tools/bin/../lib/gcc/arm-none-eabi/10.3.1/../../../../arm-none-eabi/lib/thumb/v7-m/nofp\libc.a(lib_a-mbtowc_r.o)
                0x000000000800af90                __ascii_mbtowc
 .text.memmove  0x000000000800afb4       0x34 d:/bigprogram/stm32 ide/stm32cubeide_1.10.1/stm32cubeide/plugins/com.st.stm32cube.ide.mcu.externaltools.gnu-tools-for-stm32.10.3-2021.10.win32_1.0.100.202210260954/tools/bin/../lib/gcc/arm-none-eabi/10.3.1/../../../../arm-none-eabi/lib/thumb/v7-m/nofp\libc.a(lib_a-memmove.o)
                0x000000000800afb4                memmove
 .text._read_r  0x000000000800afe8       0x24 d:/bigprogram/stm32 ide/stm32cubeide_1.10.1/stm32cubeide/plugins/com.st.stm32cube.ide.mcu.externaltools.gnu-tools-for-stm32.10.3-2021.10.win32_1.0.100.202210260954/tools/bin/../lib/gcc/arm-none-eabi/10.3.1/../../../../arm-none-eabi/lib/thumb/v7-m/nofp\libc.a(lib_a-readr.o)
                0x000000000800afe8                _read_r
 .text._realloc_r
                0x000000000800b00c      0x350 d:/bigprogram/stm32 ide/stm32cubeide_1.10.1/stm32cubeide/plugins/com.st.stm32cube.ide.mcu.externaltools.gnu-tools-for-stm32.10.3-2021.10.win32_1.0.100.202210260954/tools/bin/../lib/gcc/arm-none-eabi/10.3.1/../../../../arm-none-eabi/lib/thumb/v7-m/nofp\libc.a(lib_a-reallocr.o)
                0x000000000800b00c                _realloc_r
 .text.__ssprint_r
                0x000000000800b35c       0xf6 d:/bigprogram/stm32 ide/stm32cubeide_1.10.1/stm32cubeide/plugins/com.st.stm32cube.ide.mcu.externaltools.gnu-tools-for-stm32.10.3-2021.10.win32_1.0.100.202210260954/tools/bin/../lib/gcc/arm-none-eabi/10.3.1/../../../../arm-none-eabi/lib/thumb/v7-m/nofp\libc.a(lib_a-svfiprintf.o)
                0x000000000800b35c                __ssprint_r
 .text.__swbuf_r
                0x000000000800b452       0x92 d:/bigprogram/stm32 ide/stm32cubeide_1.10.1/stm32cubeide/plugins/com.st.stm32cube.ide.mcu.externaltools.gnu-tools-for-stm32.10.3-2021.10.win32_1.0.100.202210260954/tools/bin/../lib/gcc/arm-none-eabi/10.3.1/../../../../arm-none-eabi/lib/thumb/v7-m/nofp\libc.a(lib_a-wbuf.o)
                0x000000000800b452                __swbuf_r
 .text._wcrtomb_r
                0x000000000800b4e4       0x2c d:/bigprogram/stm32 ide/stm32cubeide_1.10.1/stm32cubeide/plugins/com.st.stm32cube.ide.mcu.externaltools.gnu-tools-for-stm32.10.3-2021.10.win32_1.0.100.202210260954/tools/bin/../lib/gcc/arm-none-eabi/10.3.1/../../../../arm-none-eabi/lib/thumb/v7-m/nofp\libc.a(lib_a-wcrtomb.o)
                0x000000000800b4e4                _wcrtomb_r
 .text.__ascii_wctomb
                0x000000000800b510       0x1a d:/bigprogram/stm32 ide/stm32cubeide_1.10.1/stm32cubeide/plugins/com.st.stm32cube.ide.mcu.externaltools.gnu-tools-for-stm32.10.3-2021.10.win32_1.0.100.202210260954/tools/bin/../lib/gcc/arm-none-eabi/10.3.1/../../../../arm-none-eabi/lib/thumb/v7-m/nofp\libc.a(lib_a-wctomb_r.o)
                0x000000000800b510                __ascii_wctomb
 .text.abort    0x000000000800b52a        0xe d:/bigprogram/stm32 ide/stm32cubeide_1.10.1/stm32cubeide/plugins/com.st.stm32cube.ide.mcu.externaltools.gnu-tools-for-stm32.10.3-2021.10.win32_1.0.100.202210260954/tools/bin/../lib/gcc/arm-none-eabi/10.3.1/../../../../arm-none-eabi/lib/thumb/v7-m/nofp\libc.a(lib_a-abort.o)
                0x000000000800b52a                abort
 .text._raise_r
                0x000000000800b538       0x52 d:/bigprogram/stm32 ide/stm32cubeide_1.10.1/stm32cubeide/plugins/com.st.stm32cube.ide.mcu.externaltools.gnu-tools-for-stm32.10.3-2021.10.win32_1.0.100.202210260954/tools/bin/../lib/gcc/arm-none-eabi/10.3.1/../../../../arm-none-eabi/lib/thumb/v7-m/nofp\libc.a(lib_a-signal.o)
                0x000000000800b538                _raise_r
 *fill*         0x000000000800b58a        0x2 
 .text.raise    0x000000000800b58c       0x10 d:/bigprogram/stm32 ide/stm32cubeide_1.10.1/stm32cubeide/plugins/com.st.stm32cube.ide.mcu.externaltools.gnu-tools-for-stm32.10.3-2021.10.win32_1.0.100.202210260954/tools/bin/../lib/gcc/arm-none-eabi/10.3.1/../../../../arm-none-eabi/lib/thumb/v7-m/nofp\libc.a(lib_a-signal.o)
                0x000000000800b58c                raise
 .text._kill_r  0x000000000800b59c       0x24 d:/bigprogram/stm32 ide/stm32cubeide_1.10.1/stm32cubeide/plugins/com.st.stm32cube.ide.mcu.externaltools.gnu-tools-for-stm32.10.3-2021.10.win32_1.0.100.202210260954/tools/bin/../lib/gcc/arm-none-eabi/10.3.1/../../../../arm-none-eabi/lib/thumb/v7-m/nofp\libc.a(lib_a-signalr.o)
                0x000000000800b59c                _kill_r
 .text._getpid_r
                0x000000000800b5c0        0x4 d:/bigprogram/stm32 ide/stm32cubeide_1.10.1/stm32cubeide/plugins/com.st.stm32cube.ide.mcu.externaltools.gnu-tools-for-stm32.10.3-2021.10.win32_1.0.100.202210260954/tools/bin/../lib/gcc/arm-none-eabi/10.3.1/../../../../arm-none-eabi/lib/thumb/v7-m/nofp\libc.a(lib_a-signalr.o)
                0x000000000800b5c0                _getpid_r
 *(.glue_7)
 .glue_7        0x000000000800b5c4        0x0 linker stubs
 *(.glue_7t)
 .glue_7t       0x000000000800b5c4        0x0 linker stubs
 *(.eh_frame)
 .eh_frame      0x000000000800b5c4        0x0 d:/bigprogram/stm32 ide/stm32cubeide_1.10.1/stm32cubeide/plugins/com.st.stm32cube.ide.mcu.externaltools.gnu-tools-for-stm32.10.3-2021.10.win32_1.0.100.202210260954/tools/bin/../lib/gcc/arm-none-eabi/10.3.1/thumb/v7-m/nofp/crtbegin.o
 *(.init)
 .init          0x000000000800b5c4        0x4 d:/bigprogram/stm32 ide/stm32cubeide_1.10.1/stm32cubeide/plugins/com.st.stm32cube.ide.mcu.externaltools.gnu-tools-for-stm32.10.3-2021.10.win32_1.0.100.202210260954/tools/bin/../lib/gcc/arm-none-eabi/10.3.1/thumb/v7-m/nofp/crti.o
                0x000000000800b5c4                _init
 .init          0x000000000800b5c8        0x8 d:/bigprogram/stm32 ide/stm32cubeide_1.10.1/stm32cubeide/plugins/com.st.stm32cube.ide.mcu.externaltools.gnu-tools-for-stm32.10.3-2021.10.win32_1.0.100.202210260954/tools/bin/../lib/gcc/arm-none-eabi/10.3.1/thumb/v7-m/nofp/crtn.o
 *(.fini)
 .fini          0x000000000800b5d0        0x4 d:/bigprogram/stm32 ide/stm32cubeide_1.10.1/stm32cubeide/plugins/com.st.stm32cube.ide.mcu.externaltools.gnu-tools-for-stm32.10.3-2021.10.win32_1.0.100.202210260954/tools/bin/../lib/gcc/arm-none-eabi/10.3.1/thumb/v7-m/nofp/crti.o
                0x000000000800b5d0                _fini
 .fini          0x000000000800b5d4        0x8 d:/bigprogram/stm32 ide/stm32cubeide_1.10.1/stm32cubeide/plugins/com.st.stm32cube.ide.mcu.externaltools.gnu-tools-for-stm32.10.3-2021.10.win32_1.0.100.202210260954/tools/bin/../lib/gcc/arm-none-eabi/10.3.1/thumb/v7-m/nofp/crtn.o
                0x000000000800b5dc                . = ALIGN (0x4)
                0x000000000800b5dc                _etext = .

.vfp11_veneer   0x000000000800b5dc        0x0
 .vfp11_veneer  0x000000000800b5dc        0x0 linker stubs

.v4_bx          0x000000000800b5dc        0x0
 .v4_bx         0x000000000800b5dc        0x0 linker stubs

.iplt           0x000000000800b5dc        0x0
 .iplt          0x000000000800b5dc        0x0 d:/bigprogram/stm32 ide/stm32cubeide_1.10.1/stm32cubeide/plugins/com.st.stm32cube.ide.mcu.externaltools.gnu-tools-for-stm32.10.3-2021.10.win32_1.0.100.202210260954/tools/bin/../lib/gcc/arm-none-eabi/10.3.1/thumb/v7-m/nofp/crtbegin.o

.rodata         0x000000000800b5e0      0x3c8
                0x000000000800b5e0                . = ALIGN (0x4)
 *(.rodata)
 .rodata        0x000000000800b5e0        0x7 ./Core/Src/main.o
 *fill*         0x000000000800b5e7        0x1 
 .rodata        0x000000000800b5e8       0x10 ./Drivers/STM32F1xx_HAL_Driver/Src/stm32f1xx_hal_rcc.o
 *(.rodata*)
 .rodata.AHBPrescTable
                0x000000000800b5f8       0x10 ./Core/Src/system_stm32f1xx.o
                0x000000000800b5f8                AHBPrescTable
 .rodata.APBPrescTable
                0x000000000800b608        0x8 ./Core/Src/system_stm32f1xx.o
                0x000000000800b608                APBPrescTable
 .rodata._global_impure_ptr
                0x000000000800b610        0x4 d:/bigprogram/stm32 ide/stm32cubeide_1.10.1/stm32cubeide/plugins/com.st.stm32cube.ide.mcu.externaltools.gnu-tools-for-stm32.10.3-2021.10.win32_1.0.100.202210260954/tools/bin/../lib/gcc/arm-none-eabi/10.3.1/../../../../arm-none-eabi/lib/thumb/v7-m/nofp\libc.a(lib_a-impure.o)
                0x000000000800b610                _global_impure_ptr
 .rodata._dtoa_r.str1.1
                0x000000000800b614       0x7b d:/bigprogram/stm32 ide/stm32cubeide_1.10.1/stm32cubeide/plugins/com.st.stm32cube.ide.mcu.externaltools.gnu-tools-for-stm32.10.3-2021.10.win32_1.0.100.202210260954/tools/bin/../lib/gcc/arm-none-eabi/10.3.1/../../../../arm-none-eabi/lib/thumb/v7-m/nofp\libc.a(lib_a-dtoa.o)
 .rodata.__multadd.str1.1
                0x000000000800b68f       0x5c d:/bigprogram/stm32 ide/stm32cubeide_1.10.1/stm32cubeide/plugins/com.st.stm32cube.ide.mcu.externaltools.gnu-tools-for-stm32.10.3-2021.10.win32_1.0.100.202210260954/tools/bin/../lib/gcc/arm-none-eabi/10.3.1/../../../../arm-none-eabi/lib/thumb/v7-m/nofp\libc.a(lib_a-mprec.o)
                                         0x6d (size before relaxing)
 *fill*         0x000000000800b6eb        0x5 
 .rodata.__mprec_bigtens
                0x000000000800b6f0       0x28 d:/bigprogram/stm32 ide/stm32cubeide_1.10.1/stm32cubeide/plugins/com.st.stm32cube.ide.mcu.externaltools.gnu-tools-for-stm32.10.3-2021.10.win32_1.0.100.202210260954/tools/bin/../lib/gcc/arm-none-eabi/10.3.1/../../../../arm-none-eabi/lib/thumb/v7-m/nofp\libc.a(lib_a-mprec.o)
                0x000000000800b6f0                __mprec_bigtens
 .rodata.__mprec_tens
                0x000000000800b718       0xc8 d:/bigprogram/stm32 ide/stm32cubeide_1.10.1/stm32cubeide/plugins/com.st.stm32cube.ide.mcu.externaltools.gnu-tools-for-stm32.10.3-2021.10.win32_1.0.100.202210260954/tools/bin/../lib/gcc/arm-none-eabi/10.3.1/../../../../arm-none-eabi/lib/thumb/v7-m/nofp\libc.a(lib_a-mprec.o)
                0x000000000800b718                __mprec_tens
 .rodata.p05.0  0x000000000800b7e0        0xc d:/bigprogram/stm32 ide/stm32cubeide_1.10.1/stm32cubeide/plugins/com.st.stm32cube.ide.mcu.externaltools.gnu-tools-for-stm32.10.3-2021.10.win32_1.0.100.202210260954/tools/bin/../lib/gcc/arm-none-eabi/10.3.1/../../../../arm-none-eabi/lib/thumb/v7-m/nofp\libc.a(lib_a-mprec.o)
 .rodata._svfprintf_r.str1.1
                0x000000000800b7ec       0x32 d:/bigprogram/stm32 ide/stm32cubeide_1.10.1/stm32cubeide/plugins/com.st.stm32cube.ide.mcu.externaltools.gnu-tools-for-stm32.10.3-2021.10.win32_1.0.100.202210260954/tools/bin/../lib/gcc/arm-none-eabi/10.3.1/../../../../arm-none-eabi/lib/thumb/v7-m/nofp\libc.a(lib_a-svfprintf.o)
                                         0x34 (size before relaxing)
 .rodata.blanks.1
                0x000000000800b81e       0x10 d:/bigprogram/stm32 ide/stm32cubeide_1.10.1/stm32cubeide/plugins/com.st.stm32cube.ide.mcu.externaltools.gnu-tools-for-stm32.10.3-2021.10.win32_1.0.100.202210260954/tools/bin/../lib/gcc/arm-none-eabi/10.3.1/../../../../arm-none-eabi/lib/thumb/v7-m/nofp\libc.a(lib_a-svfprintf.o)
 .rodata.zeroes.0
                0x000000000800b82e       0x10 d:/bigprogram/stm32 ide/stm32cubeide_1.10.1/stm32cubeide/plugins/com.st.stm32cube.ide.mcu.externaltools.gnu-tools-for-stm32.10.3-2021.10.win32_1.0.100.202210260954/tools/bin/../lib/gcc/arm-none-eabi/10.3.1/../../../../arm-none-eabi/lib/thumb/v7-m/nofp\libc.a(lib_a-svfprintf.o)
 .rodata._vfiprintf_r.str1.1
                0x000000000800b83e       0x22 d:/bigprogram/stm32 ide/stm32cubeide_1.10.1/stm32cubeide/plugins/com.st.stm32cube.ide.mcu.externaltools.gnu-tools-for-stm32.10.3-2021.10.win32_1.0.100.202210260954/tools/bin/../lib/gcc/arm-none-eabi/10.3.1/../../../../arm-none-eabi/lib/thumb/v7-m/nofp\libc.a(lib_a-vfiprintf.o)
 .rodata.blanks.1
                0x000000000800b83e       0x10 d:/bigprogram/stm32 ide/stm32cubeide_1.10.1/stm32cubeide/plugins/com.st.stm32cube.ide.mcu.externaltools.gnu-tools-for-stm32.10.3-2021.10.win32_1.0.100.202210260954/tools/bin/../lib/gcc/arm-none-eabi/10.3.1/../../../../arm-none-eabi/lib/thumb/v7-m/nofp\libc.a(lib_a-vfiprintf.o)
 .rodata.zeroes.0
                0x000000000800b84e       0x10 d:/bigprogram/stm32 ide/stm32cubeide_1.10.1/stm32cubeide/plugins/com.st.stm32cube.ide.mcu.externaltools.gnu-tools-for-stm32.10.3-2021.10.win32_1.0.100.202210260954/tools/bin/../lib/gcc/arm-none-eabi/10.3.1/../../../../arm-none-eabi/lib/thumb/v7-m/nofp\libc.a(lib_a-vfiprintf.o)
 .rodata.__assert_func.str1.1
                0x000000000800b85e       0x3c d:/bigprogram/stm32 ide/stm32cubeide_1.10.1/stm32cubeide/plugins/com.st.stm32cube.ide.mcu.externaltools.gnu-tools-for-stm32.10.3-2021.10.win32_1.0.100.202210260954/tools/bin/../lib/gcc/arm-none-eabi/10.3.1/../../../../arm-none-eabi/lib/thumb/v7-m/nofp\libc.a(lib_a-assert.o)
                                         0x3d (size before relaxing)
 .rodata._setlocale_r.str1.1
                0x000000000800b89a        0x8 d:/bigprogram/stm32 ide/stm32cubeide_1.10.1/stm32cubeide/plugins/com.st.stm32cube.ide.mcu.externaltools.gnu-tools-for-stm32.10.3-2021.10.win32_1.0.100.202210260954/tools/bin/../lib/gcc/arm-none-eabi/10.3.1/../../../../arm-none-eabi/lib/thumb/v7-m/nofp\libc.a(lib_a-locale.o)
                                          0x9 (size before relaxing)
 .rodata.str1.1
                0x000000000800b8a2        0x2 d:/bigprogram/stm32 ide/stm32cubeide_1.10.1/stm32cubeide/plugins/com.st.stm32cube.ide.mcu.externaltools.gnu-tools-for-stm32.10.3-2021.10.win32_1.0.100.202210260954/tools/bin/../lib/gcc/arm-none-eabi/10.3.1/../../../../arm-none-eabi/lib/thumb/v7-m/nofp\libc.a(lib_a-locale.o)
 .rodata._ctype_
                0x000000000800b8a4      0x101 d:/bigprogram/stm32 ide/stm32cubeide_1.10.1/stm32cubeide/plugins/com.st.stm32cube.ide.mcu.externaltools.gnu-tools-for-stm32.10.3-2021.10.win32_1.0.100.202210260954/tools/bin/../lib/gcc/arm-none-eabi/10.3.1/../../../../arm-none-eabi/lib/thumb/v7-m/nofp\libc.a(lib_a-ctype_.o)
                0x000000000800b8a4                _ctype_
                0x000000000800b9a8                . = ALIGN (0x4)
 *fill*         0x000000000800b9a5        0x3 

.ARM.extab      0x000000000800b9a8        0x0
                0x000000000800b9a8                . = ALIGN (0x4)
 *(.ARM.extab* .gnu.linkonce.armextab.*)
                0x000000000800b9a8                . = ALIGN (0x4)

.ARM            0x000000000800b9a8        0x8
                0x000000000800b9a8                . = ALIGN (0x4)
                0x000000000800b9a8                __exidx_start = .
 *(.ARM.exidx*)
 .ARM.exidx     0x000000000800b9a8        0x8 d:/bigprogram/stm32 ide/stm32cubeide_1.10.1/stm32cubeide/plugins/com.st.stm32cube.ide.mcu.externaltools.gnu-tools-for-stm32.10.3-2021.10.win32_1.0.100.202210260954/tools/bin/../lib/gcc/arm-none-eabi/10.3.1/thumb/v7-m/nofp\libgcc.a(_udivmoddi4.o)
                0x000000000800b9b0                __exidx_end = .
                0x000000000800b9b0                . = ALIGN (0x4)

.rel.dyn        0x000000000800b9b0        0x0
 .rel.iplt      0x000000000800b9b0        0x0 d:/bigprogram/stm32 ide/stm32cubeide_1.10.1/stm32cubeide/plugins/com.st.stm32cube.ide.mcu.externaltools.gnu-tools-for-stm32.10.3-2021.10.win32_1.0.100.202210260954/tools/bin/../lib/gcc/arm-none-eabi/10.3.1/thumb/v7-m/nofp/crtbegin.o

.preinit_array  0x000000000800b9b0        0x0
                0x000000000800b9b0                . = ALIGN (0x4)
                0x000000000800b9b0                PROVIDE (__preinit_array_start = .)
 *(.preinit_array*)
                0x000000000800b9b0                PROVIDE (__preinit_array_end = .)
                0x000000000800b9b0                . = ALIGN (0x4)

.init_array     0x000000000800b9b0        0x8
                0x000000000800b9b0                . = ALIGN (0x4)
                0x000000000800b9b0                PROVIDE (__init_array_start = .)
 *(SORT_BY_NAME(.init_array.*))
 .init_array.00000
                0x000000000800b9b0        0x4 d:/bigprogram/stm32 ide/stm32cubeide_1.10.1/stm32cubeide/plugins/com.st.stm32cube.ide.mcu.externaltools.gnu-tools-for-stm32.10.3-2021.10.win32_1.0.100.202210260954/tools/bin/../lib/gcc/arm-none-eabi/10.3.1/../../../../arm-none-eabi/lib/thumb/v7-m/nofp\libc.a(lib_a-__call_atexit.o)
 *(.init_array*)
 .init_array    0x000000000800b9b4        0x4 d:/bigprogram/stm32 ide/stm32cubeide_1.10.1/stm32cubeide/plugins/com.st.stm32cube.ide.mcu.externaltools.gnu-tools-for-stm32.10.3-2021.10.win32_1.0.100.202210260954/tools/bin/../lib/gcc/arm-none-eabi/10.3.1/thumb/v7-m/nofp/crtbegin.o
                0x000000000800b9b8                PROVIDE (__init_array_end = .)
                0x000000000800b9b8                . = ALIGN (0x4)

.fini_array     0x000000000800b9b8        0x4
                0x000000000800b9b8                . = ALIGN (0x4)
                0x000000000800b9b8                PROVIDE (__fini_array_start = .)
 *(SORT_BY_NAME(.fini_array.*))
 *(.fini_array*)
 .fini_array    0x000000000800b9b8        0x4 d:/bigprogram/stm32 ide/stm32cubeide_1.10.1/stm32cubeide/plugins/com.st.stm32cube.ide.mcu.externaltools.gnu-tools-for-stm32.10.3-2021.10.win32_1.0.100.202210260954/tools/bin/../lib/gcc/arm-none-eabi/10.3.1/thumb/v7-m/nofp/crtbegin.o
                0x000000000800b9bc                PROVIDE (__fini_array_end = .)
                0x000000000800b9bc                . = ALIGN (0x4)
                0x000000000800b9bc                _sidata = LOADADDR (.data)

.data           0x0000000020000000      0x9d0 load address 0x000000000800b9bc
                0x0000000020000000                . = ALIGN (0x4)
                0x0000000020000000                _sdata = .
 *(.data)
 *(.data*)
 .data.p_set    0x0000000020000000        0x4 ./Core/Src/motor.o
                0x0000000020000000                p_set
 .data.i_set    0x0000000020000004        0x4 ./Core/Src/motor.o
                0x0000000020000004                i_set
 .data.SystemCoreClock
                0x0000000020000008        0x4 ./Core/Src/system_stm32f1xx.o
                0x0000000020000008                SystemCoreClock
 .data.zigbeeSend
                0x000000002000000c        0xc ./Core/Src/zigbee_edc24.o
                0x000000002000000c                zigbeeSend
 .data.uwTickPrio
                0x0000000020000018        0x4 ./Drivers/STM32F1xx_HAL_Driver/Src/stm32f1xx_hal.o
                0x0000000020000018                uwTickPrio
 .data.uwTickFreq
                0x000000002000001c        0x1 ./Drivers/STM32F1xx_HAL_Driver/Src/stm32f1xx_hal.o
                0x000000002000001c                uwTickFreq
 *fill*         0x000000002000001d        0x3 
 .data._impure_ptr
                0x0000000020000020        0x4 d:/bigprogram/stm32 ide/stm32cubeide_1.10.1/stm32cubeide/plugins/com.st.stm32cube.ide.mcu.externaltools.gnu-tools-for-stm32.10.3-2021.10.win32_1.0.100.202210260954/tools/bin/../lib/gcc/arm-none-eabi/10.3.1/../../../../arm-none-eabi/lib/thumb/v7-m/nofp\libc.a(lib_a-impure.o)
                0x0000000020000020                _impure_ptr
 *fill*         0x0000000020000024        0x4 
 .data.impure_data
                0x0000000020000028      0x428 d:/bigprogram/stm32 ide/stm32cubeide_1.10.1/stm32cubeide/plugins/com.st.stm32cube.ide.mcu.externaltools.gnu-tools-for-stm32.10.3-2021.10.win32_1.0.100.202210260954/tools/bin/../lib/gcc/arm-none-eabi/10.3.1/../../../../arm-none-eabi/lib/thumb/v7-m/nofp\libc.a(lib_a-impure.o)
 .data.__atexit_recursive_mutex
                0x0000000020000450        0x4 d:/bigprogram/stm32 ide/stm32cubeide_1.10.1/stm32cubeide/plugins/com.st.stm32cube.ide.mcu.externaltools.gnu-tools-for-stm32.10.3-2021.10.win32_1.0.100.202210260954/tools/bin/../lib/gcc/arm-none-eabi/10.3.1/../../../../arm-none-eabi/lib/thumb/v7-m/nofp\libc.a(lib_a-__call_atexit.o)
                0x0000000020000450                __atexit_recursive_mutex
 .data.__malloc_av_
                0x0000000020000454      0x408 d:/bigprogram/stm32 ide/stm32cubeide_1.10.1/stm32cubeide/plugins/com.st.stm32cube.ide.mcu.externaltools.gnu-tools-for-stm32.10.3-2021.10.win32_1.0.100.202210260954/tools/bin/../lib/gcc/arm-none-eabi/10.3.1/../../../../arm-none-eabi/lib/thumb/v7-m/nofp\libc.a(lib_a-mallocr.o)
                0x0000000020000454                __malloc_av_
 .data.__malloc_sbrk_base
                0x000000002000085c        0x4 d:/bigprogram/stm32 ide/stm32cubeide_1.10.1/stm32cubeide/plugins/com.st.stm32cube.ide.mcu.externaltools.gnu-tools-for-stm32.10.3-2021.10.win32_1.0.100.202210260954/tools/bin/../lib/gcc/arm-none-eabi/10.3.1/../../../../arm-none-eabi/lib/thumb/v7-m/nofp\libc.a(lib_a-mallocr.o)
                0x000000002000085c                __malloc_sbrk_base
 .data.__malloc_trim_threshold
                0x0000000020000860        0x4 d:/bigprogram/stm32 ide/stm32cubeide_1.10.1/stm32cubeide/plugins/com.st.stm32cube.ide.mcu.externaltools.gnu-tools-for-stm32.10.3-2021.10.win32_1.0.100.202210260954/tools/bin/../lib/gcc/arm-none-eabi/10.3.1/../../../../arm-none-eabi/lib/thumb/v7-m/nofp\libc.a(lib_a-mallocr.o)
                0x0000000020000860                __malloc_trim_threshold
 .data.__global_locale
                0x0000000020000864      0x16c d:/bigprogram/stm32 ide/stm32cubeide_1.10.1/stm32cubeide/plugins/com.st.stm32cube.ide.mcu.externaltools.gnu-tools-for-stm32.10.3-2021.10.win32_1.0.100.202210260954/tools/bin/../lib/gcc/arm-none-eabi/10.3.1/../../../../arm-none-eabi/lib/thumb/v7-m/nofp\libc.a(lib_a-locale.o)
                0x0000000020000864                __global_locale
 *(.RamFunc)
 *(.RamFunc*)
                0x00000000200009d0                . = ALIGN (0x4)
                0x00000000200009d0                _edata = .

.igot.plt       0x00000000200009d0        0x0 load address 0x000000000800c38c
 .igot.plt      0x00000000200009d0        0x0 d:/bigprogram/stm32 ide/stm32cubeide_1.10.1/stm32cubeide/plugins/com.st.stm32cube.ide.mcu.externaltools.gnu-tools-for-stm32.10.3-2021.10.win32_1.0.100.202210260954/tools/bin/../lib/gcc/arm-none-eabi/10.3.1/thumb/v7-m/nofp/crtbegin.o
                0x00000000200009d0                . = ALIGN (0x4)

.bss            0x00000000200009d0      0x548 load address 0x000000000800c38c
                0x00000000200009d0                _sbss = .
                0x00000000200009d0                __bss_start__ = _sbss
 *(.bss)
 .bss           0x00000000200009d0       0x1c d:/bigprogram/stm32 ide/stm32cubeide_1.10.1/stm32cubeide/plugins/com.st.stm32cube.ide.mcu.externaltools.gnu-tools-for-stm32.10.3-2021.10.win32_1.0.100.202210260954/tools/bin/../lib/gcc/arm-none-eabi/10.3.1/thumb/v7-m/nofp/crtbegin.o
 *(.bss*)
 .bss.transpoint
                0x00000000200009ec       0x14 ./Core/Src/algorithm.o
                0x00000000200009ec                transpoint
 .bss.now       0x0000000020000a00        0x4 ./Core/Src/algorithm.o
                0x0000000020000a00                now
 .bss.path      0x0000000020000a04       0x28 ./Core/Src/algorithm.o