Archive member included to satisfy reference by file (symbol)

d:/bigprogram/stm32 ide/stm32cubeide_1.10.1/stm32cubeide/plugins/com.st.stm32cube.ide.mcu.externaltools.gnu-tools-for-stm32.10.3-2021.10.win32_1.0.100.202210260954/tools/bin/../lib/gcc/arm-none-eabi/10.3.1/../../../../arm-none-eabi/lib/thumb/v7-m/nofp\libc.a(lib_a-errno.o)
                              ./Core/Src/syscalls.o (__errno)
d:/bigprogram/stm32 ide/stm32cubeide_1.10.1/stm32cubeide/plugins/com.st.stm32cube.ide.mcu.externaltools.gnu-tools-for-stm32.10.3-2021.10.win32_1.0.100.202210260954/tools/bin/../lib/gcc/arm-none-eabi/10.3.1/../../../../arm-none-eabi/lib/thumb/v7-m/nofp\libc.a(lib_a-exit.o)
                              d:/bigprogram/stm32 ide/stm32cubeide_1.10.1/stm32cubeide/plugins/com.st.stm32cube.ide.mcu.externaltools.gnu-tools-for-stm32.10.3-2021.10.win32_1.0.100.202210260954/tools/bin/../lib/gcc/arm-none-eabi/10.3.1/../../../../arm-none-eabi/lib/thumb/v7-m/nofp/crt0.o (exit)
d:/bigprogram/stm32 ide/stm32cubeide_1.10.1/stm32cubeide/plugins/com.st.stm32cube.ide.mcu.externaltools.gnu-tools-for-stm32.10.3-2021.10.win32_1.0.100.202210260954/tools/bin/../lib/gcc/arm-none-eabi/10.3.1/../../../../arm-none-eabi/lib/thumb/v7-m/nofp\libc.a(lib_a-impure.o)
                              d:/bigprogram/stm32 ide/stm32cubeide_1.10.1/stm32cubeide/plugins/com.st.stm32cube.ide.mcu.externaltools.gnu-tools-for-stm32.10.3-2021.10.win32_1.0.100.202210260954/tools/bin/../lib/gcc/arm-none-eabi/10.3.1/../../../../arm-none-eabi/lib/thumb/v7-m/nofp\libc.a(lib_a-exit.o) (_global_impure_ptr)
d:/bigprogram/stm32 ide/stm32cubeide_1.10.1/stm32cubeide/plugins/com.st.stm32cube.ide.mcu.externaltools.gnu-tools-for-stm32.10.3-2021.10.win32_1.0.100.202210260954/tools/bin/../lib/gcc/arm-none-eabi/10.3.1/../../../../arm-none-eabi/lib/thumb/v7-m/nofp\libc.a(lib_a-init.o)
                              d:/bigprogram/stm32 ide/stm32cubeide_1.10.1/stm32cubeide/plugins/com.st.stm32cube.ide.mcu.externaltools.gnu-tools-for-stm32.10.3-2021.10.win32_1.0.100.202210260954/tools/bin/../lib/gcc/arm-none-eabi/10.3.1/../../../../arm-none-eabi/lib/thumb/v7-m/nofp/crt0.o (__libc_init_array)
d:/bigprogram/stm32 ide/stm32cubeide_1.10.1/stm32cubeide/plugins/com.st.stm32cube.ide.mcu.externaltools.gnu-tools-for-stm32.10.3-2021.10.win32_1.0.100.202210260954/tools/bin/../lib/gcc/arm-none-eabi/10.3.1/../../../../arm-none-eabi/lib/thumb/v7-m/nofp\libc.a(lib_a-memset.o)
                              d:/bigprogram/stm32 ide/stm32cubeide_1.10.1/stm32cubeide/plugins/com.st.stm32cube.ide.mcu.externaltools.gnu-tools-for-stm32.10.3-2021.10.win32_1.0.100.202210260954/tools/bin/../lib/gcc/arm-none-eabi/10.3.1/../../../../arm-none-eabi/lib/thumb/v7-m/nofp/crt0.o (memset)
d:/bigprogram/stm32 ide/stm32cubeide_1.10.1/stm32cubeide/plugins/com.st.stm32cube.ide.mcu.externaltools.gnu-tools-for-stm32.10.3-2021.10.win32_1.0.100.202210260954/tools/bin/../lib/gcc/arm-none-eabi/10.3.1/../../../../arm-none-eabi/lib/thumb/v7-m/nofp\libc.a(lib_a-printf.o)
                              ./Core/Src/algorithm.o (printf)
d:/bigprogram/stm32 ide/stm32cubeide_1.10.1/stm32cubeide/plugins/com.st.stm32cube.ide.mcu.externaltools.gnu-tools-for-stm32.10.3-2021.10.win32_1.0.100.202210260954/tools/bin/../lib/gcc/arm-none-eabi/10.3.1/../../../../arm-none-eabi/lib/thumb/v7-m/nofp\libc.a(lib_a-strlen.o)
                              ./Core/Src/usart.o (strlen)
d:/bigprogram/stm32 ide/stm32cubeide_1.10.1/stm32cubeide/plugins/com.st.stm32cube.ide.mcu.externaltools.gnu-tools-for-stm32.10.3-2021.10.win32_1.0.100.202210260954/tools/bin/../lib/gcc/arm-none-eabi/10.3.1/../../../../arm-none-eabi/lib/thumb/v7-m/nofp\libc.a(lib_a-vfprintf.o)
                              d:/bigprogram/stm32 ide/stm32cubeide_1.10.1/stm32cubeide/plugins/com.st.stm32cube.ide.mcu.externaltools.gnu-tools-for-stm32.10.3-2021.10.win32_1.0.100.202210260954/tools/bin/../lib/gcc/arm-none-eabi/10.3.1/../../../../arm-none-eabi/lib/thumb/v7-m/nofp\libc.a(lib_a-printf.o) (_vfprintf_r)
d:/bigprogram/stm32 ide/stm32cubeide_1.10.1/stm32cubeide/plugins/com.st.stm32cube.ide.mcu.externaltools.gnu-tools-for-stm32.10.3-2021.10.win32_1.0.100.202210260954/tools/bin/../lib/gcc/arm-none-eabi/10.3.1/../../../../arm-none-eabi/lib/thumb/v7-m/nofp\libc.a(lib_a-vsprintf.o)
                              ./Core/Src/usart.o (vsprintf)
d:/bigprogram/stm32 ide/stm32cubeide_1.10.1/stm32cubeide/plugins/com.st.stm32cube.ide.mcu.externaltools.gnu-tools-for-stm32.10.3-2021.10.win32_1.0.100.202210260954/tools/bin/../lib/gcc/arm-none-eabi/10.3.1/../../../../arm-none-eabi/lib/thumb/v7-m/nofp\libc.a(lib_a-wsetup.o)
                              d:/bigprogram/stm32 ide/stm32cubeide_1.10.1/stm32cubeide/plugins/com.st.stm32cube.ide.mcu.externaltools.gnu-tools-for-stm32.10.3-2021.10.win32_1.0.100.202210260954/tools/bin/../lib/gcc/arm-none-eabi/10.3.1/../../../../arm-none-eabi/lib/thumb/v7-m/nofp\libc.a(lib_a-vfprintf.o) (__swsetup_r)
[...]
Memory Configuration

Name             Origin             Length             Attributes
RAM              0x0000000020000000 0x000000000000c000 xrw
FLASH            0x0000000008000000 0x0000000000040000 xr
*default*        0x0000000000000000 0xffffffffffffffff

Linker script and memory map

LOAD d:/bigprogram/stm32 ide/stm32cubeide_1.10.1/stm32cubeide/plugins/com.st.stm32cube.ide.mcu.externaltools.gnu-tools-for-stm32.10.3-2021.10.win32_1.0.100.202210260954/tools/bin/../lib/gcc/arm-none-eabi/10.3.1/thumb/v7-m/nofp/crti.o
LOAD d:/bigprogram/stm32 ide/stm32cubeide_1.10.1/stm32cubeide/plugins/com.st.stm32cube.ide.mcu.externaltools.gnu-tools-for-stm32.10.3-2021.10.win32_1.0.100.202210260954/tools/bin/../lib/gcc/arm-none-eabi/10.3.1/thumb/v7-m/nofp/crtbegin.o
LOAD d:/bigprogram/stm32 ide/stm32cubeide_1.10.1/stm32cubeide/plugins/com.st.stm32cube.ide.mcu.externaltools.gnu-tools-for-stm32.10.3-2021.10.win32_1.0.100.202210260954/tools/bin/../lib/gcc/arm-none-eabi/10.3.1/../../../../arm-none-eabi/lib/thumb/v7-m/nofp/crt0.o
LOAD ./Core/Src/algorithm.o
LOAD ./Core/Src/dma.o
LOAD ./Core/Src/gpio.o
LOAD ./Core/Src/jy62.o
LOAD ./Core/Src/main.o
LOAD ./Core/Src/motor.o
LOAD ./Core/Src/pid.o
LOAD ./Core/Src/stm32f1xx_hal_msp.o
LOAD ./Core/Src/stm32f1xx_it.o
LOAD ./Core/Src/syscalls.o
LOAD ./Core/Src/sysmem.o
LOAD ./Core/Src/system_stm32f1xx.o
LOAD ./Core/Src/tim.o
LOAD ./Core/Src/usart.o
LOAD ./Core/Src/zigbee_edc24.o
LOAD ./Core/Startup/startup_stm32f103rctx.o
LOAD ./Drivers/STM32F1xx_HAL_Driver/Src/stm32f1xx_hal.o
LOAD ./Drivers/STM32F1xx_HAL_Driver/Src/stm32f1xx_hal_cortex.o
LOAD ./Drivers/STM32F1xx_HAL_Driver/Src/stm32f1xx_hal_dma.o
LOAD ./Drivers/STM32F1xx_HAL_Driver/Src/stm32f1xx_hal_exti.o
LOAD ./Drivers/STM32F1xx_HAL_Driver/Src/stm32f1xx_hal_flash.o
LOAD ./Drivers/STM32F1xx_HAL_Driver/Src/stm32f1xx_hal_flash_ex.o
LOAD ./Drivers/STM32F1xx_HAL_Driver/Src/stm32f1xx_hal_gpio.o
LOAD ./Drivers/STM32F1xx_HAL_Driver/Src/stm32f1xx_hal_gpio_ex.o
LOAD ./Drivers/STM32F1xx_HAL_Driver/Src/stm32f1xx_hal_pwr.o
LOAD ./Drivers/STM32F1xx_HAL_Driver/Src/stm32f1xx_hal_rcc.o
LOAD ./Drivers/STM32F1xx_HAL_Driver/Src/stm32f1xx_hal_rcc_ex.o
LOAD ./Drivers/STM32F1xx_HAL_Driver/Src/stm32f1xx_hal_tim.o
LOAD ./Drivers/STM32F1xx_HAL_Driver/Src/stm32f1xx_hal_tim_ex.o
LOAD ./Drivers/STM32F1xx_HAL_Driver/Src/stm32f1xx_hal_uart.o
START GROUP
LOAD d:/bigprogram/stm32 ide/stm32cubeide_1.10.1/stm32cubeide/plugins/com.st.stm32cube.ide.mcu.externaltools.gnu-tools-for-stm32.10.3-2021.10.win32_1.0.100.202210260954/tools/bin/../lib/gcc/arm-none-eabi/10.3.1/../../../../arm-none-eabi/lib/thumb/v7-m/nofp\libc.a
LOAD d:/bigprogram/stm32 ide/stm32cubeide_1.10.1/stm32cubeide/plugins/com.st.stm32cube.ide.mcu.externaltools.gnu-tools-for-stm32.10.3-2021.10.win32_1.0.100.202210260954/tools/bin/../lib/gcc/arm-none-eabi/10.3.1/../../../../arm-none-eabi/lib/thumb/v7-m/nofp\libm.a
END GROUP
START GROUP
LOAD d:/bigprogram/stm32 ide/stm32cubeide_1.10.1/stm32cubeide/plugins/com.st.stm32cube.ide.mcu.externaltools.gnu-tools-for-stm32.10.3-2021.10.win32_1.0.100.202210260954/tools/bin/../lib/gcc/arm-none-eabi/10.3.1/thumb/v7-m/nofp\libgcc.a
LOAD d:/bigprogram/stm32 ide/stm32cubeide_1.10.1/stm32cubeide/plugins/com.st.stm32cube.ide.mcu.externaltools.gnu-tools-for-stm32.10.3-2021.10.win32_1.0.100.202210260954/tools/bin/../lib/gcc/arm-none-eabi/10.3.1/../../../../arm-none-eabi/lib/thumb/v7-m/nofp\libc.a
END GROUP
START GROUP
LOAD d:/bigprogram/stm32 ide/stm32cubeide_1.10.1/stm32cubeide/plugins/com.st.stm32cube.ide.mcu.externaltools.gnu-tools-for-stm32.10.3-2021.10.win32_1.0.100.202210260954/tools/bin/../lib/gcc/arm-none-eabi/10.3.1/thumb/v7-m/nofp\libgcc.a
LOAD d:/bigprogram/stm32 ide/stm32cubeide_1.10.1/stm32cubeide/plugins/com.st.stm32cube.ide.mcu.externaltools.gnu-tools-for-stm32.10.3-2021.10.win32_1.0.100.202210260954/tools/bin/../lib/gcc/arm-none-eabi/10.3.1/../../../../arm-none-eabi/lib/thumb/v7-m/nofp\libc.a
LOAD d:/bigprogram/stm32 ide/stm32cubeide_1.10.1/stm32cubeide/plugins/com.st.stm32cube.ide.mcu.externaltools.gnu-tools-for-stm32.10.3-2021.10.win32_1.0.100.202210260954/tools/bin/../lib/gcc/arm-none-eabi/10.3.1/../../../../arm-none-eabi/lib/thumb/v7-m/nofp\libnosys.a
END GROUP
LOAD d:/bigprogram/stm32 ide/stm32cubeide_1.10.1/stm32cubeide/plugins/com.st.stm32cube.ide.mcu.externaltools.gnu-tools-for-stm32.10.3-2021.10.win32_1.0.100.202210260954/tools/bin/../lib/gcc/arm-none-eabi/10.3.1/thumb/v7-m/nofp/crtend.o
LOAD d:/bigprogram/stm32 ide/stm32cubeide_1.10.1/stm32cubeide/plugins/com.st.stm32cube.ide.mcu.externaltools.gnu-tools-for-stm32.10.3-2021.10.win32_1.0.100.202210260954/tools/bin/../lib/gcc/arm-none-eabi/10.3.1/thumb/v7-m/nofp/crtn.o
                0x000000002000c000                _estack = (ORIGIN (RAM) + LENGTH (RAM))
                0x0000000000000200                _Min_Heap_Size = 0x200
                0x0000000000000400                _Min_Stack_Size = 0x400

.isr_vector     0x0000000008000000      0x1e4
                0x0000000008000000                . = ALIGN (0x4)
 *(.isr_vector)
 .isr_vector    0x0000000008000000      0x1e4 ./Core/Startup/startup_stm32f103rctx.o
                0x0000000008000000                g_pfnVectors
                0x00000000080001e4                . = ALIGN (0x4)

.text           0x00000000080001e8     0xcbbc
                0x00000000080001e8                . = ALIGN (0x4)
 *(.text)
 .text          0x00000000080001e8       0x40 d:/bigprogram/stm32 ide/stm32cubeide_1.10.1/stm32cubeide/plugins/com.st.stm32cube.ide.mcu.externaltools.gnu-tools-for-stm32.10.3-2021.10.win32_1.0.100.202210260954/tools/bin/../lib/gcc/arm-none-eabi/10.3.1/thumb/v7-m/nofp/crtbegin.o
 .text          0x0000000008000228       0x10 d:/bigprogram/stm32 ide/stm32cubeide_1.10.1/stm32cubeide/plugins/com.st.stm32cube.ide.mcu.externaltools.gnu-tools-for-stm32.10.3-2021.10.win32_1.0.100.202210260954/tools/bin/../lib/gcc/arm-none-eabi/10.3.1/../../../../arm-none-eabi/lib/thumb/v7-m/nofp\libc.a(lib_a-strlen.o)
                0x0000000008000228                strlen
 .text          0x0000000008000238      0x378 d:/bigprogram/stm32 ide/stm32cubeide_1.10.1/stm32cubeide/plugins/com.st.stm32cube.ide.mcu.externaltools.gnu-tools-for-stm32.10.3-2021.10.win32_1.0.100.202210260954/tools/bin/../lib/gcc/arm-none-eabi/10.3.1/thumb/v7-m/nofp\libgcc.a(_arm_addsubdf3.o)
                0x0000000008000238                __aeabi_drsub
                0x0000000008000240                __aeabi_dsub
                0x0000000008000240                __subdf3
                0x0000000008000244                __aeabi_dadd
                0x0000000008000244                __adddf3
                0x00000000080004bc                __floatunsidf
                0x00000000080004bc                __aeabi_ui2d
                0x00000000080004dc                __floatsidf
                0x00000000080004dc                __aeabi_i2d
                0x0000000008000500                __aeabi_f2d
                0x0000000008000500                __extendsfdf2
                0x0000000008000544                __floatundidf
                0x0000000008000544                __aeabi_ul2d
                0x0000000008000554                __floatdidf
                0x0000000008000554                __aeabi_l2d
 .text          0x00000000080005b0      0x424 d:/bigprogram/stm32 ide/stm32cubeide_1.10.1/stm32cubeide/plugins/com.st.stm32cube.ide.mcu.externaltools.gnu-tools-for-stm32.10.3-2021.10.win32_1.0.100.202210260954/tools/bin/../lib/gcc/arm-none-eabi/10.3.1/thumb/v7-m/nofp\libgcc.a(_arm_muldivdf3.o)
                0x00000000080005b0                __aeabi_dmul
                0x00000000080005b0                __muldf3
                0x0000000008000804                __divdf3
                0x0000000008000804                __aeabi_ddiv
 .text          0x00000000080009d4      0x110 d:/bigprogram/stm32 ide/stm32cubeide_1.10.1/stm32cubeide/plugins/com.st.stm32cube.ide.mcu.externaltools.gnu-tools-for-stm32.10.3-2021.10.win32_1.0.100.202210260954/tools/bin/../lib/gcc/arm-none-eabi/10.3.1/thumb/v7-m/nofp\libgcc.a(_arm_cmpdf2.o)
                0x00000000080009d4                __gtdf2
                0x00000000080009d4                __gedf2
                0x00000000080009dc                __ltdf2
                0x00000000080009dc                __ledf2
                0x00000000080009e4                __nedf2
                0x00000000080009e4                __eqdf2
                0x00000000080009e4                __cmpdf2
                0x0000000008000a60                __aeabi_cdrcmple
                0x0000000008000a70                __aeabi_cdcmpeq
                0x0000000008000a70                __aeabi_cdcmple
                0x0000000008000a80                __aeabi_dcmpeq
                0x0000000008000a94                __aeabi_dcmplt
                0x0000000008000aa8                __aeabi_dcmple
                0x0000000008000abc                __aeabi_dcmpge
                0x0000000008000ad0                __aeabi_dcmpgt
 .text          0x0000000008000ae4       0x2c d:/bigprogram/stm32 ide/stm32cubeide_1.10.1/stm32cubeide/plugins/com.st.stm32cube.ide.mcu.externaltools.gnu-tools-for-stm32.10.3-2021.10.win32_1.0.100.202210260954/tools/bin/../lib/gcc/arm-none-eabi/10.3.1/thumb/v7-m/nofp\libgcc.a(_arm_unorddf2.o)
                0x0000000008000ae4                __unorddf2
                0x0000000008000ae4                __aeabi_dcmpun
 .text          0x0000000008000b10       0x50 d:/bigprogram/stm32 ide/stm32cubeide_1.10.1/stm32cubeide/plugins/com.st.stm32cube.ide.mcu.externaltools.gnu-tools-for-stm32.10.3-2021.10.win32_1.0.100.202210260954/tools/bin/../lib/gcc/arm-none-eabi/10.3.1/thumb/v7-m/nofp\libgcc.a(_arm_fixdfsi.o)
                0x0000000008000b10                __aeabi_d2iz
                0x0000000008000b10                __fixdfsi
 .text          0x0000000008000b60       0xa0 d:/bigprogram/stm32 ide/stm32cubeide_1.10.1/stm32cubeide/plugins/com.st.stm32cube.ide.mcu.externaltools.gnu-tools-for-stm32.10.3-2021.10.win32_1.0.100.202210260954/tools/bin/../lib/gcc/arm-none-eabi/10.3.1/thumb/v7-m/nofp\libgcc.a(_arm_truncdfsf2.o)
                0x0000000008000b60                __truncdfsf2
                0x0000000008000b60                __aeabi_d2f
 .text          0x0000000008000c00      0x21c d:/bigprogram/stm32 ide/stm32cubeide_1.10.1/stm32cubeide/plugins/com.st.stm32cube.ide.mcu.externaltools.gnu-tools-for-stm32.10.3-2021.10.win32_1.0.100.202210260954/tools/bin/../lib/gcc/arm-none-eabi/10.3.1/thumb/v7-m/nofp\libgcc.a(_arm_addsubsf3.o)
                0x0000000008000c00                __aeabi_frsub
                0x0000000008000c08                __subsf3
                0x0000000008000c08                __aeabi_fsub
                0x0000000008000c0c                __aeabi_fadd
                0x0000000008000c0c                __addsf3
                0x0000000008000d6c                __aeabi_ui2f
                0x0000000008000d6c                __floatunsisf
                0x0000000008000d74                __aeabi_i2f
                0x0000000008000d74                __floatsisf
                0x0000000008000d90                __aeabi_ul2f
                0x0000000008000d90                __floatundisf
                0x0000000008000da0                __aeabi_l2f
                0x0000000008000da0                __floatdisf
 .text          0x0000000008000e1c      0x2a0 d:/bigprogram/stm32 ide/stm32cubeide_1.10.1/stm32cubeide/plugins/com.st.stm32cube.ide.mcu.externaltools.gnu-tools-for-stm32.10.3-2021.10.win32_1.0.100.202210260954/tools/bin/../lib/gcc/arm-none-eabi/10.3.1/thumb/v7-m/nofp\libgcc.a(_arm_muldivsf3.o)
                0x0000000008000e1c                __mulsf3
                0x0000000008000e1c                __aeabi_fmul
                0x0000000008000f84                __aeabi_fdiv
                0x0000000008000f84                __divsf3
 .text          0x00000000080010bc       0xec d:/bigprogram/stm32 ide/stm32cubeide_1.10.1/stm32cubeide/plugins/com.st.stm32cube.ide.mcu.externaltools.gnu-tools-for-stm32.10.3-2021.10.win32_1.0.100.202210260954/tools/bin/../lib/gcc/arm-none-eabi/10.3.1/thumb/v7-m/nofp\libgcc.a(_arm_cmpsf2.o)
                0x00000000080010bc                __gesf2
                0x00000000080010bc                __gtsf2
                0x00000000080010c4                __lesf2
                0x00000000080010c4                __ltsf2
                0x00000000080010cc                __nesf2
                0x00000000080010cc                __eqsf2
                0x00000000080010cc                __cmpsf2
                0x000000000800112c                __aeabi_cfrcmple
                0x0000000008001134                __aeabi_cfcmpeq
                0x0000000008001134                __aeabi_cfcmple
                0x0000000008001144                __aeabi_fcmpeq
                0x0000000008001158                __aeabi_fcmplt
                0x000000000800116c                __aeabi_fcmple
                0x0000000008001180                __aeabi_fcmpge
                0x0000000008001194                __aeabi_fcmpgt
 .text          0x00000000080011a8       0x4c d:/bigprogram/stm32 ide/stm32cubeide_1.10.1/stm32cubeide/plugins/com.st.stm32cube.ide.mcu.externaltools.gnu-tools-for-stm32.10.3-2021.10.win32_1.0.100.202210260954/tools/bin/../lib/gcc/arm-none-eabi/10.3.1/thumb/v7-m/nofp\libgcc.a(_arm_fixsfsi.o)
                0x00000000080011a8                __aeabi_f2iz
                0x00000000080011a8                __fixsfsi
 .text          0x00000000080011f4       0x30 d:/bigprogram/stm32 ide/stm32cubeide_1.10.1/stm32cubeide/plugins/com.st.stm32cube.ide.mcu.externaltools.gnu-tools-for-stm32.10.3-2021.10.win32_1.0.100.202210260954/tools/bin/../lib/gcc/arm-none-eabi/10.3.1/thumb/v7-m/nofp\libgcc.a(_aeabi_uldivmod.o)
                0x00000000080011f4                __aeabi_uldivmod
 .text          0x0000000008001224      0x2d4 d:/bigprogram/stm32 ide/stm32cubeide_1.10.1/stm32cubeide/plugins/com.st.stm32cube.ide.mcu.externaltools.gnu-tools-for-stm32.10.3-2021.10.win32_1.0.100.202210260954/tools/bin/../lib/gcc/arm-none-eabi/10.3.1/thumb/v7-m/nofp\libgcc.a(_udivmoddi4.o)
                0x0000000008001224                __udivmoddi4
 .text          0x00000000080014f8        0x4 d:/bigprogram/stm32 ide/stm32cubeide_1.10.1/stm32cubeide/plugins/com.st.stm32cube.ide.mcu.externaltools.gnu-tools-for-stm32.10.3-2021.10.win32_1.0.100.202210260954/tools/bin/../lib/gcc/arm-none-eabi/10.3.1/thumb/v7-m/nofp\libgcc.a(_dvmd_tls.o)
                0x00000000080014f8                __aeabi_idiv0
                0x00000000080014f8                __aeabi_ldiv0
 *(.text*)
 .text.pos_pair
                0x00000000080014fc       0x34 ./Core/Src/algorithm.o
                0x00000000080014fc                pos_pair
 .text.dis      0x0000000008001530       0x40 ./Core/Src/algorithm.o
                0x0000000008001530                dis
 .text.check_cross_wall
                0x0000000008001570      0x596 ./Core/Src/algorithm.o
                0x0000000008001570                check_cross_wall
 *fill*         0x0000000008001b06        0x2 
 .text.get_nearest_transpoint
                0x0000000008001b08       0x9c ./Core/Src/algorithm.o
                0x0000000008001b08                get_nearest_transpoint
 .text.get_extension_transpoint
                0x0000000008001ba4       0x9a ./Core/Src/algorithm.o
                0x0000000008001ba4                get_extension_transpoint
 *fill*         0x0000000008001c3e        0x2 
 .text.extend_path
                0x0000000008001c40       0x80 ./Core/Src/algorithm.o
                0x0000000008001c40                extend_path
 .text.get_path
                0x0000000008001cc0      0x11c ./Core/Src/algorithm.o
                0x0000000008001cc0                get_path
 .text.get_nearest_point
                0x0000000008001ddc      0x160 ./Core/Src/algorithm.o
                0x0000000008001ddc                get_nearest_point
 .text.store_order
                0x0000000008001f3c       0xc4 ./Core/Src/algorithm.o
                0x0000000008001f3c                store_order
 .text.check_power
                0x0000000008002000       0x94 ./Core/Src/algorithm.o
                0x0000000008002000                check_power
 .text.set_pile
                0x0000000008002094      0x10c ./Core/Src/algorithm.o
                0x0000000008002094                set_pile
 .text.orderInit
                0x00000000080021a0       0xa4 ./Core/Src/algorithm.o
                0x00000000080021a0                orderInit
 .text.MX_DMA_Init
                0x0000000008002244       0x5c ./Core/Src/dma.o
                0x0000000008002244                MX_DMA_Init
 .text.MX_GPIO_Init
                0x00000000080022a0       0xf8 ./Core/Src/gpio.o
                0x00000000080022a0                MX_GPIO_Init
 .text.jy62_Init
                0x0000000008002398       0x2c ./Core/Src/jy62.o
                0x0000000008002398                jy62_Init
 .text.jy62MessageRecord
                0x00000000080023c4       0xc0 ./Core/Src/jy62.o
                0x00000000080023c4                jy62MessageRecord
 .text.SetBaud  0x0000000008002484       0x50 ./Core/Src/jy62.o
                0x0000000008002484                SetBaud
 .text.SetHorizontal
                0x00000000080024d4       0x20 ./Core/Src/jy62.o
                0x00000000080024d4                SetHorizontal
 .text.InitAngle
                0x00000000080024f4       0x20 ./Core/Src/jy62.o
                0x00000000080024f4                InitAngle
 .text.Calibrate
                0x0000000008002514       0x20 ./Core/Src/jy62.o
                0x0000000008002514                Calibrate
 .text.SleepOrAwake
                0x0000000008002534       0x20 ./Core/Src/jy62.o
                0x0000000008002534                SleepOrAwake
 .text.GetYaw   0x0000000008002554       0x14 ./Core/Src/jy62.o
                0x0000000008002554                GetYaw
 .text.DecodeAngle
                0x0000000008002568       0xb0 ./Core/Src/jy62.o
                0x0000000008002568                DecodeAngle
 .text.DecodeAccelerate
                0x0000000008002618      0x110 ./Core/Src/jy62.o
                0x0000000008002618                DecodeAccelerate
 .text.DecodeVelocity
                0x0000000008002728       0xb0 ./Core/Src/jy62.o
                0x0000000008002728                DecodeVelocity
 .text.DecodeTemperature
                0x00000000080027d8       0x5c ./Core/Src/jy62.o
                0x00000000080027d8                DecodeTemperature
 .text.Decode   0x0000000008002834       0x3c ./Core/Src/jy62.o
                0x0000000008002834                Decode
 .text.HAL_TIM_PeriodElapsedCallback
                0x0000000008002870      0x13c ./Core/Src/main.o
                0x0000000008002870                HAL_TIM_PeriodElapsedCallback
 .text.HAL_UART_RxCpltCallback
                0x00000000080029ac       0x20 ./Core/Src/main.o
                0x00000000080029ac                HAL_UART_RxCpltCallback
 .text.main     0x00000000080029cc      0x4b4 ./Core/Src/main.o
                0x00000000080029cc                main
 .text.SystemClock_Config
                0x0000000008002e80       0x8a ./Core/Src/main.o
                0x0000000008002e80                SystemClock_Config
 .text.Error_Handler
                0x0000000008002f0a        0xa ./Core/Src/main.o
                0x0000000008002f0a                Error_Handler
 .text.MOTOR_Direction
                0x0000000008002f14      0x17c ./Core/Src/motor.o
                0x0000000008002f14                MOTOR_Direction
 .text.MOTOR_Rotate
                0x0000000008003090      0x220 ./Core/Src/motor.o
                0x0000000008003090                MOTOR_Rotate
 .text.MOTOR_Straight
                0x00000000080032b0       0xa6 ./Core/Src/motor.o
                0x00000000080032b0                MOTOR_Straight
 .text.MOTOR_Standby
                0x0000000008003356       0x30 ./Core/Src/motor.o
                0x0000000008003356                MOTOR_Standby
 *fill*         0x0000000008003386        0x2 
 .text.MOTOR_Move
                0x0000000008003388      0x128 ./Core/Src/motor.o
                0x0000000008003388                MOTOR_Move
 .text.PID_Init_S
                0x00000000080034b0       0x80 ./Core/Src/pid.o
                0x00000000080034b0                PID_Init_S
 .text.PID_Clear_S
                0x0000000008003530       0x5a ./Core/Src/pid.o
                0x0000000008003530                PID_Clear_S
 *fill*         0x000000000800358a        0x2 
 .text.PID_Calculate_S
                0x000000000800358c      0x2e8 ./Core/Src/pid.o
                0x000000000800358c                PID_Calculate_S
 .text.HAL_MspInit
                0x0000000008003874       0x64 ./Core/Src/stm32f1xx_hal_msp.o
                0x0000000008003874                HAL_MspInit
 .text.NMI_Handler
                0x00000000080038d8        0x6 ./Core/Src/stm32f1xx_it.o
                0x00000000080038d8                NMI_Handler
 .text.HardFault_Handler
                0x00000000080038de        0x6 ./Core/Src/stm32f1xx_it.o
                0x00000000080038de                HardFault_Handler
 .text.MemManage_Handler
                0x00000000080038e4        0x6 ./Core/Src/stm32f1xx_it.o
                0x00000000080038e4                MemManage_Handler
 .text.BusFault_Handler
                0x00000000080038ea        0x6 ./Core/Src/stm32f1xx_it.o
                0x00000000080038ea                BusFault_Handler
 .text.UsageFault_Handler
                0x00000000080038f0        0x6 ./Core/Src/stm32f1xx_it.o
                0x00000000080038f0                UsageFault_Handler
 .text.SVC_Handler
                0x00000000080038f6        0xc ./Core/Src/stm32f1xx_it.o
                0x00000000080038f6                SVC_Handler
 .text.DebugMon_Handler
                0x0000000008003902        0xc ./Core/Src/stm32f1xx_it.o
                0x0000000008003902                DebugMon_Handler
 .text.PendSV_Handler
                0x000000000800390e        0xc ./Core/Src/stm32f1xx_it.o
                0x000000000800390e                PendSV_Handler
 .text.SysTick_Handler
                0x000000000800391a        0xc ./Core/Src/stm32f1xx_it.o
                0x000000000800391a                SysTick_Handler
 *fill*         0x0000000008003926        0x2 
 .text.DMA1_Channel3_IRQHandler
                0x0000000008003928       0x14 ./Core/Src/stm32f1xx_it.o
                0x0000000008003928                DMA1_Channel3_IRQHandler
 .text.DMA1_Channel5_IRQHandler
                0x000000000800393c       0x14 ./Core/Src/stm32f1xx_it.o
                0x000000000800393c                DMA1_Channel5_IRQHandler
 .text.DMA1_Channel6_IRQHandler
                0x0000000008003950       0x14 ./Core/Src/stm32f1xx_it.o
                0x0000000008003950                DMA1_Channel6_IRQHandler
 .text.TIM1_BRK_IRQHandler
                0x0000000008003964       0x14 ./Core/Src/stm32f1xx_it.o
                0x0000000008003964                TIM1_BRK_IRQHandler
 .text.TIM1_UP_IRQHandler
                0x0000000008003978       0x14 ./Core/Src/stm32f1xx_it.o
                0x0000000008003978                TIM1_UP_IRQHandler
 .text.TIM1_TRG_COM_IRQHandler
                0x000000000800398c       0x14 ./Core/Src/stm32f1xx_it.o
                0x000000000800398c                TIM1_TRG_COM_IRQHandler
 .text.TIM1_CC_IRQHandler
                0x00000000080039a0       0x14 ./Core/Src/stm32f1xx_it.o
                0x00000000080039a0                TIM1_CC_IRQHandler
 .text.USART1_IRQHandler
                0x00000000080039b4       0x14 ./Core/Src/stm32f1xx_it.o
                0x00000000080039b4                USART1_IRQHandler
 .text.USART2_IRQHandler
                0x00000000080039c8       0x14 ./Core/Src/stm32f1xx_it.o
                0x00000000080039c8                USART2_IRQHandler
 .text.USART3_IRQHandler
                0x00000000080039dc       0x14 ./Core/Src/stm32f1xx_it.o
                0x00000000080039dc                USART3_IRQHandler
 .text._getpid  0x00000000080039f0        0xe ./Core/Src/syscalls.o
                0x00000000080039f0                _getpid
 .text._kill    0x00000000080039fe       0x20 ./Core/Src/syscalls.o
                0x00000000080039fe                _kill
 .text._exit    0x0000000008003a1e       0x14 ./Core/Src/syscalls.o
                0x0000000008003a1e                _exit
 .text._read    0x0000000008003a32       0x3a ./Core/Src/syscalls.o
                0x0000000008003a32                _read
 .text._write   0x0000000008003a6c       0x38 ./Core/Src/syscalls.o
                0x0000000008003a6c                _write
 .text._close   0x0000000008003aa4       0x16 ./Core/Src/syscalls.o
                0x0000000008003aa4                _close
 .text._fstat   0x0000000008003aba       0x1e ./Core/Src/syscalls.o
                0x0000000008003aba                _fstat
 .text._isatty  0x0000000008003ad8       0x14 ./Core/Src/syscalls.o
                0x0000000008003ad8                _isatty
 .text._lseek   0x0000000008003aec       0x18 ./Core/Src/syscalls.o
                0x0000000008003aec                _lseek
 .text._sbrk    0x0000000008003b04       0x6c ./Core/Src/sysmem.o
                0x0000000008003b04                _sbrk
 .text.SystemInit
                0x0000000008003b70        0xc ./Core/Src/system_stm32f1xx.o
                0x0000000008003b70                SystemInit
 .text.MX_TIM1_Init
                0x0000000008003b7c      0x188 ./Core/Src/tim.o
                0x0000000008003b7c                MX_TIM1_Init
 .text.MX_TIM2_Init
                0x0000000008003d04       0xa8 ./Core/Src/tim.o
                0x0000000008003d04                MX_TIM2_Init
 .text.MX_TIM3_Init
                0x0000000008003dac       0xa8 ./Core/Src/tim.o
                0x0000000008003dac                MX_TIM3_Init
 .text.MX_TIM5_Init
                0x0000000008003e54       0xa8 ./Core/Src/tim.o
                0x0000000008003e54                MX_TIM5_Init
 .text.MX_TIM8_Init
                0x0000000008003efc       0xb0 ./Core/Src/tim.o
                0x0000000008003efc                MX_TIM8_Init
 .text.HAL_TIM_Base_MspInit
                0x0000000008003fac       0x7c ./Core/Src/tim.o
                0x0000000008003fac                HAL_TIM_Base_MspInit
 .text.HAL_TIM_Encoder_MspInit
                0x0000000008004028      0x1e4 ./Core/Src/tim.o
                0x0000000008004028                HAL_TIM_Encoder_MspInit
 .text.HAL_TIM_MspPostInit
                0x000000000800420c       0x68 ./Core/Src/tim.o
                0x000000000800420c                HAL_TIM_MspPostInit
 .text.MX_USART1_UART_Init
                0x0000000008004274       0x54 ./Core/Src/usart.o
                0x0000000008004274                MX_USART1_UART_Init
 .text.MX_USART2_UART_Init
                0x00000000080042c8       0x54 ./Core/Src/usart.o
                0x00000000080042c8                MX_USART2_UART_Init
 .text.MX_USART3_UART_Init
                0x000000000800431c       0x54 ./Core/Src/usart.o
                0x000000000800431c                MX_USART3_UART_Init
 .text.HAL_UART_MspInit
                0x0000000008004370      0x2fc ./Core/Src/usart.o
                0x0000000008004370                HAL_UART_MspInit
 .text.u1_printf
                0x000000000800466c       0x50 ./Core/Src/usart.o
                0x000000000800466c                u1_printf
 .text.HAL_UART_ErrorCallback
                0x00000000080046bc       0x44 ./Core/Src/zigbee_edc24.o
                0x00000000080046bc                HAL_UART_ErrorCallback
 .text.HAL_UARTEx_RxEventCallback
                0x0000000008004700       0x30 ./Core/Src/zigbee_edc24.o
                0x0000000008004700                HAL_UARTEx_RxEventCallback
 .text.CalculateChecksum
                0x0000000008004730       0x3c ./Core/Src/zigbee_edc24.o
 .text.change_float_data
                0x000000000800476c       0x1a ./Core/Src/zigbee_edc24.o
 *fill*         0x0000000008004786        0x2 
 .text.zigbee_Init
                0x0000000008004788       0x5c ./Core/Src/zigbee_edc24.o
                0x0000000008004788                zigbee_Init
 .text.zigbeeMessageRecord
                0x00000000080047e4      0x154 ./Core/Src/zigbee_edc24.o
                0x00000000080047e4                zigbeeMessageRecord
 .text.getGameStatus
                0x0000000008004938       0x28 ./Core/Src/zigbee_edc24.o
                0x0000000008004938                getGameStatus
 .text.getVehiclePos
                0x0000000008004960       0x3c ./Core/Src/zigbee_edc24.o
                0x0000000008004960                getVehiclePos
 .text.getRemainDist
                0x000000000800499c       0x1c ./Core/Src/zigbee_edc24.o
                0x000000000800499c                getRemainDist
 .text.getOrderNum
                0x00000000080049b8       0x14 ./Core/Src/zigbee_edc24.o
                0x00000000080049b8                getOrderNum
 .text.getOneOrder
                0x00000000080049cc       0xc8 ./Core/Src/zigbee_edc24.o
                0x00000000080049cc                getOneOrder
 .text.getLatestPendingOrder
                0x0000000008004a94       0xc8 ./Core/Src/zigbee_edc24.o
                0x0000000008004a94                getLatestPendingOrder
 .text.getGameStage
                0x0000000008004b5c       0x1c ./Core/Src/zigbee_edc24.o
                0x0000000008004b5c                getGameStage
 .text.getOneOwnPile
                0x0000000008004b78       0x4c ./Core/Src/zigbee_edc24.o
                0x0000000008004b78                getOneOwnPile
 .text.reqGameInfo
                0x0000000008004bc4       0x20 ./Core/Src/zigbee_edc24.o
                0x0000000008004bc4                reqGameInfo
 .text.setChargingPile
                0x0000000008004be4       0x20 ./Core/Src/zigbee_edc24.o
                0x0000000008004be4                setChargingPile
 .text.Reset_Handler
                0x0000000008004c04       0x48 ./Core/Startup/startup_stm32f103rctx.o
                0x0000000008004c04                Reset_Handler
 .text.Default_Handler
                0x0000000008004c4c        0x2 ./Core/Startup/startup_stm32f103rctx.o
                0x0000000008004c4c                RTC_Alarm_IRQHandler
                0x0000000008004c4c                EXTI2_IRQHandler
                0x0000000008004c4c                TIM8_TRG_COM_IRQHandler
                0x0000000008004c4c                TIM8_CC_IRQHandler
                0x0000000008004c4c                TIM6_IRQHandler
                0x0000000008004c4c                PVD_IRQHandler
                0x0000000008004c4c                SDIO_IRQHandler
                0x0000000008004c4c                EXTI3_IRQHandler
                0x0000000008004c4c                EXTI0_IRQHandler
                0x0000000008004c4c                I2C2_EV_IRQHandler
                0x0000000008004c4c                ADC1_2_IRQHandler
                0x0000000008004c4c                SPI1_IRQHandler
                0x0000000008004c4c                TAMPER_IRQHandler
                0x0000000008004c4c                TIM8_UP_IRQHandler
                0x0000000008004c4c                DMA2_Channel2_IRQHandler
                0x0000000008004c4c                DMA1_Channel4_IRQHandler
                0x0000000008004c4c                RTC_IRQHandler
                0x0000000008004c4c                DMA1_Channel7_IRQHandler
                0x0000000008004c4c                CAN1_RX1_IRQHandler
                0x0000000008004c4c                UART5_IRQHandler
                0x0000000008004c4c                ADC3_IRQHandler
                0x0000000008004c4c                TIM4_IRQHandler
                0x0000000008004c4c                DMA2_Channel1_IRQHandler
                0x0000000008004c4c                I2C1_EV_IRQHandler
                0x0000000008004c4c                UART4_IRQHandler
                0x0000000008004c4c                TIM3_IRQHandler
                0x0000000008004c4c                RCC_IRQHandler
                0x0000000008004c4c                DMA1_Channel1_IRQHandler
                0x0000000008004c4c                Default_Handler
                0x0000000008004c4c                EXTI15_10_IRQHandler
                0x0000000008004c4c                TIM7_IRQHandler
                0x0000000008004c4c                TIM5_IRQHandler
                0x0000000008004c4c                EXTI9_5_IRQHandler
                0x0000000008004c4c                SPI2_IRQHandler
                0x0000000008004c4c                EXTI4_IRQHandler
                0x0000000008004c4c                USB_LP_CAN1_RX0_IRQHandler
                0x0000000008004c4c                USB_HP_CAN1_TX_IRQHandler
                0x0000000008004c4c                FSMC_IRQHandler
                0x0000000008004c4c                WWDG_IRQHandler
                0x0000000008004c4c                TIM2_IRQHandler
                0x0000000008004c4c                EXTI1_IRQHandler
                0x0000000008004c4c                DMA2_Channel4_5_IRQHandler
                0x0000000008004c4c                I2C2_ER_IRQHandler
                0x0000000008004c4c                DMA1_Channel2_IRQHandler
                0x0000000008004c4c                TIM8_BRK_IRQHandler
                0x0000000008004c4c                CAN1_SCE_IRQHandler
                0x0000000008004c4c                FLASH_IRQHandler
                0x0000000008004c4c                SPI3_IRQHandler
                0x0000000008004c4c                I2C1_ER_IRQHandler
                0x0000000008004c4c                USBWakeUp_IRQHandler
                0x0000000008004c4c                DMA2_Channel3_IRQHandler
 *fill*         0x0000000008004c4e        0x2 
 .text.HAL_Init
                0x0000000008004c50       0x2c ./Drivers/STM32F1xx_HAL_Driver/Src/stm32f1xx_hal.o
                0x0000000008004c50                HAL_Init
 .text.HAL_InitTick
                0x0000000008004c7c       0x60 ./Drivers/STM32F1xx_HAL_Driver/Src/stm32f1xx_hal.o
                0x0000000008004c7c                HAL_InitTick
 .text.HAL_IncTick
                0x0000000008004cdc       0x24 ./Drivers/STM32F1xx_HAL_Driver/Src/stm32f1xx_hal.o
                0x0000000008004cdc                HAL_IncTick
 .text.HAL_GetTick
                0x0000000008004d00       0x14 ./Drivers/STM32F1xx_HAL_Driver/Src/stm32f1xx_hal.o
                0x0000000008004d00                HAL_GetTick
 .text.__NVIC_SetPriorityGrouping
                0x0000000008004d14       0x48 ./Drivers/STM32F1xx_HAL_Driver/Src/stm32f1xx_hal_cortex.o
 .text.__NVIC_GetPriorityGrouping
                0x0000000008004d5c       0x1c ./Drivers/STM32F1xx_HAL_Driver/Src/stm32f1xx_hal_cortex.o
 .text.__NVIC_EnableIRQ
                0x0000000008004d78       0x38 ./Drivers/STM32F1xx_HAL_Driver/Src/stm32f1xx_hal_cortex.o
 .text.__NVIC_SetPriority
                0x0000000008004db0       0x54 ./Drivers/STM32F1xx_HAL_Driver/Src/stm32f1xx_hal_cortex.o
 .text.NVIC_EncodePriority
                0x0000000008004e04       0x64 ./Drivers/STM32F1xx_HAL_Driver/Src/stm32f1xx_hal_cortex.o
 .text.SysTick_Config
                0x0000000008004e68       0x44 ./Drivers/STM32F1xx_HAL_Driver/Src/stm32f1xx_hal_cortex.o
 .text.HAL_NVIC_SetPriorityGrouping
                0x0000000008004eac       0x16 ./Drivers/STM32F1xx_HAL_Driver/Src/stm32f1xx_hal_cortex.o
                0x0000000008004eac                HAL_NVIC_SetPriorityGrouping
 .text.HAL_NVIC_SetPriority
                0x0000000008004ec2       0x38 ./Drivers/STM32F1xx_HAL_Driver/Src/stm32f1xx_hal_cortex.o
                0x0000000008004ec2                HAL_NVIC_SetPriority
 .text.HAL_NVIC_EnableIRQ
                0x0000000008004efa       0x1c ./Drivers/STM32F1xx_HAL_Driver/Src/stm32f1xx_hal_cortex.o
                0x0000000008004efa                HAL_NVIC_EnableIRQ
 .text.HAL_SYSTICK_Config
                0x0000000008004f16       0x18 ./Drivers/STM32F1xx_HAL_Driver/Src/stm32f1xx_hal_cortex.o
                0x0000000008004f16                HAL_SYSTICK_Config
 *fill*         0x0000000008004f2e        0x2 
 .text.HAL_DMA_Init
                0x0000000008004f30       0xec ./Drivers/STM32F1xx_HAL_Driver/Src/stm32f1xx_hal_dma.o
                0x0000000008004f30                HAL_DMA_Init
 .text.HAL_DMA_Start_IT
                0x000000000800501c       0xbe ./Drivers/STM32F1xx_HAL_Driver/Src/stm32f1xx_hal_dma.o
                0x000000000800501c                HAL_DMA_Start_IT
 .text.HAL_DMA_Abort
                0x00000000080050da       0x74 ./Drivers/STM32F1xx_HAL_Driver/Src/stm32f1xx_hal_dma.o
                0x00000000080050da                HAL_DMA_Abort
 *fill*         0x000000000800514e        0x2 
 .text.HAL_DMA_Abort_IT
                0x0000000008005150      0x210 ./Drivers/STM32F1xx_HAL_Driver/Src/stm32f1xx_hal_dma.o
                0x0000000008005150                HAL_DMA_Abort_IT
 .text.HAL_DMA_IRQHandler
                0x0000000008005360      0x478 ./Drivers/STM32F1xx_HAL_Driver/Src/stm32f1xx_hal_dma.o
                0x0000000008005360                HAL_DMA_IRQHandler
 .text.DMA_SetConfig
                0x00000000080057d8       0x5a ./Drivers/STM32F1xx_HAL_Driver/Src/stm32f1xx_hal_dma.o
 *fill*         0x0000000008005832        0x2 
 .text.HAL_GPIO_Init
                0x0000000008005834      0x328 ./Drivers/STM32F1xx_HAL_Driver/Src/stm32f1xx_hal_gpio.o
                0x0000000008005834                HAL_GPIO_Init
 .text.HAL_GPIO_ReadPin
                0x0000000008005b5c       0x2e ./Drivers/STM32F1xx_HAL_Driver/Src/stm32f1xx_hal_gpio.o
                0x0000000008005b5c                HAL_GPIO_ReadPin
 .text.HAL_GPIO_WritePin
                0x0000000008005b8a       0x30 ./Drivers/STM32F1xx_HAL_Driver/Src/stm32f1xx_hal_gpio.o
                0x0000000008005b8a                HAL_GPIO_WritePin
 *fill*         0x0000000008005bba        0x2 
 .text.HAL_RCC_OscConfig
                0x0000000008005bbc      0x504 ./Drivers/STM32F1xx_HAL_Driver/Src/stm32f1xx_hal_rcc.o
                0x0000000008005bbc                HAL_RCC_OscConfig
 .text.HAL_RCC_ClockConfig
                0x00000000080060c0      0x1d4 ./Drivers/STM32F1xx_HAL_Driver/Src/stm32f1xx_hal_rcc.o
                0x00000000080060c0                HAL_RCC_ClockConfig
 .text.HAL_RCC_GetSysClockFreq
                0x0000000008006294       0xbc ./Drivers/STM32F1xx_HAL_Driver/Src/stm32f1xx_hal_rcc.o
                0x0000000008006294                HAL_RCC_GetSysClockFreq
 .text.HAL_RCC_GetHCLKFreq
                0x0000000008006350       0x14 ./Drivers/STM32F1xx_HAL_Driver/Src/stm32f1xx_hal_rcc.o
                0x0000000008006350                HAL_RCC_GetHCLKFreq
 .text.HAL_RCC_GetPCLK1Freq
                0x0000000008006364       0x28 ./Drivers/STM32F1xx_HAL_Driver/Src/stm32f1xx_hal_rcc.o
                0x0000000008006364                HAL_RCC_GetPCLK1Freq
 .text.HAL_RCC_GetPCLK2Freq
                0x000000000800638c       0x28 ./Drivers/STM32F1xx_HAL_Driver/Src/stm32f1xx_hal_rcc.o
                0x000000000800638c                HAL_RCC_GetPCLK2Freq
 .text.RCC_Delay
                0x00000000080063b4       0x3c ./Drivers/STM32F1xx_HAL_Driver/Src/stm32f1xx_hal_rcc.o
 .text.HAL_TIM_Base_Init
                0x00000000080063f0       0x9e ./Drivers/STM32F1xx_HAL_Driver/Src/stm32f1xx_hal_tim.o
                0x00000000080063f0                HAL_TIM_Base_Init
 *fill*         0x000000000800648e        0x2 
 .text.HAL_TIM_Base_Start_IT
                0x0000000008006490       0xc0 ./Drivers/STM32F1xx_HAL_Driver/Src/stm32f1xx_hal_tim.o
                0x0000000008006490                HAL_TIM_Base_Start_IT
 .text.HAL_TIM_PWM_Init
                0x0000000008006550       0x9e ./Drivers/STM32F1xx_HAL_Driver/Src/stm32f1xx_hal_tim.o
                0x0000000008006550                HAL_TIM_PWM_Init
 .text.HAL_TIM_PWM_MspInit
                0x00000000080065ee       0x12 ./Drivers/STM32F1xx_HAL_Driver/Src/stm32f1xx_hal_tim.o
                0x00000000080065ee                HAL_TIM_PWM_MspInit
 .text.HAL_TIM_PWM_Start
                0x0000000008006600      0x174 ./Drivers/STM32F1xx_HAL_Driver/Src/stm32f1xx_hal_tim.o
                0x0000000008006600                HAL_TIM_PWM_Start
 .text.HAL_TIM_Encoder_Init
                0x0000000008006774      0x144 ./Drivers/STM32F1xx_HAL_Driver/Src/stm32f1xx_hal_tim.o
                0x0000000008006774                HAL_TIM_Encoder_Init
 .text.HAL_TIM_Encoder_Start
                0x00000000080068b8      0x11c ./Drivers/STM32F1xx_HAL_Driver/Src/stm32f1xx_hal_tim.o
                0x00000000080068b8                HAL_TIM_Encoder_Start
 .text.HAL_TIM_IRQHandler
                0x00000000080069d4      0x210 ./Drivers/STM32F1xx_HAL_Driver/Src/stm32f1xx_hal_tim.o
                0x00000000080069d4                HAL_TIM_IRQHandler
 .text.HAL_TIM_PWM_ConfigChannel
                0x0000000008006be4      0x17c ./Drivers/STM32F1xx_HAL_Driver/Src/stm32f1xx_hal_tim.o
                0x0000000008006be4                HAL_TIM_PWM_ConfigChannel
 .text.HAL_TIM_ConfigClockSource
                0x0000000008006d60      0x188 ./Drivers/STM32F1xx_HAL_Driver/Src/stm32f1xx_hal_tim.o
                0x0000000008006d60                HAL_TIM_ConfigClockSource
 .text.HAL_TIM_OC_DelayElapsedCallback
                0x0000000008006ee8       0x12 ./Drivers/STM32F1xx_HAL_Driver/Src/stm32f1xx_hal_tim.o
                0x0000000008006ee8                HAL_TIM_OC_DelayElapsedCallback
 .text.HAL_TIM_IC_CaptureCallback
                0x0000000008006efa       0x12 ./Drivers/STM32F1xx_HAL_Driver/Src/stm32f1xx_hal_tim.o
                0x0000000008006efa                HAL_TIM_IC_CaptureCallback
 .text.HAL_TIM_PWM_PulseFinishedCallback
                0x0000000008006f0c       0x12 ./Drivers/STM32F1xx_HAL_Driver/Src/stm32f1xx_hal_tim.o
                0x0000000008006f0c                HAL_TIM_PWM_PulseFinishedCallback
 .text.HAL_TIM_TriggerCallback
                0x0000000008006f1e       0x12 ./Drivers/STM32F1xx_HAL_Driver/Src/stm32f1xx_hal_tim.o
                0x0000000008006f1e                HAL_TIM_TriggerCallback
 .text.TIM_Base_SetConfig
                0x0000000008006f30       0xf4 ./Drivers/STM32F1xx_HAL_Driver/Src/stm32f1xx_hal_tim.o
                0x0000000008006f30                TIM_Base_SetConfig
 .text.TIM_OC1_SetConfig
                0x0000000008007024       0xe0 ./Drivers/STM32F1xx_HAL_Driver/Src/stm32f1xx_hal_tim.o
 .text.TIM_OC2_SetConfig
                0x0000000008007104       0xe8 ./Drivers/STM32F1xx_HAL_Driver/Src/stm32f1xx_hal_tim.o
                0x0000000008007104                TIM_OC2_SetConfig
 .text.TIM_OC3_SetConfig
                0x00000000080071ec       0xe8 ./Drivers/STM32F1xx_HAL_Driver/Src/stm32f1xx_hal_tim.o
 .text.TIM_OC4_SetConfig
                0x00000000080072d4       0xa8 ./Drivers/STM32F1xx_HAL_Driver/Src/stm32f1xx_hal_tim.o
 .text.TIM_TI1_ConfigInputStage
                0x000000000800737c       0x5c ./Drivers/STM32F1xx_HAL_Driver/Src/stm32f1xx_hal_tim.o
 .text.TIM_TI2_ConfigInputStage
                0x00000000080073d8       0x5e ./Drivers/STM32F1xx_HAL_Driver/Src/stm32f1xx_hal_tim.o
 .text.TIM_ITRx_SetConfig
                0x0000000008007436       0x34 ./Drivers/STM32F1xx_HAL_Driver/Src/stm32f1xx_hal_tim.o
 .text.TIM_ETR_SetConfig
                0x000000000800746a       0x3e ./Drivers/STM32F1xx_HAL_Driver/Src/stm32f1xx_hal_tim.o
                0x000000000800746a                TIM_ETR_SetConfig
 .text.TIM_CCxChannelCmd
                0x00000000080074a8       0x48 ./Drivers/STM32F1xx_HAL_Driver/Src/stm32f1xx_hal_tim.o
                0x00000000080074a8                TIM_CCxChannelCmd
 .text.HAL_TIMEx_MasterConfigSynchronization
                0x00000000080074f0       0xd8 ./Drivers/STM32F1xx_HAL_Driver/Src/stm32f1xx_hal_tim_ex.o
                0x00000000080074f0                HAL_TIMEx_MasterConfigSynchronization
 .text.HAL_TIMEx_ConfigBreakDeadTime
                0x00000000080075c8       0xa2 ./Drivers/STM32F1xx_HAL_Driver/Src/stm32f1xx_hal_tim_ex.o
                0x00000000080075c8                HAL_TIMEx_ConfigBreakDeadTime
 .text.HAL_TIMEx_CommutCallback
                0x000000000800766a       0x12 ./Drivers/STM32F1xx_HAL_Driver/Src/stm32f1xx_hal_tim_ex.o
                0x000000000800766a                HAL_TIMEx_CommutCallback
 .text.HAL_TIMEx_BreakCallback
                0x000000000800767c       0x12 ./Drivers/STM32F1xx_HAL_Driver/Src/stm32f1xx_hal_tim_ex.o
                0x000000000800767c                HAL_TIMEx_BreakCallback
 .text.HAL_UART_Init
                0x000000000800768e       0x9a ./Drivers/STM32F1xx_HAL_Driver/Src/stm32f1xx_hal_uart.o
                0x000000000800768e                HAL_UART_Init
 .text.HAL_UART_Transmit
                0x0000000008007728      0x124 ./Drivers/STM32F1xx_HAL_Driver/Src/stm32f1xx_hal_uart.o
                0x0000000008007728                HAL_UART_Transmit
 .text.HAL_UART_Receive_DMA
                0x000000000800784c       0x60 ./Drivers/STM32F1xx_HAL_Driver/Src/stm32f1xx_hal_uart.o
                0x000000000800784c                HAL_UART_Receive_DMA
 .text.HAL_UARTEx_ReceiveToIdle_DMA
                0x00000000080078ac       0x9e ./Drivers/STM32F1xx_HAL_Driver/Src/stm32f1xx_hal_uart.o
                0x00000000080078ac                HAL_UARTEx_ReceiveToIdle_DMA
 *fill*         0x000000000800794a        0x2 
 .text.HAL_UART_IRQHandler
                0x000000000800794c      0x354 ./Drivers/STM32F1xx_HAL_Driver/Src/stm32f1xx_hal_uart.o
                0x000000000800794c                HAL_UART_IRQHandler
 .text.HAL_UART_TxCpltCallback
                0x0000000008007ca0       0x12 ./Drivers/STM32F1xx_HAL_Driver/Src/stm32f1xx_hal_uart.o
                0x0000000008007ca0                HAL_UART_TxCpltCallback
 .text.HAL_UART_RxHalfCpltCallback
                0x0000000008007cb2       0x12 ./Drivers/STM32F1xx_HAL_Driver/Src/stm32f1xx_hal_uart.o
                0x0000000008007cb2                HAL_UART_RxHalfCpltCallback
 .text.UART_DMAReceiveCplt
                0x0000000008007cc4       0x96 ./Drivers/STM32F1xx_HAL_Driver/Src/stm32f1xx_hal_uart.o
 .text.UART_DMARxHalfCplt
                0x0000000008007d5a       0x36 ./Drivers/STM32F1xx_HAL_Driver/Src/stm32f1xx_hal_uart.o
 .text.UART_DMAError
                0x0000000008007d90       0x94 ./Drivers/STM32F1xx_HAL_Driver/Src/stm32f1xx_hal_uart.o
 .text.UART_WaitOnFlagUntilTimeout
                0x0000000008007e24       0x94 ./Drivers/STM32F1xx_HAL_Driver/Src/stm32f1xx_hal_uart.o
 .text.UART_Start_Receive_DMA
                0x0000000008007eb8       0xc8 ./Drivers/STM32F1xx_HAL_Driver/Src/stm32f1xx_hal_uart.o
                0x0000000008007eb8                UART_Start_Receive_DMA
 .text.UART_EndTxTransfer
                0x0000000008007f80       0x2a ./Drivers/STM32F1xx_HAL_Driver/Src/stm32f1xx_hal_uart.o
 .text.UART_EndRxTransfer
                0x0000000008007faa       0x58 ./Drivers/STM32F1xx_HAL_Driver/Src/stm32f1xx_hal_uart.o
 .text.UART_DMAAbortOnError
                0x0000000008008002       0x28 ./Drivers/STM32F1xx_HAL_Driver/Src/stm32f1xx_hal_uart.o
 .text.UART_Transmit_IT
                0x000000000800802a       0x9e ./Drivers/STM32F1xx_HAL_Driver/Src/stm32f1xx_hal_uart.o
 .text.UART_EndTransmit_IT
                0x00000000080080c8       0x30 ./Drivers/STM32F1xx_HAL_Driver/Src/stm32f1xx_hal_uart.o
 .text.UART_Receive_IT
                0x00000000080080f8      0x152 ./Drivers/STM32F1xx_HAL_Driver/Src/stm32f1xx_hal_uart.o
 *fill*         0x000000000800824a        0x2 
 .text.UART_SetConfig
                0x000000000800824c      0x11c ./Drivers/STM32F1xx_HAL_Driver/Src/stm32f1xx_hal_uart.o
 .text.__errno  0x0000000008008368        0xc d:/bigprogram/stm32 ide/stm32cubeide_1.10.1/stm32cubeide/plugins/com.st.stm32cube.ide.mcu.externaltools.gnu-tools-for-stm32.10.3-2021.10.win32_1.0.100.202210260954/tools/bin/../lib/gcc/arm-none-eabi/10.3.1/../../../../arm-none-eabi/lib/thumb/v7-m/nofp\libc.a(lib_a-errno.o)
                0x0000000008008368                __errno
 .text.__libc_init_array
                0x0000000008008374       0x48 d:/bigprogram/stm32 ide/stm32cubeide_1.10.1/stm32cubeide/plugins/com.st.stm32cube.ide.mcu.externaltools.gnu-tools-for-stm32.10.3-2021.10.win32_1.0.100.202210260954/tools/bin/../lib/gcc/arm-none-eabi/10.3.1/../../../../arm-none-eabi/lib/thumb/v7-m/nofp\libc.a(lib_a-init.o)
                0x0000000008008374                __libc_init_array
 .text.memset   0x00000000080083bc       0x10 d:/bigprogram/stm32 ide/stm32cubeide_1.10.1/stm32cubeide/plugins/com.st.stm32cube.ide.mcu.externaltools.gnu-tools-for-stm32.10.3-2021.10.win32_1.0.100.202210260954/tools/bin/../lib/gcc/arm-none-eabi/10.3.1/../../../../arm-none-eabi/lib/thumb/v7-m/nofp\libc.a(lib_a-memset.o)
                0x00000000080083bc                memset
 .text._vsprintf_r
                0x00000000080083cc       0x2c d:/bigprogram/stm32 ide/stm32cubeide_1.10.1/stm32cubeide/plugins/com.st.stm32cube.ide.mcu.externaltools.gnu-tools-for-stm32.10.3-2021.10.win32_1.0.100.202210260954/tools/bin/../lib/gcc/arm-none-eabi/10.3.1/../../../../arm-none-eabi/lib/thumb/v7-m/nofp\libc.a(lib_a-vsprintf.o)
                0x00000000080083cc                _vsprintf_r
 .text.vsprintf
                0x00000000080083f8       0x14 d:/bigprogram/stm32 ide/stm32cubeide_1.10.1/stm32cubeide/plugins/com.st.stm32cube.ide.mcu.externaltools.gnu-tools-for-stm32.10.3-2021.10.win32_1.0.100.202210260954/tools/bin/../lib/gcc/arm-none-eabi/10.3.1/../../../../arm-none-eabi/lib/thumb/v7-m/nofp\libc.a(lib_a-vsprintf.o)
                0x00000000080083f8                vsprintf
 .text.__swsetup_r
                0x000000000800840c       0xb0 d:/bigprogram/stm32 ide/stm32cubeide_1.10.1/stm32cubeide/plugins/com.st.stm32cube.ide.mcu.externaltools.gnu-tools-for-stm32.10.3-2021.10.win32_1.0.100.202210260954/tools/bin/../lib/gcc/arm-none-eabi/10.3.1/../../../../arm-none-eabi/lib/thumb/v7-m/nofp\libc.a(lib_a-wsetup.o)
                0x000000000800840c                __swsetup_r
 .text.startup.register_fini
                0x00000000080084bc       0x14 d:/bigprogram/stm32 ide/stm32cubeide_1.10.1/stm32cubeide/plugins/com.st.stm32cube.ide.mcu.externaltools.gnu-tools-for-stm32.10.3-2021.10.win32_1.0.100.202210260954/tools/bin/../lib/gcc/arm-none-eabi/10.3.1/../../../../arm-none-eabi/lib/thumb/v7-m/nofp\libc.a(lib_a-__call_atexit.o)
 .text.atexit   0x00000000080084d0        0xc d:/bigprogram/stm32 ide/stm32cubeide_1.10.1/stm32cubeide/plugins/com.st.stm32cube.ide.mcu.externaltools.gnu-tools-for-stm32.10.3-2021.10.win32_1.0.100.202210260954/tools/bin/../lib/gcc/arm-none-eabi/10.3.1/../../../../arm-none-eabi/lib/thumb/v7-m/nofp\libc.a(lib_a-atexit.o)
                0x00000000080084d0                atexit
 .text.quorem   0x00000000080084dc      0x118 d:/bigprogram/stm32 ide/stm32cubeide_1.10.1/stm32cubeide/plugins/com.st.stm32cube.ide.mcu.externaltools.gnu-tools-for-stm32.10.3-2021.10.win32_1.0.100.202210260954/tools/bin/../lib/gcc/arm-none-eabi/10.3.1/../../../../arm-none-eabi/lib/thumb/v7-m/nofp\libc.a(lib_a-dtoa.o)
 *fill*         0x00000000080085f4        0x4 
 .text._dtoa_r  0x00000000080085f8      0xb68 d:/bigprogram/stm32 ide/stm32cubeide_1.10.1/stm32cubeide/plugins/com.st.stm32cube.ide.mcu.externaltools.gnu-tools-for-stm32.10.3-2021.10.win32_1.0.100.202210260954/tools/bin/../lib/gcc/arm-none-eabi/10.3.1/../../../../arm-none-eabi/lib/thumb/v7-m/nofp\libc.a(lib_a-dtoa.o)
                0x00000000080085f8                _dtoa_r
 .text.__sflush_r
                0x0000000008009160      0x114 d:/bigprogram/stm32 ide/stm32cubeide_1.10.1/stm32cubeide/plugins/com.st.stm32cube.ide.mcu.externaltools.gnu-tools-for-stm32.10.3-2021.10.win32_1.0.100.202210260954/tools/bin/../lib/gcc/arm-none-eabi/10.3.1/../../../../arm-none-eabi/lib/thumb/v7-m/nofp\libc.a(lib_a-fflush.o)
                0x0000000008009160                __sflush_r
 .text._fflush_r
                0x0000000008009274       0x4a d:/bigprogram/stm32 ide/stm32cubeide_1.10.1/stm32cubeide/plugins/com.st.stm32cube.ide.mcu.externaltools.gnu-tools-for-stm32.10.3-2021.10.win32_1.0.100.202210260954/tools/bin/../lib/gcc/arm-none-eabi/10.3.1/../../../../arm-none-eabi/lib/thumb/v7-m/nofp\libc.a(lib_a-fflush.o)
                0x0000000008009274                _fflush_r
 *fill*         0x00000000080092be        0x2 
 .text.std      0x00000000080092c0       0x50 d:/bigprogram/stm32 ide/stm32cubeide_1.10.1/stm32cubeide/plugins/com.st.stm32cube.ide.mcu.externaltools.gnu-tools-for-stm32.10.3-2021.10.win32_1.0.100.202210260954/tools/bin/../lib/gcc/arm-none-eabi/10.3.1/../../../../arm-none-eabi/lib/thumb/v7-m/nofp\libc.a(lib_a-findfp.o)
 .text._cleanup_r
                0x0000000008009310        0xc d:/bigprogram/stm32 ide/stm32cubeide_1.10.1/stm32cubeide/plugins/com.st.stm32cube.ide.mcu.externaltools.gnu-tools-for-stm32.10.3-2021.10.win32_1.0.100.202210260954/tools/bin/../lib/gcc/arm-none-eabi/10.3.1/../../../../arm-none-eabi/lib/thumb/v7-m/nofp\libc.a(lib_a-findfp.o)
                0x0000000008009310                _cleanup_r
 .text.__sfp_lock_acquire
                0x000000000800931c        0xc d:/bigprogram/stm32 ide/stm32cubeide_1.10.1/stm32cubeide/plugins/com.st.stm32cube.ide.mcu.externaltools.gnu-tools-for-stm32.10.3-2021.10.win32_1.0.100.202210260954/tools/bin/../lib/gcc/arm-none-eabi/10.3.1/../../../../arm-none-eabi/lib/thumb/v7-m/nofp\libc.a(lib_a-findfp.o)
                0x000000000800931c                __sfp_lock_acquire
 .text.__sfp_lock_release
                0x0000000008009328        0xc d:/bigprogram/stm32 ide/stm32cubeide_1.10.1/stm32cubeide/plugins/com.st.stm32cube.ide.mcu.externaltools.gnu-tools-for-stm32.10.3-2021.10.win32_1.0.100.202210260954/tools/bin/../lib/gcc/arm-none-eabi/10.3.1/../../../../arm-none-eabi/lib/thumb/v7-m/nofp\libc.a(lib_a-findfp.o)
                0x0000000008009328                __sfp_lock_release
 .text.__sinit_lock_acquire
                0x0000000008009334        0xc d:/bigprogram/stm32 ide/stm32cubeide_1.10.1/stm32cubeide/plugins/com.st.stm32cube.ide.mcu.externaltools.gnu-tools-for-stm32.10.3-2021.10.win32_1.0.100.202210260954/tools/bin/../lib/gcc/arm-none-eabi/10.3.1/../../../../arm-none-eabi/lib/thumb/v7-m/nofp\libc.a(lib_a-findfp.o)
                0x0000000008009334                __sinit_lock_acquire
 .text.__sinit_lock_release
                0x0000000008009340        0xc d:/bigprogram/stm32 ide/stm32cubeide_1.10.1/stm32cubeide/plugins/com.st.stm32cube.ide.mcu.externaltools.gnu-tools-for-stm32.10.3-2021.10.win32_1.0.100.202210260954/tools/bin/../lib/gcc/arm-none-eabi/10.3.1/../../../../arm-none-eabi/lib/thumb/v7-m/nofp\libc.a(lib_a-findfp.o)
                0x0000000008009340                __sinit_lock_release
 .text.__sinit  0x000000000800934c       0x50 d:/bigprogram/stm32 ide/stm32cubeide_1.10.1/stm32cubeide/plugins/com.st.stm32cube.ide.mcu.externaltools.gnu-tools-for-stm32.10.3-2021.10.win32_1.0.100.202210260954/tools/bin/../lib/gcc/arm-none-eabi/10.3.1/../../../../arm-none-eabi/lib/thumb/v7-m/nofp\libc.a(lib_a-findfp.o)
                0x000000000800934c                __sinit
 .text.__libc_fini_array
                0x000000000800939c       0x28 d:/bigprogram/stm32 ide/stm32cubeide_1.10.1/stm32cubeide/plugins/com.st.stm32cube.ide.mcu.externaltools.gnu-tools-for-stm32.10.3-2021.10.win32_1.0.100.202210260954/tools/bin/../lib/gcc/arm-none-eabi/10.3.1/../../../../arm-none-eabi/lib/thumb/v7-m/nofp\libc.a(lib_a-fini.o)
                0x000000000800939c                __libc_fini_array
 .text._malloc_trim_r
                0x00000000080093c4       0xa8 d:/bigprogram/stm32 ide/stm32cubeide_1.10.1/stm32cubeide/plugins/com.st.stm32cube.ide.mcu.externaltools.gnu-tools-for-stm32.10.3-2021.10.win32_1.0.100.202210260954/tools/bin/../lib/gcc/arm-none-eabi/10.3.1/../../../../arm-none-eabi/lib/thumb/v7-m/nofp\libc.a(lib_a-freer.o)
                0x00000000080093c4                _malloc_trim_r
 .text._free_r  0x000000000800946c      0x180 d:/bigprogram/stm32 ide/stm32cubeide_1.10.1/stm32cubeide/plugins/com.st.stm32cube.ide.mcu.externaltools.gnu-tools-for-stm32.10.3-2021.10.win32_1.0.100.202210260954/tools/bin/../lib/gcc/arm-none-eabi/10.3.1/../../../../arm-none-eabi/lib/thumb/v7-m/nofp\libc.a(lib_a-freer.o)
                0x000000000800946c                _free_r
 .text._fwalk_reent
                0x00000000080095ec       0x3e d:/bigprogram/stm32 ide/stm32cubeide_1.10.1/stm32cubeide/plugins/com.st.stm32cube.ide.mcu.externaltools.gnu-tools-for-stm32.10.3-2021.10.win32_1.0.100.202210260954/tools/bin/../lib/gcc/arm-none-eabi/10.3.1/../../../../arm-none-eabi/lib/thumb/v7-m/nofp\libc.a(lib_a-fwalk.o)
                0x00000000080095ec                _fwalk_reent
 *fill*         0x000000000800962a        0x2 
 .text._localeconv_r
                0x000000000800962c        0x8 d:/bigprogram/stm32 ide/stm32cubeide_1.10.1/stm32cubeide/plugins/com.st.stm32cube.ide.mcu.externaltools.gnu-tools-for-stm32.10.3-2021.10.win32_1.0.100.202210260954/tools/bin/../lib/gcc/arm-none-eabi/10.3.1/../../../../arm-none-eabi/lib/thumb/v7-m/nofp\libc.a(lib_a-localeconv.o)
                0x000000000800962c                _localeconv_r
 .text.__retarget_lock_init_recursive
                0x0000000008009634        0x2 d:/bigprogram/stm32 ide/stm32cubeide_1.10.1/stm32cubeide/plugins/com.st.stm32cube.ide.mcu.externaltools.gnu-tools-for-stm32.10.3-2021.10.win32_1.0.100.202210260954/tools/bin/../lib/gcc/arm-none-eabi/10.3.1/../../../../arm-none-eabi/lib/thumb/v7-m/nofp\libc.a(lib_a-lock.o)
                0x0000000008009634                __retarget_lock_init_recursive
 .text.__retarget_lock_close_recursive
                0x0000000008009636        0x2 d:/bigprogram/stm32 ide/stm32cubeide_1.10.1/stm32cubeide/plugins/com.st.stm32cube.ide.mcu.externaltools.gnu-tools-for-stm32.10.3-2021.10.win32_1.0.100.202210260954/tools/bin/../lib/gcc/arm-none-eabi/10.3.1/../../../../arm-none-eabi/lib/thumb/v7-m/nofp\libc.a(lib_a-lock.o)
                0x0000000008009636                __retarget_lock_close_recursive
 .text.__retarget_lock_acquire_recursive
                0x0000000008009638        0x2 d:/bigprogram/stm32 ide/stm32cubeide_1.10.1/stm32cubeide/plugins/com.st.stm32cube.ide.mcu.externaltools.gnu-tools-for-stm32.10.3-2021.10.win32_1.0.100.202210260954/tools/bin/../lib/gcc/arm-none-eabi/10.3.1/../../../../arm-none-eabi/lib/thumb/v7-m/nofp\libc.a(lib_a-lock.o)
                0x0000000008009638                __retarget_lock_acquire_recursive
 .text.__retarget_lock_release_recursive
                0x000000000800963a        0x2 d:/bigprogram/stm32 ide/stm32cubeide_1.10.1/stm32cubeide/plugins/com.st.stm32cube.ide.mcu.externaltools.gnu-tools-for-stm32.10.3-2021.10.win32_1.0.100.202210260954/tools/bin/../lib/gcc/arm-none-eabi/10.3.1/../../../../arm-none-eabi/lib/thumb/v7-m/nofp\libc.a(lib_a-lock.o)
                0x000000000800963a                __retarget_lock_release_recursive
 .text.__swhatbuf_r
                0x000000000800963c       0x58 d:/bigprogram/stm32 ide/stm32cubeide_1.10.1/stm32cubeide/plugins/com.st.stm32cube.ide.mcu.externaltools.gnu-tools-for-stm32.10.3-2021.10.win32_1.0.100.202210260954/tools/bin/../lib/gcc/arm-none-eabi/10.3.1/../../../../arm-none-eabi/lib/thumb/v7-m/nofp\libc.a(lib_a-makebuf.o)
                0x000000000800963c                __swhatbuf_r
 .text.__smakebuf_r
                0x0000000008009694       0x80 d:/bigprogram/stm32 ide/stm32cubeide_1.10.1/stm32cubeide/plugins/com.st.stm32cube.ide.mcu.externaltools.gnu-tools-for-stm32.10.3-2021.10.win32_1.0.100.202210260954/tools/bin/../lib/gcc/arm-none-eabi/10.3.1/../../../../arm-none-eabi/lib/thumb/v7-m/nofp\libc.a(lib_a-makebuf.o)
                0x0000000008009694                __smakebuf_r
 .text._malloc_r
                0x0000000008009714      0x478 d:/bigprogram/stm32 ide/stm32cubeide_1.10.1/stm32cubeide/plugins/com.st.stm32cube.ide.mcu.externaltools.gnu-tools-for-stm32.10.3-2021.10.win32_1.0.100.202210260954/tools/bin/../lib/gcc/arm-none-eabi/10.3.1/../../../../arm-none-eabi/lib/thumb/v7-m/nofp\libc.a(lib_a-mallocr.o)
                0x0000000008009714                _malloc_r
 .text.memchr   0x0000000008009b8c       0x1c d:/bigprogram/stm32 ide/stm32cubeide_1.10.1/stm32cubeide/plugins/com.st.stm32cube.ide.mcu.externaltools.gnu-tools-for-stm32.10.3-2021.10.win32_1.0.100.202210260954/tools/bin/../lib/gcc/arm-none-eabi/10.3.1/../../../../arm-none-eabi/lib/thumb/v7-m/nofp\libc.a(lib_a-memchr-stub.o)
                0x0000000008009b8c                memchr
 .text.memcpy   0x0000000008009ba8       0x1c d:/bigprogram/stm32 ide/stm32cubeide_1.10.1/stm32cubeide/plugins/com.st.stm32cube.ide.mcu.externaltools.gnu-tools-for-stm32.10.3-2021.10.win32_1.0.100.202210260954/tools/bin/../lib/gcc/arm-none-eabi/10.3.1/../../../../arm-none-eabi/lib/thumb/v7-m/nofp\libc.a(lib_a-memcpy-stub.o)
                0x0000000008009ba8                memcpy
 .text.__malloc_lock
                0x0000000008009bc4        0xc d:/bigprogram/stm32 ide/stm32cubeide_1.10.1/stm32cubeide/plugins/com.st.stm32cube.ide.mcu.externaltools.gnu-tools-for-stm32.10.3-2021.10.win32_1.0.100.202210260954/tools/bin/../lib/gcc/arm-none-eabi/10.3.1/../../../../arm-none-eabi/lib/thumb/v7-m/nofp\libc.a(lib_a-mlock.o)
                0x0000000008009bc4                __malloc_lock
 .text.__malloc_unlock
                0x0000000008009bd0        0xc d:/bigprogram/stm32 ide/stm32cubeide_1.10.1/stm32cubeide/plugins/com.st.stm32cube.ide.mcu.externaltools.gnu-tools-for-stm32.10.3-2021.10.win32_1.0.100.202210260954/tools/bin/../lib/gcc/arm-none-eabi/10.3.1/../../../../arm-none-eabi/lib/thumb/v7-m/nofp\libc.a(lib_a-mlock.o)
                0x0000000008009bd0                __malloc_unlock
 .text._Balloc  0x0000000008009bdc       0x4a d:/bigprogram/stm32 ide/stm32cubeide_1.10.1/stm32cubeide/plugins/com.st.stm32cube.ide.mcu.externaltools.gnu-tools-for-stm32.10.3-2021.10.win32_1.0.100.202210260954/tools/bin/../lib/gcc/arm-none-eabi/10.3.1/../../../../arm-none-eabi/lib/thumb/v7-m/nofp\libc.a(lib_a-mprec.o)
                0x0000000008009bdc                _Balloc
 .text._Bfree   0x0000000008009c26       0x12 d:/bigprogram/stm32 ide/stm32cubeide_1.10.1/stm32cubeide/plugins/com.st.stm32cube.ide.mcu.externaltools.gnu-tools-for-stm32.10.3-2021.10.win32_1.0.100.202210260954/tools/bin/../lib/gcc/arm-none-eabi/10.3.1/../../../../arm-none-eabi/lib/thumb/v7-m/nofp\libc.a(lib_a-mprec.o)
                0x0000000008009c26                _Bfree
 .text.__multadd
                0x0000000008009c38       0x8c d:/bigprogram/stm32 ide/stm32cubeide_1.10.1/stm32cubeide/plugins/com.st.stm32cube.ide.mcu.externaltools.gnu-tools-for-stm32.10.3-2021.10.win32_1.0.100.202210260954/tools/bin/../lib/gcc/arm-none-eabi/10.3.1/../../../../arm-none-eabi/lib/thumb/v7-m/nofp\libc.a(lib_a-mprec.o)
                0x0000000008009c38                __multadd
 .text.__hi0bits
                0x0000000008009cc4       0x40 d:/bigprogram/stm32 ide/stm32cubeide_1.10.1/stm32cubeide/plugins/com.st.stm32cube.ide.mcu.externaltools.gnu-tools-for-stm32.10.3-2021.10.win32_1.0.100.202210260954/tools/bin/../lib/gcc/arm-none-eabi/10.3.1/../../../../arm-none-eabi/lib/thumb/v7-m/nofp\libc.a(lib_a-mprec.o)
                0x0000000008009cc4                __hi0bits
 .text.__lo0bits
                0x0000000008009d04       0x5a d:/bigprogram/stm32 ide/stm32cubeide_1.10.1/stm32cubeide/plugins/com.st.stm32cube.ide.mcu.externaltools.gnu-tools-for-stm32.10.3-2021.10.win32_1.0.100.202210260954/tools/bin/../lib/gcc/arm-none-eabi/10.3.1/../../../../arm-none-eabi/lib/thumb/v7-m/nofp\libc.a(lib_a-mprec.o)
                0x0000000008009d04                __lo0bits
 *fill*         0x0000000008009d5e        0x2 
 .text.__i2b    0x0000000008009d60       0x2c d:/bigprogram/stm32 ide/stm32cubeide_1.10.1/stm32cubeide/plugins/com.st.stm32cube.ide.mcu.externaltools.gnu-tools-for-stm32.10.3-2021.10.win32_1.0.100.202210260954/tools/bin/../lib/gcc/arm-none-eabi/10.3.1/../../../../arm-none-eabi/lib/thumb/v7-m/nofp\libc.a(lib_a-mprec.o)
                0x0000000008009d60                __i2b
 .text.__multiply
                0x0000000008009d8c      0x150 d:/bigprogram/stm32 ide/stm32cubeide_1.10.1/stm32cubeide/plugins/com.st.stm32cube.ide.mcu.externaltools.gnu-tools-for-stm32.10.3-2021.10.win32_1.0.100.202210260954/tools/bin/../lib/gcc/arm-none-eabi/10.3.1/../../../../arm-none-eabi/lib/thumb/v7-m/nofp\libc.a(lib_a-mprec.o)
                0x0000000008009d8c                __multiply
 .text.__pow5mult
                0x0000000008009edc       0x80 d:/bigprogram/stm32 ide/stm32cubeide_1.10.1/stm32cubeide/plugins/com.st.stm32cube.ide.mcu.externaltools.gnu-tools-for-stm32.10.3-2021.10.win32_1.0.100.202210260954/tools/bin/../lib/gcc/arm-none-eabi/10.3.1/../../../../arm-none-eabi/lib/thumb/v7-m/nofp\libc.a(lib_a-mprec.o)
                0x0000000008009edc                __pow5mult
 .text.__lshift
                0x0000000008009f5c       0xe0 d:/bigprogram/stm32 ide/stm32cubeide_1.10.1/stm32cubeide/plugins/com.st.stm32cube.ide.mcu.externaltools.gnu-tools-for-stm32.10.3-2021.10.win32_1.0.100.202210260954/tools/bin/../lib/gcc/arm-none-eabi/10.3.1/../../../../arm-none-eabi/lib/thumb/v7-m/nofp\libc.a(lib_a-mprec.o)
                0x0000000008009f5c                __lshift
 .text.__mcmp   0x000000000800a03c       0x36 d:/bigprogram/stm32 ide/stm32cubeide_1.10.1/stm32cubeide/plugins/com.st.stm32cube.ide.mcu.externaltools.gnu-tools-for-stm32.10.3-2021.10.win32_1.0.100.202210260954/tools/bin/../lib/gcc/arm-none-eabi/10.3.1/../../../../arm-none-eabi/lib/thumb/v7-m/nofp\libc.a(lib_a-mprec.o)
                0x000000000800a03c                __mcmp
 *fill*         0x000000000800a072        0x2 
 .text.__mdiff  0x000000000800a074      0x118 d:/bigprogram/stm32 ide/stm32cubeide_1.10.1/stm32cubeide/plugins/com.st.stm32cube.ide.mcu.externaltools.gnu-tools-for-stm32.10.3-2021.10.win32_1.0.100.202210260954/tools/bin/../lib/gcc/arm-none-eabi/10.3.1/../../../../arm-none-eabi/lib/thumb/v7-m/nofp\libc.a(lib_a-mprec.o)
                0x000000000800a074                __mdiff
 .text.__d2b    0x000000000800a18c       0xb8 d:/bigprogram/stm32 ide/stm32cubeide_1.10.1/stm32cubeide/plugins/com.st.stm32cube.ide.mcu.externaltools.gnu-tools-for-stm32.10.3-2021.10.win32_1.0.100.202210260954/tools/bin/../lib/gcc/arm-none-eabi/10.3.1/../../../../arm-none-eabi/lib/thumb/v7-m/nofp\libc.a(lib_a-mprec.o)
                0x000000000800a18c                __d2b
 .text.frexp    0x000000000800a244       0x68 d:/bigprogram/stm32 ide/stm32cubeide_1.10.1/stm32cubeide/plugins/com.st.stm32cube.ide.mcu.externaltools.gnu-tools-for-stm32.10.3-2021.10.win32_1.0.100.202210260954/tools/bin/../lib/gcc/arm-none-eabi/10.3.1/../../../../arm-none-eabi/lib/thumb/v7-m/nofp\libc.a(lib_a-s_frexp.o)
                0x000000000800a244                frexp
 .text._sbrk_r  0x000000000800a2ac       0x20 d:/bigprogram/stm32 ide/stm32cubeide_1.10.1/stm32cubeide/plugins/com.st.stm32cube.ide.mcu.externaltools.gnu-tools-for-stm32.10.3-2021.10.win32_1.0.100.202210260954/tools/bin/../lib/gcc/arm-none-eabi/10.3.1/../../../../arm-none-eabi/lib/thumb/v7-m/nofp\libc.a(lib_a-sbrkr.o)
                0x000000000800a2ac                _sbrk_r
 .text.__sread  0x000000000800a2cc       0x22 d:/bigprogram/stm32 ide/stm32cubeide_1.10.1/stm32cubeide/plugins/com.st.stm32cube.ide.mcu.externaltools.gnu-tools-for-stm32.10.3-2021.10.win32_1.0.100.202210260954/tools/bin/../lib/gcc/arm-none-eabi/10.3.1/../../../../arm-none-eabi/lib/thumb/v7-m/nofp\libc.a(lib_a-stdio.o)
                0x000000000800a2cc                __sread
 .text.__swrite
                0x000000000800a2ee       0x38 d:/bigprogram/stm32 ide/stm32cubeide_1.10.1/stm32cubeide/plugins/com.st.stm32cube.ide.mcu.externaltools.gnu-tools-for-stm32.10.3-2021.10.win32_1.0.100.202210260954/tools/bin/../lib/gcc/arm-none-eabi/10.3.1/../../../../arm-none-eabi/lib/thumb/v7-m/nofp\libc.a(lib_a-stdio.o)
                0x000000000800a2ee                __swrite
 .text.__sseek  0x000000000800a326       0x24 d:/bigprogram/stm32 ide/stm32cubeide_1.10.1/stm32cubeide/plugins/com.st.stm32cube.ide.mcu.externaltools.gnu-tools-for-stm32.10.3-2021.10.win32_1.0.100.202210260954/tools/bin/../lib/gcc/arm-none-eabi/10.3.1/../../../../arm-none-eabi/lib/thumb/v7-m/nofp\libc.a(lib_a-stdio.o)
                0x000000000800a326                __sseek
 .text.__sclose
                0x000000000800a34a        0x8 d:/bigprogram/stm32 ide/stm32cubeide_1.10.1/stm32cubeide/plugins/com.st.stm32cube.ide.mcu.externaltools.gnu-tools-for-stm32.10.3-2021.10.win32_1.0.100.202210260954/tools/bin/../lib/gcc/arm-none-eabi/10.3.1/../../../../arm-none-eabi/lib/thumb/v7-m/nofp\libc.a(lib_a-stdio.o)
                0x000000000800a34a                __sclose
 .text.strncpy  0x000000000800a352       0x26 d:/bigprogram/stm32 ide/stm32cubeide_1.10.1/stm32cubeide/plugins/com.st.stm32cube.ide.mcu.externaltools.gnu-tools-for-stm32.10.3-2021.10.win32_1.0.100.202210260954/tools/bin/../lib/gcc/arm-none-eabi/10.3.1/../../../../arm-none-eabi/lib/thumb/v7-m/nofp\libc.a(lib_a-strncpy.o)
                0x000000000800a352                strncpy
 .text._svfprintf_r
                0x000000000800a378     0x13a8 d:/bigprogram/stm32 ide/stm32cubeide_1.10.1/stm32cubeide/plugins/com.st.stm32cube.ide.mcu.externaltools.gnu-tools-for-stm32.10.3-2021.10.win32_1.0.100.202210260954/tools/bin/../lib/gcc/arm-none-eabi/10.3.1/../../../../arm-none-eabi/lib/thumb/v7-m/nofp\libc.a(lib_a-svfprintf.o)
                0x000000000800a378                _svfprintf_r
 .text.sysconf  0x000000000800b720       0x1a d:/bigprogram/stm32 ide/stm32cubeide_1.10.1/stm32cubeide/plugins/com.st.stm32cube.ide.mcu.externaltools.gnu-tools-for-stm32.10.3-2021.10.win32_1.0.100.202210260954/tools/bin/../lib/gcc/arm-none-eabi/10.3.1/../../../../arm-none-eabi/lib/thumb/v7-m/nofp\libc.a(lib_a-sysconf.o)
                0x000000000800b720                sysconf
 .text.__sprint_r
                0x000000000800b73a       0x64 d:/bigprogram/stm32 ide/stm32cubeide_1.10.1/stm32cubeide/plugins/com.st.stm32cube.ide.mcu.externaltools.gnu-tools-for-stm32.10.3-2021.10.win32_1.0.100.202210260954/tools/bin/../lib/gcc/arm-none-eabi/10.3.1/../../../../arm-none-eabi/lib/thumb/v7-m/nofp\libc.a(lib_a-vfiprintf.o)
                0x000000000800b73a                __sprint_r
 *fill*         0x000000000800b79e        0x2 
 .text._vfiprintf_r
                0x000000000800b7a0      0x91c d:/bigprogram/stm32 ide/stm32cubeide_1.10.1/stm32cubeide/plugins/com.st.stm32cube.ide.mcu.externaltools.gnu-tools-for-stm32.10.3-2021.10.win32_1.0.100.202210260954/tools/bin/../lib/gcc/arm-none-eabi/10.3.1/../../../../arm-none-eabi/lib/thumb/v7-m/nofp\libc.a(lib_a-vfiprintf.o)
                0x000000000800b7a0                _vfiprintf_r
 .text.__sbprintf
                0x000000000800c0bc       0x80 d:/bigprogram/stm32 ide/stm32cubeide_1.10.1/stm32cubeide/plugins/com.st.stm32cube.ide.mcu.externaltools.gnu-tools-for-stm32.10.3-2021.10.win32_1.0.100.202210260954/tools/bin/../lib/gcc/arm-none-eabi/10.3.1/../../../../arm-none-eabi/lib/thumb/v7-m/nofp\libc.a(lib_a-vfiprintf.o)
 .text._write_r
                0x000000000800c13c       0x24 d:/bigprogram/stm32 ide/stm32cubeide_1.10.1/stm32cubeide/plugins/com.st.stm32cube.ide.mcu.externaltools.gnu-tools-for-stm32.10.3-2021.10.win32_1.0.100.202210260954/tools/bin/../lib/gcc/arm-none-eabi/10.3.1/../../../../arm-none-eabi/lib/thumb/v7-m/nofp\libc.a(lib_a-writer.o)
                0x000000000800c13c                _write_r
 .text.__register_exitproc
                0x000000000800c160       0x84 d:/bigprogram/stm32 ide/stm32cubeide_1.10.1/stm32cubeide/plugins/com.st.stm32cube.ide.mcu.externaltools.gnu-tools-for-stm32.10.3-2021.10.win32_1.0.100.202210260954/tools/bin/../lib/gcc/arm-none-eabi/10.3.1/../../../../arm-none-eabi/lib/thumb/v7-m/nofp\libc.a(lib_a-__atexit.o)
                0x000000000800c160                __register_exitproc
 .text.__assert_func
                0x000000000800c1e4       0x3c d:/bigprogram/stm32 ide/stm32cubeide_1.10.1/stm32cubeide/plugins/com.st.stm32cube.ide.mcu.externaltools.gnu-tools-for-stm32.10.3-2021.10.win32_1.0.100.202210260954/tools/bin/../lib/gcc/arm-none-eabi/10.3.1/../../../../arm-none-eabi/lib/thumb/v7-m/nofp\libc.a(lib_a-assert.o)
                0x000000000800c1e4                __assert_func
 .text._calloc_r
                0x000000000800c220       0x6a d:/bigprogram/stm32 ide/stm32cubeide_1.10.1/stm32cubeide/plugins/com.st.stm32cube.ide.mcu.externaltools.gnu-tools-for-stm32.10.3-2021.10.win32_1.0.100.202210260954/tools/bin/../lib/gcc/arm-none-eabi/10.3.1/../../../../arm-none-eabi/lib/thumb/v7-m/nofp\libc.a(lib_a-callocr.o)
                0x000000000800c220                _calloc_r
 *fill*         0x000000000800c28a        0x2 
 .text._close_r
                0x000000000800c28c       0x20 d:/bigprogram/stm32 ide/stm32cubeide_1.10.1/stm32cubeide/plugins/com.st.stm32cube.ide.mcu.externaltools.gnu-tools-for-stm32.10.3-2021.10.win32_1.0.100.202210260954/tools/bin/../lib/gcc/arm-none-eabi/10.3.1/../../../../arm-none-eabi/lib/thumb/v7-m/nofp\libc.a(lib_a-closer.o)
                0x000000000800c28c                _close_r
 .text._fclose_r
                0x000000000800c2ac       0xae d:/bigprogram/stm32 ide/stm32cubeide_1.10.1/stm32cubeide/plugins/com.st.stm32cube.ide.mcu.externaltools.gnu-tools-for-stm32.10.3-2021.10.win32_1.0.100.202210260954/tools/bin/../lib/gcc/arm-none-eabi/10.3.1/../../../../arm-none-eabi/lib/thumb/v7-m/nofp\libc.a(lib_a-fclose.o)
                0x000000000800c2ac                _fclose_r
 *fill*         0x000000000800c35a        0x2 
 .text.fiprintf
                0x000000000800c35c       0x24 d:/bigprogram/stm32 ide/stm32cubeide_1.10.1/stm32cubeide/plugins/com.st.stm32cube.ide.mcu.externaltools.gnu-tools-for-stm32.10.3-2021.10.win32_1.0.100.202210260954/tools/bin/../lib/gcc/arm-none-eabi/10.3.1/../../../../arm-none-eabi/lib/thumb/v7-m/nofp\libc.a(lib_a-fiprintf.o)
                0x000000000800c35c                fiprintf
 .text.__fputwc
                0x000000000800c380       0x82 d:/bigprogram/stm32 ide/stm32cubeide_1.10.1/stm32cubeide/plugins/com.st.stm32cube.ide.mcu.externaltools.gnu-tools-for-stm32.10.3-2021.10.win32_1.0.100.202210260954/tools/bin/../lib/gcc/arm-none-eabi/10.3.1/../../../../arm-none-eabi/lib/thumb/v7-m/nofp\libc.a(lib_a-fputwc.o)
                0x000000000800c380                __fputwc
 .text._fputwc_r
                0x000000000800c402       0x52 d:/bigprogram/stm32 ide/stm32cubeide_1.10.1/stm32cubeide/plugins/com.st.stm32cube.ide.mcu.externaltools.gnu-tools-for-stm32.10.3-2021.10.win32_1.0.100.202210260954/tools/bin/../lib/gcc/arm-none-eabi/10.3.1/../../../../arm-none-eabi/lib/thumb/v7-m/nofp\libc.a(lib_a-fputwc.o)
                0x000000000800c402                _fputwc_r
 .text._fstat_r
                0x000000000800c454       0x24 d:/bigprogram/stm32 ide/stm32cubeide_1.10.1/stm32cubeide/plugins/com.st.stm32cube.ide.mcu.externaltools.gnu-tools-for-stm32.10.3-2021.10.win32_1.0.100.202210260954/tools/bin/../lib/gcc/arm-none-eabi/10.3.1/../../../../arm-none-eabi/lib/thumb/v7-m/nofp\libc.a(lib_a-fstatr.o)
                0x000000000800c454                _fstat_r
 .text.__sfvwrite_r
                0x000000000800c478      0x290 d:/bigprogram/stm32 ide/stm32cubeide_1.10.1/stm32cubeide/plugins/com.st.stm32cube.ide.mcu.externaltools.gnu-tools-for-stm32.10.3-2021.10.win32_1.0.100.202210260954/tools/bin/../lib/gcc/arm-none-eabi/10.3.1/../../../../arm-none-eabi/lib/thumb/v7-m/nofp\libc.a(lib_a-fvwrite.o)
                0x000000000800c478                __sfvwrite_r
 .text._isatty_r
                0x000000000800c708       0x20 d:/bigprogram/stm32 ide/stm32cubeide_1.10.1/stm32cubeide/plugins/com.st.stm32cube.ide.mcu.externaltools.gnu-tools-for-stm32.10.3-2021.10.win32_1.0.100.202210260954/tools/bin/../lib/gcc/arm-none-eabi/10.3.1/../../../../arm-none-eabi/lib/thumb/v7-m/nofp\libc.a(lib_a-isattyr.o)
                0x000000000800c708                _isatty_r
 .text.__locale_mb_cur_max
                0x000000000800c728        0xc d:/bigprogram/stm32 ide/stm32cubeide_1.10.1/stm32cubeide/plugins/com.st.stm32cube.ide.mcu.externaltools.gnu-tools-for-stm32.10.3-2021.10.win32_1.0.100.202210260954/tools/bin/../lib/gcc/arm-none-eabi/10.3.1/../../../../arm-none-eabi/lib/thumb/v7-m/nofp\libc.a(lib_a-locale.o)
                0x000000000800c728                __locale_mb_cur_max
 .text._lseek_r
                0x000000000800c734       0x24 d:/bigprogram/stm32 ide/stm32cubeide_1.10.1/stm32cubeide/plugins/com.st.stm32cube.ide.mcu.externaltools.gnu-tools-for-stm32.10.3-2021.10.win32_1.0.100.202210260954/tools/bin/../lib/gcc/arm-none-eabi/10.3.1/../../../../arm-none-eabi/lib/thumb/v7-m/nofp\libc.a(lib_a-lseekr.o)
                0x000000000800c734                _lseek_r
 .text.__ascii_mbtowc
                0x000000000800c758       0x24 d:/bigprogram/stm32 ide/stm32cubeide_1.10.1/stm32cubeide/plugins/com.st.stm32cube.ide.mcu.externaltools.gnu-tools-for-stm32.10.3-2021.10.win32_1.0.100.202210260954/tools/bin/../lib/gcc/arm-none-eabi/10.3.1/../../../../arm-none-eabi/lib/thumb/v7-m/nofp\libc.a(lib_a-mbtowc_r.o)
                0x000000000800c758                __ascii_mbtowc
 .text.memmove  0x000000000800c77c       0x34 d:/bigprogram/stm32 ide/stm32cubeide_1.10.1/stm32cubeide/plugins/com.st.stm32cube.ide.mcu.externaltools.gnu-tools-for-stm32.10.3-2021.10.win32_1.0.100.202210260954/tools/bin/../lib/gcc/arm-none-eabi/10.3.1/../../../../arm-none-eabi/lib/thumb/v7-m/nofp\libc.a(lib_a-memmove.o)
                0x000000000800c77c                memmove
 .text._read_r  0x000000000800c7b0       0x24 d:/bigprogram/stm32 ide/stm32cubeide_1.10.1/stm32cubeide/plugins/com.st.stm32cube.ide.mcu.externaltools.gnu-tools-for-stm32.10.3-2021.10.win32_1.0.100.202210260954/tools/bin/../lib/gcc/arm-none-eabi/10.3.1/../../../../arm-none-eabi/lib/thumb/v7-m/nofp\libc.a(lib_a-readr.o)
                0x000000000800c7b0                _read_r
 .text._realloc_r
                0x000000000800c7d4      0x350 d:/bigprogram/stm32 ide/stm32cubeide_1.10.1/stm32cubeide/plugins/com.st.stm32cube.ide.mcu.externaltools.gnu-tools-for-stm32.10.3-2021.10.win32_1.0.100.202210260954/tools/bin/../lib/gcc/arm-none-eabi/10.3.1/../../../../arm-none-eabi/lib/thumb/v7-m/nofp\libc.a(lib_a-reallocr.o)
                0x000000000800c7d4                _realloc_r
 .text.__ssprint_r
                0x000000000800cb24       0xf6 d:/bigprogram/stm32 ide/stm32cubeide_1.10.1/stm32cubeide/plugins/com.st.stm32cube.ide.mcu.externaltools.gnu-tools-for-stm32.10.3-2021.10.win32_1.0.100.202210260954/tools/bin/../lib/gcc/arm-none-eabi/10.3.1/../../../../arm-none-eabi/lib/thumb/v7-m/nofp\libc.a(lib_a-svfiprintf.o)
                0x000000000800cb24                __ssprint_r
 .text.__swbuf_r
                0x000000000800cc1a       0x92 d:/bigprogram/stm32 ide/stm32cubeide_1.10.1/stm32cubeide/plugins/com.st.stm32cube.ide.mcu.externaltools.gnu-tools-for-stm32.10.3-2021.10.win32_1.0.100.202210260954/tools/bin/../lib/gcc/arm-none-eabi/10.3.1/../../../../arm-none-eabi/lib/thumb/v7-m/nofp\libc.a(lib_a-wbuf.o)
                0x000000000800cc1a                __swbuf_r
 .text._wcrtomb_r
                0x000000000800ccac       0x2c d:/bigprogram/stm32 ide/stm32cubeide_1.10.1/stm32cubeide/plugins/com.st.stm32cube.ide.mcu.externaltools.gnu-tools-for-stm32.10.3-2021.10.win32_1.0.100.202210260954/tools/bin/../lib/gcc/arm-none-eabi/10.3.1/../../../../arm-none-eabi/lib/thumb/v7-m/nofp\libc.a(lib_a-wcrtomb.o)
                0x000000000800ccac                _wcrtomb_r
 .text.__ascii_wctomb
                0x000000000800ccd8       0x1a d:/bigprogram/stm32 ide/stm32cubeide_1.10.1/stm32cubeide/plugins/com.st.stm32cube.ide.mcu.externaltools.gnu-tools-for-stm32.10.3-2021.10.win32_1.0.100.202210260954/tools/bin/../lib/gcc/arm-none-eabi/10.3.1/../../../../arm-none-eabi/lib/thumb/v7-m/nofp\libc.a(lib_a-wctomb_r.o)
                0x000000000800ccd8                __ascii_wctomb
 .text.abort    0x000000000800ccf2        0xe d:/bigprogram/stm32 ide/stm32cubeide_1.10.1/stm32cubeide/plugins/com.st.stm32cube.ide.mcu.externaltools.gnu-tools-for-stm32.10.3-2021.10.win32_1.0.100.202210260954/tools/bin/../lib/gcc/arm-none-eabi/10.3.1/../../../../arm-none-eabi/lib/thumb/v7-m/nofp\libc.a(lib_a-abort.o)
                0x000000000800ccf2                abort
 .text._raise_r
                0x000000000800cd00       0x52 d:/bigprogram/stm32 ide/stm32cubeide_1.10.1/stm32cubeide/plugins/com.st.stm32cube.ide.mcu.externaltools.gnu-tools-for-stm32.10.3-2021.10.win32_1.0.100.202210260954/tools/bin/../lib/gcc/arm-none-eabi/10.3.1/../../../../arm-none-eabi/lib/thumb/v7-m/nofp\libc.a(lib_a-signal.o)
                0x000000000800cd00                _raise_r
 *fill*         0x000000000800cd52        0x2 
 .text.raise    0x000000000800cd54       0x10 d:/bigprogram/stm32 ide/stm32cubeide_1.10.1/stm32cubeide/plugins/com.st.stm32cube.ide.mcu.externaltools.gnu-tools-for-stm32.10.3-2021.10.win32_1.0.100.202210260954/tools/bin/../lib/gcc/arm-none-eabi/10.3.1/../../../../arm-none-eabi/lib/thumb/v7-m/nofp\libc.a(lib_a-signal.o)
                0x000000000800cd54                raise
 .text._kill_r  0x000000000800cd64       0x24 d:/bigprogram/stm32 ide/stm32cubeide_1.10.1/stm32cubeide/plugins/com.st.stm32cube.ide.mcu.externaltools.gnu-tools-for-stm32.10.3-2021.10.win32_1.0.100.202210260954/tools/bin/../lib/gcc/arm-none-eabi/10.3.1/../../../../arm-none-eabi/lib/thumb/v7-m/nofp\libc.a(lib_a-signalr.o)
                0x000000000800cd64                _kill_r
 .text._getpid_r
                0x000000000800cd88        0x4 d:/bigprogram/stm32 ide/stm32cubeide_1.10.1/stm32cubeide/plugins/com.st.stm32cube.ide.mcu.externaltools.gnu-tools-for-stm32.10.3-2021.10.win32_1.0.100.202210260954/tools/bin/../lib/gcc/arm-none-eabi/10.3.1/../../../../arm-none-eabi/lib/thumb/v7-m/nofp\libc.a(lib_a-signalr.o)
                0x000000000800cd88                _getpid_r
 *(.glue_7)
 .glue_7        0x000000000800cd8c        0x0 linker stubs
 *(.glue_7t)
 .glue_7t       0x000000000800cd8c        0x0 linker stubs
 *(.eh_frame)
 .eh_frame      0x000000000800cd8c        0x0 d:/bigprogram/stm32 ide/stm32cubeide_1.10.1/stm32cubeide/plugins/com.st.stm32cube.ide.mcu.externaltools.gnu-tools-for-stm32.10.3-2021.10.win32_1.0.100.202210260954/tools/bin/../lib/gcc/arm-none-eabi/10.3.1/thumb/v7-m/nofp/crtbegin.o
 *(.init)
 .init          0x000000000800cd8c        0x4 d:/bigprogram/stm32 ide/stm32cubeide_1.10.1/stm32cubeide/plugins/com.st.stm32cube.ide.mcu.externaltools.gnu-tools-for-stm32.10.3-2021.10.win32_1.0.100.202210260954/tools/bin/../lib/gcc/arm-none-eabi/10.3.1/thumb/v7-m/nofp/crti.o
                0x000000000800cd8c                _init
 .init          0x000000000800cd90        0x8 d:/bigprogram/stm32 ide/stm32cubeide_1.10.1/stm32cubeide/plugins/com.st.stm32cube.ide.mcu.externaltools.gnu-tools-for-stm32.10.3-2021.10.win32_1.0.100.202210260954/tools/bin/../lib/gcc/arm-none-eabi/10.3.1/thumb/v7-m/nofp/crtn.o
 *(.fini)
 .fini          0x000000000800cd98        0x4 d:/bigprogram/stm32 ide/stm32cubeide_1.10.1/stm32cubeide/plugins/com.st.stm32cube.ide.mcu.externaltools.gnu-tools-for-stm32.10.3-2021.10.win32_1.0.100.202210260954/tools/bin/../lib/gcc/arm-none-eabi/10.3.1/thumb/v7-m/nofp/crti.o
                0x000000000800cd98                _fini
 .fini          0x000000000800cd9c        0x8 d:/bigprogram/stm32 ide/stm32cubeide_1.10.1/stm32cubeide/plugins/com.st.stm32cube.ide.mcu.externaltools.gnu-tools-for-stm32.10.3-2021.10.win32_1.0.100.202210260954/tools/bin/../lib/gcc/arm-none-eabi/10.3.1/thumb/v7-m/nofp/crtn.o
                0x000000000800cda4                . = ALIGN (0x4)
                0x000000000800cda4                _etext = .

.vfp11_veneer   0x000000000800cda4        0x0
 .vfp11_veneer  0x000000000800cda4        0x0 linker stubs

.v4_bx          0x000000000800cda4        0x0
 .v4_bx         0x000000000800cda4        0x0 linker stubs

.iplt           0x000000000800cda4        0x0
 .iplt          0x000000000800cda4        0x0 d:/bigprogram/stm32 ide/stm32cubeide_1.10.1/stm32cubeide/plugins/com.st.stm32cube.ide.mcu.externaltools.gnu-tools-for-stm32.10.3-2021.10.win32_1.0.100.202210260954/tools/bin/../lib/gcc/arm-none-eabi/10.3.1/thumb/v7-m/nofp/crtbegin.o

.rodata         0x000000000800cda8      0x448
                0x000000000800cda8                . = ALIGN (0x4)
 *(.rodata)
 .rodata        0x000000000800cda8       0x42 ./Core/Src/main.o
 *fill*         0x000000000800cdea        0x2 
 .rodata        0x000000000800cdec       0x17 ./Core/Src/motor.o
 *fill*         0x000000000800ce03        0x1 
 .rodata        0x000000000800ce04       0x2f ./Core/Src/pid.o
 *fill*         0x000000000800ce33        0x1 
 .rodata        0x000000000800ce34       0x10 ./Drivers/STM32F1xx_HAL_Driver/Src/stm32f1xx_hal_rcc.o
 *(.rodata*)
 .rodata.AHBPrescTable
                0x000000000800ce44       0x10 ./Core/Src/system_stm32f1xx.o
                0x000000000800ce44                AHBPrescTable
 .rodata.APBPrescTable
                0x000000000800ce54        0x8 ./Core/Src/system_stm32f1xx.o
                0x000000000800ce54                APBPrescTable
 .rodata._global_impure_ptr
                0x000000000800ce5c        0x4 d:/bigprogram/stm32 ide/stm32cubeide_1.10.1/stm32cubeide/plugins/com.st.stm32cube.ide.mcu.externaltools.gnu-tools-for-stm32.10.3-2021.10.win32_1.0.100.202210260954/tools/bin/../lib/gcc/arm-none-eabi/10.3.1/../../../../arm-none-eabi/lib/thumb/v7-m/nofp\libc.a(lib_a-impure.o)
                0x000000000800ce5c                _global_impure_ptr
 .rodata._dtoa_r.str1.1
                0x000000000800ce60       0x7b d:/bigprogram/stm32 ide/stm32cubeide_1.10.1/stm32cubeide/plugins/com.st.stm32cube.ide.mcu.externaltools.gnu-tools-for-stm32.10.3-2021.10.win32_1.0.100.202210260954/tools/bin/../lib/gcc/arm-none-eabi/10.3.1/../../../../arm-none-eabi/lib/thumb/v7-m/nofp\libc.a(lib_a-dtoa.o)
 .rodata.__multadd.str1.1
                0x000000000800cedb       0x5c d:/bigprogram/stm32 ide/stm32cubeide_1.10.1/stm32cubeide/plugins/com.st.stm32cube.ide.mcu.externaltools.gnu-tools-for-stm32.10.3-2021.10.win32_1.0.100.202210260954/tools/bin/../lib/gcc/arm-none-eabi/10.3.1/../../../../arm-none-eabi/lib/thumb/v7-m/nofp\libc.a(lib_a-mprec.o)
                                         0x6d (size before relaxing)
 *fill*         0x000000000800cf37        0x1 
 .rodata.__mprec_bigtens
                0x000000000800cf38       0x28 d:/bigprogram/stm32 ide/stm32cubeide_1.10.1/stm32cubeide/plugins/com.st.stm32cube.ide.mcu.externaltools.gnu-tools-for-stm32.10.3-2021.10.win32_1.0.100.202210260954/tools/bin/../lib/gcc/arm-none-eabi/10.3.1/../../../../arm-none-eabi/lib/thumb/v7-m/nofp\libc.a(lib_a-mprec.o)
                0x000000000800cf38                __mprec_bigtens
 .rodata.__mprec_tens
                0x000000000800cf60       0xc8 d:/bigprogram/stm32 ide/stm32cubeide_1.10.1/stm32cubeide/plugins/com.st.stm32cube.ide.mcu.externaltools.gnu-tools-for-stm32.10.3-2021.10.win32_1.0.100.202210260954/tools/bin/../lib/gcc/arm-none-eabi/10.3.1/../../../../arm-none-eabi/lib/thumb/v7-m/nofp\libc.a(lib_a-mprec.o)
                0x000000000800cf60                __mprec_tens
 .rodata.p05.0  0x000000000800d028        0xc d:/bigprogram/stm32 ide/stm32cubeide_1.10.1/stm32cubeide/plugins/com.st.stm32cube.ide.mcu.externaltools.gnu-tools-for-stm32.10.3-2021.10.win32_1.0.100.202210260954/tools/bin/../lib/gcc/arm-none-eabi/10.3.1/../../../../arm-none-eabi/lib/thumb/v7-m/nofp\libc.a(lib_a-mprec.o)
 .rodata._svfprintf_r.str1.1
                0x000000000800d034       0x32 d:/bigprogram/stm32 ide/stm32cubeide_1.10.1/stm32cubeide/plugins/com.st.stm32cube.ide.mcu.externaltools.gnu-tools-for-stm32.10.3-2021.10.win32_1.0.100.202210260954/tools/bin/../lib/gcc/arm-none-eabi/10.3.1/../../../../arm-none-eabi/lib/thumb/v7-m/nofp\libc.a(lib_a-svfprintf.o)
                                         0x34 (size before relaxing)
 .rodata.blanks.1
                0x000000000800d066       0x10 d:/bigprogram/stm32 ide/stm32cubeide_1.10.1/stm32cubeide/plugins/com.st.stm32cube.ide.mcu.externaltools.gnu-tools-for-stm32.10.3-2021.10.win32_1.0.100.202210260954/tools/bin/../lib/gcc/arm-none-eabi/10.3.1/../../../../arm-none-eabi/lib/thumb/v7-m/nofp\libc.a(lib_a-svfprintf.o)
 .rodata.zeroes.0
                0x000000000800d076       0x10 d:/bigprogram/stm32 ide/stm32cubeide_1.10.1/stm32cubeide/plugins/com.st.stm32cube.ide.mcu.externaltools.gnu-tools-for-stm32.10.3-2021.10.win32_1.0.100.202210260954/tools/bin/../lib/gcc/arm-none-eabi/10.3.1/../../../../arm-none-eabi/lib/thumb/v7-m/nofp\libc.a(lib_a-svfprintf.o)
 .rodata._vfiprintf_r.str1.1
                0x000000000800d086       0x22 d:/bigprogram/stm32 ide/stm32cubeide_1.10.1/stm32cubeide/plugins/com.st.stm32cube.ide.mcu.externaltools.gnu-tools-for-stm32.10.3-2021.10.win32_1.0.100.202210260954/tools/bin/../lib/gcc/arm-none-eabi/10.3.1/../../../../arm-none-eabi/lib/thumb/v7-m/nofp\libc.a(lib_a-vfiprintf.o)
 .rodata.blanks.1
                0x000000000800d086       0x10 d:/bigprogram/stm32 ide/stm32cubeide_1.10.1/stm32cubeide/plugins/com.st.stm32cube.ide.mcu.externaltools.gnu-tools-for-stm32.10.3-2021.10.win32_1.0.100.202210260954/tools/bin/../lib/gcc/arm-none-eabi/10.3.1/../../../../arm-none-eabi/lib/thumb/v7-m/nofp\libc.a(lib_a-vfiprintf.o)
 .rodata.zeroes.0
                0x000000000800d096       0x10 d:/bigprogram/stm32 ide/stm32cubeide_1.10.1/stm32cubeide/plugins/com.st.stm32cube.ide.mcu.externaltools.gnu-tools-for-stm32.10.3-2021.10.win32_1.0.100.202210260954/tools/bin/../lib/gcc/arm-none-eabi/10.3.1/../../../../arm-none-eabi/lib/thumb/v7-m/nofp\libc.a(lib_a-vfiprintf.o)
 .rodata.__assert_func.str1.1
                0x000000000800d0a6       0x3c d:/bigprogram/stm32 ide/stm32cubeide_1.10.1/stm32cubeide/plugins/com.st.stm32cube.ide.mcu.externaltools.gnu-tools-for-stm32.10.3-2021.10.win32_1.0.100.202210260954/tools/bin/../lib/gcc/arm-none-eabi/10.3.1/../../../../arm-none-eabi/lib/thumb/v7-m/nofp\libc.a(lib_a-assert.o)
                                         0x3d (size before relaxing)
 .rodata._setlocale_r.str1.1
                0x000000000800d0e2        0x8 d:/bigprogram/stm32 ide/stm32cubeide_1.10.1/stm32cubeide/plugins/com.st.stm32cube.ide.mcu.externaltools.gnu-tools-for-stm32.10.3-2021.10.win32_1.0.100.202210260954/tools/bin/../lib/gcc/arm-none-eabi/10.3.1/../../../../arm-none-eabi/lib/thumb/v7-m/nofp\libc.a(lib_a-locale.o)
                                          0x9 (size before relaxing)
 .rodata.str1.1
                0x000000000800d0ea        0x2 d:/bigprogram/stm32 ide/stm32cubeide_1.10.1/stm32cubeide/plugins/com.st.stm32cube.ide.mcu.externaltools.gnu-tools-for-stm32.10.3-2021.10.win32_1.0.100.202210260954/tools/bin/../lib/gcc/arm-none-eabi/10.3.1/../../../../arm-none-eabi/lib/thumb/v7-m/nofp\libc.a(lib_a-locale.o)
 .rodata._ctype_
                0x000000000800d0ec      0x101 d:/bigprogram/stm32 ide/stm32cubeide_1.10.1/stm32cubeide/plugins/com.st.stm32cube.ide.mcu.externaltools.gnu-tools-for-stm32.10.3-2021.10.win32_1.0.100.202210260954/tools/bin/../lib/gcc/arm-none-eabi/10.3.1/../../../../arm-none-eabi/lib/thumb/v7-m/nofp\libc.a(lib_a-ctype_.o)
                0x000000000800d0ec                _ctype_
                0x000000000800d1f0                . = ALIGN (0x4)
 *fill*         0x000000000800d1ed        0x3 

.ARM.extab      0x000000000800d1f0        0x0
                0x000000000800d1f0                . = ALIGN (0x4)
 *(.ARM.extab* .gnu.linkonce.armextab.*)
                0x000000000800d1f0                . = ALIGN (0x4)

.ARM            0x000000000800d1f0        0x8
                0x000000000800d1f0                . = ALIGN (0x4)
                0x000000000800d1f0                __exidx_start = .
 *(.ARM.exidx*)
 .ARM.exidx     0x000000000800d1f0        0x8 d:/bigprogram/stm32 ide/stm32cubeide_1.10.1/stm32cubeide/plugins/com.st.stm32cube.ide.mcu.externaltools.gnu-tools-for-stm32.10.3-2021.10.win32_1.0.100.202210260954/tools/bin/../lib/gcc/arm-none-eabi/10.3.1/thumb/v7-m/nofp\libgcc.a(_udivmoddi4.o)
                0x000000000800d1f8                __exidx_end = .
                0x000000000800d1f8                . = ALIGN (0x4)

.rel.dyn        0x000000000800d1f8        0x0
 .rel.iplt      0x000000000800d1f8        0x0 d:/bigprogram/stm32 ide/stm32cubeide_1.10.1/stm32cubeide/plugins/com.st.stm32cube.ide.mcu.externaltools.gnu-tools-for-stm32.10.3-2021.10.win32_1.0.100.202210260954/tools/bin/../lib/gcc/arm-none-eabi/10.3.1/thumb/v7-m/nofp/crtbegin.o

.preinit_array  0x000000000800d1f8        0x0
                0x000000000800d1f8                . = ALIGN (0x4)
                0x000000000800d1f8                PROVIDE (__preinit_array_start = .)
 *(.preinit_array*)
                0x000000000800d1f8                PROVIDE (__preinit_array_end = .)
                0x000000000800d1f8                . = ALIGN (0x4)

.init_array     0x000000000800d1f8        0x8
                0x000000000800d1f8                . = ALIGN (0x4)
                0x000000000800d1f8                PROVIDE (__init_array_start = .)
 *(SORT_BY_NAME(.init_array.*))
 .init_array.00000
                0x000000000800d1f8        0x4 d:/bigprogram/stm32 ide/stm32cubeide_1.10.1/stm32cubeide/plugins/com.st.stm32cube.ide.mcu.externaltools.gnu-tools-for-stm32.10.3-2021.10.win32_1.0.100.202210260954/tools/bin/../lib/gcc/arm-none-eabi/10.3.1/../../../../arm-none-eabi/lib/thumb/v7-m/nofp\libc.a(lib_a-__call_atexit.o)
 *(.init_array*)