../Core/Src/algorithm.c:25:16:pos_pair	24	static
../Core/Src/algorithm.c:34:10:dis	16	static
../Core/Src/algorithm.c:40:6:check_cross_wall	64	static
../Core/Src/algorithm.c:90:16:get_nearest_transpoint	32	static
../Core/Src/algorithm.c:110:16:get_extension_transpoint	32	static
../Core/Src/algorithm.c:118:6:extend_path	24	static
../Core/Src/algorithm.c:128:6:get_path	48	static
../Core/Src/algorithm.c:151:6:output_path	16	static
../Core/Src/algorithm.c:162:16:get_nearest_point	24	static
../Core/Src/algorithm.c:191:6:store_order	64	static
../Core/Src/algorithm.c:205:16:check_power	40	static
../Core/Src/algorithm.c:225:6:set_pile	8	static
../Core/Src/algorithm.c:251:6:orderInit	8	static
