../Core/Src/jy62.c:25:6:jy62_Init	16	static
../Core/Src/jy62.c:31:6:jy62MessageRecord	24	static
../Core/Src/jy62.c:50:6:SetBaud	16	static
../Core/Src/jy62.c:62:6:SetHorizontal	8	static
../Core/Src/jy62.c:67:6:SetVertical	8	static
../Core/Src/jy62.c:72:6:InitAngle	8	static
../Core/Src/jy62.c:77:6:Calibrate	8	static
../Core/Src/jy62.c:82:6:SleepOrAwake	8	static
../Core/Src/jy62.c:88:7:GetRoll	4	static
../Core/Src/jy62.c:92:7:GetPitch	4	static
../Core/Src/jy62.c:96:7:GetYaw	4	static
../Core/Src/jy62.c:101:7:GetTemperature	4	static
../Core/Src/jy62.c:106:7:GetAccX	4	static
../Core/Src/jy62.c:110:7:GetAccY	4	static
../Core/Src/jy62.c:114:7:GetAccZ	4	static
../Core/Src/jy62.c:119:7:GetVeloX	4	static
../Core/Src/jy62.c:123:7:GetVeloY	4	static
../Core/Src/jy62.c:127:7:GetVeloZ	4	static
../Core/Src/jy62.c:135:6:DecodeAngle	8	static
../Core/Src/jy62.c:143:6:DecodeAccelerate	8	static
../Core/Src/jy62.c:150:6:DecodeVelocity	8	static
../Core/Src/jy62.c:157:6:DecodeTemperature	8	static
../Core/Src/jy62.c:163:6:Decode	8	static
