../Core/Src/zigbee_edc24.c:18:6:HAL_UART_ErrorCallback	16	static
../Core/Src/zigbee_edc24.c:28:6:HAL_UARTEx_RxEventCallback	16	static
../Core/Src/zigbee_edc24.c:36:16:CalculateChecksum	24	static
../Core/Src/zigbee_edc24.c:46:14:change_float_data	24	static
../Core/Src/zigbee_edc24.c:54:6:zigbee_Init	16	static
../Core/Src/zigbee_edc24.c:64:6:zigbeeMessageRecord	24	static
../Core/Src/zigbee_edc24.c:105:9:getGameTime	16	static
../Core/Src/zigbee_edc24.c:112:18:getGameStatus	16	static
../Core/Src/zigbee_edc24.c:126:7:getScore	8	static
../Core/Src/zigbee_edc24.c:131:16:getVehiclePos	16	static
../Core/Src/zigbee_edc24.c:139:9:getRemainDist	16	static
../Core/Src/zigbee_edc24.c:146:9:getOrderNum	4	static
../Core/Src/zigbee_edc24.c:151:13:getOneOrder	48	static
../Core/Src/zigbee_edc24.c:164:13:getLatestPendingOrder	48	static
../Core/Src/zigbee_edc24.c:178:17:getGameStage	16	static
../Core/Src/zigbee_edc24.c:185:15:getOneBarrier	24	static
../Core/Src/zigbee_edc24.c:195:9:getHalfGameDuration	16	static
../Core/Src/zigbee_edc24.c:202:9:getOwnChargingPileNum	4	static
../Core/Src/zigbee_edc24.c:207:9:getOppChargingPileNum	16	static
../Core/Src/zigbee_edc24.c:214:16:getOneOwnPile	24	static
../Core/Src/zigbee_edc24.c:222:16:getOneOppPile	32	static
../Core/Src/zigbee_edc24.c:232:6:reqGameInfo	8	static
../Core/Src/zigbee_edc24.c:237:6:setChargingPile	8	static
../Core/Src/zigbee_edc24.c:242:6:messagePrint	296	static
