../Core/Src/zigbee_edc24.c:16:6:HAL_UART_ErrorCallback	16	static
../Core/Src/zigbee_edc24.c:26:6:HAL_UARTEx_RxEventCallback	16	static
../Core/Src/zigbee_edc24.c:34:16:CalculateChecksum	24	static
../Core/Src/zigbee_edc24.c:44:14:change_float_data	24	static
../Core/Src/zigbee_edc24.c:52:6:zigbee_Init	16	static
../Core/Src/zigbee_edc24.c:62:6:zigbeeMessageRecord	24	static
../Core/Src/zigbee_edc24.c:103:9:getGameTime	16	static
../Core/Src/zigbee_edc24.c:110:18:getGameStatus	16	static
../Core/Src/zigbee_edc24.c:124:7:getScore	8	static
../Core/Src/zigbee_edc24.c:129:16:getVehiclePos	16	static
../Core/Src/zigbee_edc24.c:137:9:getRemainDist	16	static
../Core/Src/zigbee_edc24.c:144:9:getOrderNum	4	static
../Core/Src/zigbee_edc24.c:149:13:getOneOrder	48	static
../Core/Src/zigbee_edc24.c:162:13:getLatestPendingOrder	48	static
../Core/Src/zigbee_edc24.c:176:17:getGameStage	16	static
../Core/Src/zigbee_edc24.c:183:15:getOneBarrier	24	static
../Core/Src/zigbee_edc24.c:193:9:getHalfGameDuration	16	static
../Core/Src/zigbee_edc24.c:200:9:getOwnChargingPileNum	4	static
../Core/Src/zigbee_edc24.c:205:9:getOppChargingPileNum	16	static
../Core/Src/zigbee_edc24.c:212:16:getOneOwnPile	24	static
../Core/Src/zigbee_edc24.c:220:16:getOneOppPile	32	static
../Core/Src/zigbee_edc24.c:230:6:reqGameInfo	8	static
../Core/Src/zigbee_edc24.c:235:6:setChargingPile	8	static
